ARM GAS  D:\software\msy64\tmp\ccttMfQW.s 			page 1


   1              		.cpu cortex-m4
   2              		.arch armv7e-m
   3              		.fpu fpv4-sp-d16
   4              		.eabi_attribute 27, 1
   5              		.eabi_attribute 28, 1
   6              		.eabi_attribute 20, 1
   7              		.eabi_attribute 21, 1
   8              		.eabi_attribute 23, 3
   9              		.eabi_attribute 24, 1
  10              		.eabi_attribute 25, 1
  11              		.eabi_attribute 26, 1
  12              		.eabi_attribute 30, 1
  13              		.eabi_attribute 34, 1
  14              		.eabi_attribute 18, 4
  15              		.file	"data_cal.c"
  16              		.text
  17              	.Ltext0:
  18              		.cfi_sections	.debug_frame
  19              		.file 1 "Core/Src/data_cal.c"
  20              		.section	.text.getCrc8,"ax",%progbits
  21              		.align	1
  22              		.global	getCrc8
  23              		.syntax unified
  24              		.thumb
  25              		.thumb_func
  27              	getCrc8:
  28              	.LVL0:
  29              	.LFB139:
   1:Core/Src/data_cal.c ****    #include "data_cal.h"
   2:Core/Src/data_cal.c **** #include "math.h"
   3:Core/Src/data_cal.c **** #include "motor.h"
   4:Core/Src/data_cal.c **** #include <stdio.h>
   5:Core/Src/data_cal.c **** #include <string.h>
   6:Core/Src/data_cal.c **** 
   7:Core/Src/data_cal.c **** 
   8:Core/Src/data_cal.c **** float AngleSet[7]={0};
   9:Core/Src/data_cal.c **** 
  10:Core/Src/data_cal.c **** /*
  11:Core/Src/data_cal.c **** 
  12:Core/Src/data_cal.c **** ”–¡˘∏ˆ÷·£¨“ª∏ˆº–◊¶£¨12+1=13◊÷Ω⁄
  13:Core/Src/data_cal.c **** */
  14:Core/Src/data_cal.c **** 
  15:Core/Src/data_cal.c **** 
  16:Core/Src/data_cal.c **** /*--------------------------------∑¢ÀÕ–≠“È-----------------------------------
  17:Core/Src/data_cal.c **** //----------------55 aa size 00 00 00 00 00 crc8 0d 0a----------------------
  18:Core/Src/data_cal.c **** //----------------55 aa size 00 00 00 00 00 0d 0a----------------------
  19:Core/Src/data_cal.c **** // ˝æ›Õ∑55aa +  ˝æ›◊÷Ω⁄ ˝size +  ˝æ›£®¿˚”√π≤”√ÃÂ£© + –£—Ècrc8 +  ˝æ›Œ≤0d0a
  20:Core/Src/data_cal.c **** //◊¢“‚£∫’‚¿Ô ˝æ›÷–‘§¡Ù¡À“ª∏ˆ◊÷Ω⁄µƒøÿ÷∆Œª£¨∆‰À˚µƒø…“‘◊‘––¿©’π£¨∏¸∏ƒsize∫Õ ˝æ›
  21:Core/Src/data_cal.c **** --------------------------------------------------------------------------*/
  22:Core/Src/data_cal.c **** 
  23:Core/Src/data_cal.c **** /*--------------------------------Ω” ’–≠“È-----------------------------------
  24:Core/Src/data_cal.c **** //----------------55 aa size 00 00 00 00 00 00 00 crc8 0d 0a----------------
  25:Core/Src/data_cal.c **** // ˝æ›Õ∑55aa +  ˝æ›◊÷Ω⁄ ˝size +  ˝æ›£®¿˚”√π≤”√ÃÂ£© + –£—Ècrc8 +  ˝æ›Œ≤0d0a
  26:Core/Src/data_cal.c **** //◊¢“‚£∫’‚¿Ô ˝æ›÷–‘§¡Ù¡À“ª∏ˆ◊÷Ω⁄µƒøÿ÷∆Œª£¨∆‰À˚µƒø…“‘◊‘––¿©’π£¨∏¸∏ƒsize∫Õ ˝æ›
  27:Core/Src/data_cal.c **** --------------------------------------------------------------------------*/
  28:Core/Src/data_cal.c **** 
  29:Core/Src/data_cal.c **** 
ARM GAS  D:\software\msy64\tmp\ccttMfQW.s 			page 2


  30:Core/Src/data_cal.c **** /**************************************************************************
  31:Core/Src/data_cal.c **** Õ®–≈µƒ∑¢ÀÕ∫Ø ˝∫ÕΩ” ’∫Ø ˝±ÿ–Îµƒ“ª–©≥£¡ø°¢±‰¡ø°¢π≤”√ÃÂ∂‘œÛ
  32:Core/Src/data_cal.c **** **************************************************************************/
  33:Core/Src/data_cal.c **** 
  34:Core/Src/data_cal.c **** // ˝æ›Ω” ’‘›¥Ê«¯
  35:Core/Src/data_cal.c **** unsigned char  receiveBuff[16] = {0};         
  36:Core/Src/data_cal.c **** //Õ®–≈–≠“È≥£¡ø
  37:Core/Src/data_cal.c **** const unsigned char header[2]  = {0x55, 0xaa};
  38:Core/Src/data_cal.c **** const unsigned char ender[2]   = {0x0d, 0x0a};
  39:Core/Src/data_cal.c **** 
  40:Core/Src/data_cal.c **** 
  41:Core/Src/data_cal.c **** /******************* π”√¡™∫œÃÂø…“‘øÏÀŸµƒ◊™ªª ˝æ›¿‡–Õ***************************/
  42:Core/Src/data_cal.c **** //∑¢ÀÕ ˝æ›£®◊Û¬÷ÀŸ°¢”“¬÷ÀŸ°¢Ω«∂»£©π≤”√ÃÂ£®-32767 - +32768£©
  43:Core/Src/data_cal.c **** union sendData
  44:Core/Src/data_cal.c **** {
  45:Core/Src/data_cal.c **** 	//’‚¿Ô¥´»ÎdŒ™ ˝◊÷
  46:Core/Src/data_cal.c **** 	short d;
  47:Core/Src/data_cal.c **** 	//π≤”√Õ¨“ª∏ˆ÷∏’Î£¨»ª∫Û∞—short◊™ªªŒ™¡À“ª∏ˆu8 µƒ ˝◊È
  48:Core/Src/data_cal.c **** 	unsigned char data[2];
  49:Core/Src/data_cal.c **** }joint11,joint21,joint31,joint41,joint51,joint61;
  50:Core/Src/data_cal.c **** 
  51:Core/Src/data_cal.c **** //◊Û”“¬÷ÀŸøÿ÷∆ÀŸ∂»°¢∂Êª˙π≤”√ÃÂ
  52:Core/Src/data_cal.c **** union receiveData
  53:Core/Src/data_cal.c **** {
  54:Core/Src/data_cal.c **** 	short d;
  55:Core/Src/data_cal.c **** 	unsigned char data[2];
  56:Core/Src/data_cal.c **** }joint1Set,joint2Set,joint3Set,joint4Set,joint5Set,joint6Set;
  57:Core/Src/data_cal.c **** 
  58:Core/Src/data_cal.c **** /**************************************************************************
  59:Core/Src/data_cal.c **** ∫Ø ˝π¶ƒ‹£∫Õ®π˝¥Æø⁄÷–∂œ∑˛ŒÒ∫Ø ˝£¨ªÒ»°…œŒªª˙∑¢ÀÕµƒ◊Û”“¬÷øÿ÷∆ÀŸ∂»°¢∂Êª˙°¢‘§¡Ùøÿ÷∆±Í÷æŒª£¨∑÷±¥Ê»Î≤Œ ˝÷
  60:Core/Src/data_cal.c **** »Îø⁄≤Œ ˝£∫◊Û¬÷¬÷ÀŸøÿ÷∆µÿ÷∑°¢”“¬÷¬÷ÀŸøÿ÷∆µÿ÷∑°¢∂Êª˙◊™œÚΩ«∂»µÿ÷∑°¢‘§¡Ùøÿ÷∆±Í÷æŒª
  61:Core/Src/data_cal.c **** ∑µªÿ  ÷µ£∫ŒﬁÃÿ ‚“‚“Â
  62:Core/Src/data_cal.c **** **************************************************************************/
  63:Core/Src/data_cal.c **** int usartReceiveOneData(u8 *receiveBuff)
  64:Core/Src/data_cal.c **** {
  65:Core/Src/data_cal.c **** 	unsigned char USART_Receiver              = 0;          //Ω” ’ ˝æ›
  66:Core/Src/data_cal.c **** 	static unsigned char checkSum             = 0;					//£ø
  67:Core/Src/data_cal.c **** 	static unsigned char USARTBufferIndex     = 0;					//¥Æø⁄À˜“˝
  68:Core/Src/data_cal.c **** 	static short j=0,k=0;
  69:Core/Src/data_cal.c **** 	static unsigned char USARTReceiverFront   = 0;
  70:Core/Src/data_cal.c **** 	static unsigned char Start_Flag           = START;      //“ª÷° ˝æ›¥´ÀÕø™ º±Í÷æŒª
  71:Core/Src/data_cal.c **** 	static short dataLength                   = 0;
  72:Core/Src/data_cal.c **** 
  73:Core/Src/data_cal.c ****  
  74:Core/Src/data_cal.c **** 	
  75:Core/Src/data_cal.c **** 
  76:Core/Src/data_cal.c **** 	//Ω” ’œ˚œ¢Õ∑
  77:Core/Src/data_cal.c **** 	if(Start_Flag == START)
  78:Core/Src/data_cal.c **** 	{
  79:Core/Src/data_cal.c **** 		if(USART_Receiver == 0xaa)                //buf[1]
  80:Core/Src/data_cal.c **** 		{  
  81:Core/Src/data_cal.c **** 			if(USARTReceiverFront == 0x55)        // ˝æ›Õ∑¡ΩŒª //buf[0]
  82:Core/Src/data_cal.c **** 			{
  83:Core/Src/data_cal.c **** 				Start_Flag = !START;              // ’µΩ ˝æ›Õ∑£¨ø™ ºΩ” ’ ˝æ›
  84:Core/Src/data_cal.c **** 				//printf("header ok\n");
  85:Core/Src/data_cal.c **** 				receiveBuff[0]=header[0];         //buf[0]
  86:Core/Src/data_cal.c **** 				receiveBuff[1]=header[1];         //buf[1]
ARM GAS  D:\software\msy64\tmp\ccttMfQW.s 			page 3


  87:Core/Src/data_cal.c **** 				USARTBufferIndex = 0;             //ª∫≥Â«¯≥ı ºªØ
  88:Core/Src/data_cal.c **** 				checkSum = 0x00;				  //–£—È∫Õ≥ı ºªØ
  89:Core/Src/data_cal.c **** 			}
  90:Core/Src/data_cal.c **** 		}
  91:Core/Src/data_cal.c **** 		else 
  92:Core/Src/data_cal.c **** 		{
  93:Core/Src/data_cal.c **** 			USARTReceiverFront = USART_Receiver;  
  94:Core/Src/data_cal.c **** 		}
  95:Core/Src/data_cal.c **** 	}
  96:Core/Src/data_cal.c **** 	else
  97:Core/Src/data_cal.c ****   { 
  98:Core/Src/data_cal.c **** 		switch(USARTBufferIndex)
  99:Core/Src/data_cal.c **** 		{
 100:Core/Src/data_cal.c **** 			case 0://Ω” ’◊Û”“¬÷ÀŸ∂» ˝æ›µƒ≥§∂»
 101:Core/Src/data_cal.c **** 				receiveBuff[2] = USART_Receiver;
 102:Core/Src/data_cal.c **** 				dataLength     = receiveBuff[2];            //buf[2]
 103:Core/Src/data_cal.c **** 				USARTBufferIndex++;
 104:Core/Src/data_cal.c **** 				break;
 105:Core/Src/data_cal.c **** 			case 1://Ω” ’À˘”– ˝æ›£¨≤¢∏≥÷µ¥¶¿Ì 
 106:Core/Src/data_cal.c **** 				receiveBuff[j + 3] = USART_Receiver;        //buf[3] - buf[9]					
 107:Core/Src/data_cal.c **** 				j++;
 108:Core/Src/data_cal.c **** 				if(j >= dataLength)                         
 109:Core/Src/data_cal.c **** 				{
 110:Core/Src/data_cal.c **** 					j = 0;
 111:Core/Src/data_cal.c **** 					USARTBufferIndex++;
 112:Core/Src/data_cal.c **** 				}
 113:Core/Src/data_cal.c **** 				break;
 114:Core/Src/data_cal.c **** 			case 2://Ω” ’–£—È÷µ–≈œ¢
 115:Core/Src/data_cal.c **** 				receiveBuff[3 + dataLength] = USART_Receiver; //buf[10]
 116:Core/Src/data_cal.c **** 				checkSum = getCrc8(receiveBuff, 3 + dataLength);
 117:Core/Src/data_cal.c **** 				  // ºÏ≤È–≈œ¢–£—È÷µ
 118:Core/Src/data_cal.c **** 				if (checkSum != receiveBuff[3 + dataLength])return 0;
 119:Core/Src/data_cal.c **** 				USARTBufferIndex++;
 120:Core/Src/data_cal.c **** 				break;
 121:Core/Src/data_cal.c **** 				
 122:Core/Src/data_cal.c **** 			case 3://Ω” ’–≈œ¢Œ≤
 123:Core/Src/data_cal.c **** 				if(k==0)
 124:Core/Src/data_cal.c **** 				{
 125:Core/Src/data_cal.c **** 					// ˝æ›0d     buf[11]  Œﬁ–Ë≈–∂œ
 126:Core/Src/data_cal.c **** 					k++;
 127:Core/Src/data_cal.c **** 				}
 128:Core/Src/data_cal.c **** 				else if (k==1)
 129:Core/Src/data_cal.c **** 				{
 130:Core/Src/data_cal.c **** 					// ˝æ›0a     buf[12] Œﬁ–Ë≈–∂œ
 131:Core/Src/data_cal.c **** 
 132:Core/Src/data_cal.c **** 					//Ω¯––Ω«∂»∏≥÷µ≤Ÿ◊˜					
 133:Core/Src/data_cal.c **** 					for(k = 0; k < 2; k++)
 134:Core/Src/data_cal.c **** 					{
 135:Core/Src/data_cal.c **** 						joint1Set.data[k] = receiveBuff[k + 3 ]; 
 136:Core/Src/data_cal.c **** 						joint2Set.data[k] = receiveBuff[k + 5 ]; 
 137:Core/Src/data_cal.c **** 						joint3Set.data[k] = receiveBuff[k + 7 ]; 
 138:Core/Src/data_cal.c **** 						joint4Set.data[k] = receiveBuff[k + 9 ]; 
 139:Core/Src/data_cal.c **** 						joint5Set.data[k] = receiveBuff[k + 11]; 
 140:Core/Src/data_cal.c **** 						joint6Set.data[k] = receiveBuff[k + 13]; 		
 141:Core/Src/data_cal.c **** 						
 142:Core/Src/data_cal.c **** 						
 143:Core/Src/data_cal.c **** 					}				
ARM GAS  D:\software\msy64\tmp\ccttMfQW.s 			page 4


 144:Core/Src/data_cal.c **** 					
 145:Core/Src/data_cal.c **** 
 146:Core/Src/data_cal.c ****    
 147:Core/Src/data_cal.c **** 					AngleSet[0] = ((float)joint1Set.d / 1000.0);
 148:Core/Src/data_cal.c **** 					AngleSet[1] = ((float)joint2Set.d / 1000.0);
 149:Core/Src/data_cal.c **** 					AngleSet[2] = ((float)joint3Set.d / 1000.0);
 150:Core/Src/data_cal.c **** 					AngleSet[3] = ((float)joint4Set.d / 1000.0);
 151:Core/Src/data_cal.c **** 					AngleSet[4] = ((float)joint5Set.d / 1000.0);
 152:Core/Src/data_cal.c **** 					AngleSet[5] = ((float)joint6Set.d / 1000.0);
 153:Core/Src/data_cal.c **** 					AngleSet[6] =  (float)receiveBuff[15]      ;
 154:Core/Src/data_cal.c **** 					//-----------------------------------------------------------------
 155:Core/Src/data_cal.c **** 					//ÕÍ≥…“ª∏ˆ ˝æ›∞¸µƒΩ” ’£¨œ‡πÿ±‰¡ø«Â¡„£¨µ»¥˝œ¬“ª◊÷Ω⁄ ˝æ›
 156:Core/Src/data_cal.c **** 					USARTBufferIndex   = 0;
 157:Core/Src/data_cal.c **** 					USARTReceiverFront = 0;
 158:Core/Src/data_cal.c **** 					Start_Flag         = START;
 159:Core/Src/data_cal.c **** 					checkSum           = 0;
 160:Core/Src/data_cal.c **** 					dataLength         = 0;
 161:Core/Src/data_cal.c **** 					j = 0;
 162:Core/Src/data_cal.c **** 					k = 0;
 163:Core/Src/data_cal.c **** 					//-----------------------------------------------------------------					
 164:Core/Src/data_cal.c **** 				}
 165:Core/Src/data_cal.c **** 				break;
 166:Core/Src/data_cal.c **** 			 default:break;
 167:Core/Src/data_cal.c **** 		}		
 168:Core/Src/data_cal.c **** 	}
 169:Core/Src/data_cal.c **** 	return 0;
 170:Core/Src/data_cal.c **** }
 171:Core/Src/data_cal.c **** /**************************************************************************
 172:Core/Src/data_cal.c **** ∫Ø ˝π¶ƒ‹£∫Ω´◊Û”“¬÷ÀŸ∫ÕΩ«∂» ˝æ›°¢øÿ÷∆–≈∫≈Ω¯––¥Ú∞¸£¨Õ®π˝¥Æø⁄∑¢ÀÕ∏¯Linux
 173:Core/Src/data_cal.c **** »Îø⁄≤Œ ˝£∫ µ ±◊Û¬÷¬÷ÀŸ°¢ µ ±”“¬÷¬÷ÀŸ°¢ µ ±Ω«∂»°¢øÿ÷∆–≈∫≈£®»Áπ˚√ª”–Ω«∂»“≤ø…“‘≤ª∑¢£©
 174:Core/Src/data_cal.c **** ∑µªÿ  ÷µ£∫Œﬁ
 175:Core/Src/data_cal.c **** **************************************************************************/
 176:Core/Src/data_cal.c **** void usartSendData(UART_HandleTypeDef* huart)
 177:Core/Src/data_cal.c **** {
 178:Core/Src/data_cal.c **** 	// –≠“È ˝æ›ª∫¥Ê ˝◊È
 179:Core/Src/data_cal.c **** 	unsigned char buf[13] = {0};
 180:Core/Src/data_cal.c **** 	int i, length = 0;
 181:Core/Src/data_cal.c **** 
 182:Core/Src/data_cal.c **** 	// º∆À„◊Û”“¬÷∆⁄Õ˚ÀŸ∂»
 183:Core/Src/data_cal.c **** 	joint11.d = joint1.now_angle/radio[0];
 184:Core/Src/data_cal.c **** 	joint21.d = joint2.now_angle/radio[1];
 185:Core/Src/data_cal.c **** 	joint31.d = joint3.now_angle/radio[2];
 186:Core/Src/data_cal.c **** 	joint41.d = joint4.now_angle/radio[3];
 187:Core/Src/data_cal.c **** 	joint51.d = joint5.now_angle/radio[4];
 188:Core/Src/data_cal.c **** 	joint61.d = joint6.now_angle/radio[5];
 189:Core/Src/data_cal.c **** 	
 190:Core/Src/data_cal.c **** 	
 191:Core/Src/data_cal.c **** 	
 192:Core/Src/data_cal.c **** 	
 193:Core/Src/data_cal.c **** 	// …Ë÷√œ˚œ¢Õ∑
 194:Core/Src/data_cal.c **** 	for(i = 0; i < 2; i++)
 195:Core/Src/data_cal.c **** 		buf[i] = header[i];                      // buf[0] buf[1] 
 196:Core/Src/data_cal.c **** 	
 197:Core/Src/data_cal.c **** 
 198:Core/Src/data_cal.c **** 	length = 13;
 199:Core/Src/data_cal.c **** 	buf[2] = length;                             // buf[2]
 200:Core/Src/data_cal.c **** 	for(i = 0; i < 2; i++)
ARM GAS  D:\software\msy64\tmp\ccttMfQW.s 			page 5


 201:Core/Src/data_cal.c **** 	{
 202:Core/Src/data_cal.c **** 		buf[i + 3]  =  joint11.data[i];      // buf[3]  buf[4]
 203:Core/Src/data_cal.c **** 		buf[i + 5]  =  joint21.data[i];      // buf[5]  buf[6]
 204:Core/Src/data_cal.c **** 		buf[i + 7]  =  joint31.data[i];      // buf[7]  buf[8]
 205:Core/Src/data_cal.c **** 		buf[i + 9]  =  joint41.data[i];      // buf[9]  buf[10]
 206:Core/Src/data_cal.c **** 		buf[i + 11] =  joint51.data[i];      // buf[11] buf[12]
 207:Core/Src/data_cal.c **** 		buf[i + 13] =  joint61.data[i];      // buf[13] buf[14]
 208:Core/Src/data_cal.c **** 		
 209:Core/Src/data_cal.c **** 	}
 210:Core/Src/data_cal.c **** 	buf[i + 7] =         // buf[7] buf[8]
 211:Core/Src/data_cal.c **** 	// ‘§¡Ùøÿ÷∆÷∏¡Ó
 212:Core/Src/data_cal.c **** 	buf[3 + length - 1] = (u8)hand.action;              // buf[9]
 213:Core/Src/data_cal.c **** 	
 214:Core/Src/data_cal.c **** 	// …Ë÷√–£—È÷µ°¢œ˚œ¢Œ≤
 215:Core/Src/data_cal.c **** 	buf[3 + length] = getCrc8(buf, 3 + length);  // buf[10]
 216:Core/Src/data_cal.c **** 	buf[3 + length + 1] = ender[0];              // buf[11]
 217:Core/Src/data_cal.c **** 	buf[3 + length + 2] = ender[1];              // buf[12]
 218:Core/Src/data_cal.c **** 	
 219:Core/Src/data_cal.c **** 
 220:Core/Src/data_cal.c **** 
 221:Core/Src/data_cal.c **** 	HAL_UART_Transmit(huart, (uint8_t*)buf, 19, 100);
 222:Core/Src/data_cal.c **** 	
 223:Core/Src/data_cal.c **** }
 224:Core/Src/data_cal.c **** /**************************************************************************
 225:Core/Src/data_cal.c **** ∫Ø ˝π¶ƒ‹£∫∑¢ÀÕ÷∏∂®¥Û–°µƒ◊÷∑˚ ˝◊È£¨±ªusartSendData∫Ø ˝µ˜”√
 226:Core/Src/data_cal.c **** »Îø⁄≤Œ ˝£∫ ˝◊Èµÿ÷∑°¢ ˝◊È¥Û–°
 227:Core/Src/data_cal.c **** ∑µªÿ  ÷µ£∫Œﬁ
 228:Core/Src/data_cal.c **** **************************************************************************/
 229:Core/Src/data_cal.c **** 
 230:Core/Src/data_cal.c **** /**************************************************************************
 231:Core/Src/data_cal.c **** ∫Ø ˝π¶ƒ‹£∫º∆À„∞ÀŒª—≠ª∑»ﬂ”‡–£—È£¨±ªusartSendData∫ÕusartReceiveOneData∫Ø ˝µ˜”√
 232:Core/Src/data_cal.c **** »Îø⁄≤Œ ˝£∫ ˝◊Èµÿ÷∑°¢ ˝◊È¥Û–°
 233:Core/Src/data_cal.c **** ∑µªÿ  ÷µ£∫Œﬁ
 234:Core/Src/data_cal.c **** **************************************************************************/
 235:Core/Src/data_cal.c **** unsigned char getCrc8(unsigned char *ptr, unsigned short len)
 236:Core/Src/data_cal.c **** {
  30              		.loc 1 236 1 view -0
  31              		.cfi_startproc
  32              		@ args = 0, pretend = 0, frame = 0
  33              		@ frame_needed = 0, uses_anonymous_args = 0
  34              		@ link register save eliminated.
  35              		.loc 1 236 1 is_stmt 0 view .LVU1
  36 0000 0246     		mov	r2, r0
 237:Core/Src/data_cal.c **** 	unsigned char crc;
  37              		.loc 1 237 2 is_stmt 1 view .LVU2
 238:Core/Src/data_cal.c **** 	unsigned char i;
  38              		.loc 1 238 2 view .LVU3
 239:Core/Src/data_cal.c **** 	crc = 0;
  39              		.loc 1 239 2 view .LVU4
  40              	.LVL1:
 240:Core/Src/data_cal.c **** 	while(len--)
  41              		.loc 1 240 2 view .LVU5
 239:Core/Src/data_cal.c **** 	crc = 0;
  42              		.loc 1 239 6 is_stmt 0 view .LVU6
  43 0002 0020     		movs	r0, #0
  44              	.LVL2:
  45              	.L2:
ARM GAS  D:\software\msy64\tmp\ccttMfQW.s 			page 6


  46              		.loc 1 240 8 is_stmt 1 view .LVU7
  47 0004 0B46     		mov	r3, r1
  48              		.loc 1 240 11 is_stmt 0 view .LVU8
  49 0006 0139     		subs	r1, r1, #1
  50              	.LVL3:
  51              		.loc 1 240 11 view .LVU9
  52 0008 89B2     		uxth	r1, r1
  53              	.LVL4:
  54              		.loc 1 240 8 view .LVU10
  55 000a 8BB1     		cbz	r3, .L8
 241:Core/Src/data_cal.c **** 	{
 242:Core/Src/data_cal.c **** 		crc ^= *ptr++;
  56              		.loc 1 242 3 is_stmt 1 view .LVU11
  57              	.LVL5:
  58              		.loc 1 242 10 is_stmt 0 view .LVU12
  59 000c 12F8013B 		ldrb	r3, [r2], #1	@ zero_extendqisi2
  60              	.LVL6:
  61              		.loc 1 242 7 view .LVU13
  62 0010 5840     		eors	r0, r0, r3
  63              	.LVL7:
 243:Core/Src/data_cal.c **** 		for(i = 0; i < 8; i++)
  64              		.loc 1 243 3 is_stmt 1 view .LVU14
  65              		.loc 1 243 9 is_stmt 0 view .LVU15
  66 0012 0023     		movs	r3, #0
  67              		.loc 1 243 3 view .LVU16
  68 0014 02E0     		b	.L3
  69              	.LVL8:
  70              	.L4:
 244:Core/Src/data_cal.c **** 		{
 245:Core/Src/data_cal.c **** 			if(crc&0x01)
 246:Core/Src/data_cal.c ****                 crc=(crc>>1)^0x8C;
 247:Core/Src/data_cal.c **** 			else 
 248:Core/Src/data_cal.c ****                 crc >>= 1;
  71              		.loc 1 248 17 is_stmt 1 view .LVU17
  72              		.loc 1 248 21 is_stmt 0 view .LVU18
  73 0016 4008     		lsrs	r0, r0, #1
  74              	.LVL9:
  75              	.L5:
 243:Core/Src/data_cal.c **** 		for(i = 0; i < 8; i++)
  76              		.loc 1 243 22 is_stmt 1 discriminator 2 view .LVU19
  77 0018 0133     		adds	r3, r3, #1
  78              	.LVL10:
 243:Core/Src/data_cal.c **** 		for(i = 0; i < 8; i++)
  79              		.loc 1 243 22 is_stmt 0 discriminator 2 view .LVU20
  80 001a DBB2     		uxtb	r3, r3
  81              	.LVL11:
  82              	.L3:
 243:Core/Src/data_cal.c **** 		for(i = 0; i < 8; i++)
  83              		.loc 1 243 16 is_stmt 1 discriminator 1 view .LVU21
  84 001c 072B     		cmp	r3, #7
  85 001e F1D8     		bhi	.L2
 245:Core/Src/data_cal.c ****                 crc=(crc>>1)^0x8C;
  86              		.loc 1 245 4 view .LVU22
 245:Core/Src/data_cal.c ****                 crc=(crc>>1)^0x8C;
  87              		.loc 1 245 6 is_stmt 0 view .LVU23
  88 0020 10F0010F 		tst	r0, #1
  89 0024 F7D0     		beq	.L4
ARM GAS  D:\software\msy64\tmp\ccttMfQW.s 			page 7


 246:Core/Src/data_cal.c **** 			else 
  90              		.loc 1 246 17 is_stmt 1 view .LVU24
 246:Core/Src/data_cal.c **** 			else 
  91              		.loc 1 246 20 is_stmt 0 view .LVU25
  92 0026 4008     		lsrs	r0, r0, #1
  93              	.LVL12:
 246:Core/Src/data_cal.c **** 			else 
  94              		.loc 1 246 20 view .LVU26
  95 0028 80F08C00 		eor	r0, r0, #140
  96 002c C0B2     		uxtb	r0, r0
  97              	.LVL13:
 246:Core/Src/data_cal.c **** 			else 
  98              		.loc 1 246 20 view .LVU27
  99 002e F3E7     		b	.L5
 100              	.LVL14:
 101              	.L8:
 249:Core/Src/data_cal.c **** 		}
 250:Core/Src/data_cal.c **** 	}
 251:Core/Src/data_cal.c **** 	return crc;
 102              		.loc 1 251 2 is_stmt 1 view .LVU28
 252:Core/Src/data_cal.c **** }
 103              		.loc 1 252 1 is_stmt 0 view .LVU29
 104 0030 7047     		bx	lr
 105              		.cfi_endproc
 106              	.LFE139:
 108              		.section	.text.usartReceiveOneData,"ax",%progbits
 109              		.align	1
 110              		.global	usartReceiveOneData
 111              		.syntax unified
 112              		.thumb
 113              		.thumb_func
 115              	usartReceiveOneData:
 116              	.LVL15:
 117              	.LFB137:
  64:Core/Src/data_cal.c **** 	unsigned char USART_Receiver              = 0;          //Ω” ’ ˝æ›
 118              		.loc 1 64 1 is_stmt 1 view -0
 119              		.cfi_startproc
 120              		@ args = 0, pretend = 0, frame = 0
 121              		@ frame_needed = 0, uses_anonymous_args = 0
  65:Core/Src/data_cal.c **** 	static unsigned char checkSum             = 0;					//£ø
 122              		.loc 1 65 2 view .LVU31
  66:Core/Src/data_cal.c **** 	static unsigned char USARTBufferIndex     = 0;					//¥Æø⁄À˜“˝
 123              		.loc 1 66 2 view .LVU32
  67:Core/Src/data_cal.c **** 	static short j=0,k=0;
 124              		.loc 1 67 2 view .LVU33
  68:Core/Src/data_cal.c **** 	static unsigned char USARTReceiverFront   = 0;
 125              		.loc 1 68 2 view .LVU34
  69:Core/Src/data_cal.c **** 	static unsigned char Start_Flag           = START;      //“ª÷° ˝æ›¥´ÀÕø™ º±Í÷æŒª
 126              		.loc 1 69 2 view .LVU35
  70:Core/Src/data_cal.c **** 	static short dataLength                   = 0;
 127              		.loc 1 70 2 view .LVU36
  71:Core/Src/data_cal.c **** 
 128              		.loc 1 71 2 view .LVU37
  77:Core/Src/data_cal.c **** 	{
 129              		.loc 1 77 2 view .LVU38
  77:Core/Src/data_cal.c **** 	{
 130              		.loc 1 77 16 is_stmt 0 view .LVU39
ARM GAS  D:\software\msy64\tmp\ccttMfQW.s 			page 8


 131 0000 644B     		ldr	r3, .L25
 132 0002 1B78     		ldrb	r3, [r3]	@ zero_extendqisi2
  77:Core/Src/data_cal.c **** 	{
 133              		.loc 1 77 4 view .LVU40
 134 0004 112B     		cmp	r3, #17
 135 0006 08D0     		beq	.L24
  64:Core/Src/data_cal.c **** 	unsigned char USART_Receiver              = 0;          //Ω” ’ ˝æ›
 136              		.loc 1 64 1 view .LVU41
 137 0008 10B5     		push	{r4, lr}
 138              	.LCFI0:
 139              		.cfi_def_cfa_offset 8
 140              		.cfi_offset 4, -8
 141              		.cfi_offset 14, -4
  98:Core/Src/data_cal.c **** 		{
 142              		.loc 1 98 3 is_stmt 1 view .LVU42
 143 000a 634B     		ldr	r3, .L25+4
 144 000c 1C78     		ldrb	r4, [r3]	@ zero_extendqisi2
 145 000e 032C     		cmp	r4, #3
 146 0010 0FD8     		bhi	.L11
 147 0012 DFE804F0 		tbb	[pc, r4]
 148              	.L13:
 149 0016 07       		.byte	(.L16-.L13)/2
 150 0017 10       		.byte	(.L15-.L13)/2
 151 0018 27       		.byte	(.L14-.L13)/2
 152 0019 38       		.byte	(.L12-.L13)/2
 153              		.p2align 1
 154              	.L24:
 155              	.LCFI1:
 156              		.cfi_def_cfa_offset 0
 157              		.cfi_restore 4
 158              		.cfi_restore 14
  79:Core/Src/data_cal.c **** 		{  
 159              		.loc 1 79 3 view .LVU43
  93:Core/Src/data_cal.c **** 		}
 160              		.loc 1 93 4 view .LVU44
  93:Core/Src/data_cal.c **** 		}
 161              		.loc 1 93 23 is_stmt 0 view .LVU45
 162 001a 604B     		ldr	r3, .L25+8
 163 001c 0022     		movs	r2, #0
 164 001e 1A70     		strb	r2, [r3]
 170:Core/Src/data_cal.c **** /**************************************************************************
 165              		.loc 1 170 1 view .LVU46
 166 0020 0020     		movs	r0, #0
 167              	.LVL16:
 170:Core/Src/data_cal.c **** /**************************************************************************
 168              		.loc 1 170 1 view .LVU47
 169 0022 7047     		bx	lr
 170              	.LVL17:
 171              	.L16:
 172              	.LCFI2:
 173              		.cfi_def_cfa_offset 8
 174              		.cfi_offset 4, -8
 175              		.cfi_offset 14, -4
 101:Core/Src/data_cal.c **** 				dataLength     = receiveBuff[2];            //buf[2]
 176              		.loc 1 101 5 is_stmt 1 view .LVU48
 101:Core/Src/data_cal.c **** 				dataLength     = receiveBuff[2];            //buf[2]
 177              		.loc 1 101 20 is_stmt 0 view .LVU49
ARM GAS  D:\software\msy64\tmp\ccttMfQW.s 			page 9


 178 0024 0023     		movs	r3, #0
 179 0026 8370     		strb	r3, [r0, #2]
 102:Core/Src/data_cal.c **** 				USARTBufferIndex++;
 180              		.loc 1 102 5 is_stmt 1 view .LVU50
 102:Core/Src/data_cal.c **** 				USARTBufferIndex++;
 181              		.loc 1 102 20 is_stmt 0 view .LVU51
 182 0028 5D4A     		ldr	r2, .L25+12
 183 002a 1380     		strh	r3, [r2]	@ movhi
 103:Core/Src/data_cal.c **** 				break;
 184              		.loc 1 103 5 is_stmt 1 view .LVU52
 103:Core/Src/data_cal.c **** 				break;
 185              		.loc 1 103 21 is_stmt 0 view .LVU53
 186 002c 631C     		adds	r3, r4, #1
 187 002e 5A4A     		ldr	r2, .L25+4
 188 0030 1370     		strb	r3, [r2]
 104:Core/Src/data_cal.c **** 			case 1://Ω” ’À˘”– ˝æ›£¨≤¢∏≥÷µ¥¶¿Ì 
 189              		.loc 1 104 5 is_stmt 1 view .LVU54
 190              	.LVL18:
 191              	.L11:
 170:Core/Src/data_cal.c **** /**************************************************************************
 192              		.loc 1 170 1 is_stmt 0 view .LVU55
 193 0032 0020     		movs	r0, #0
 194 0034 10BD     		pop	{r4, pc}
 195              	.LVL19:
 196              	.L15:
 106:Core/Src/data_cal.c **** 				j++;
 197              		.loc 1 106 5 is_stmt 1 view .LVU56
 106:Core/Src/data_cal.c **** 				j++;
 198              		.loc 1 106 16 is_stmt 0 view .LVU57
 199 0036 5B4A     		ldr	r2, .L25+16
 200 0038 B2F90030 		ldrsh	r3, [r2]
 201 003c D91C     		adds	r1, r3, #3
 106:Core/Src/data_cal.c **** 				j++;
 202              		.loc 1 106 24 view .LVU58
 203 003e 4FF0000C 		mov	ip, #0
 204 0042 00F801C0 		strb	ip, [r0, r1]
 107:Core/Src/data_cal.c **** 				if(j >= dataLength)                         
 205              		.loc 1 107 5 is_stmt 1 view .LVU59
 107:Core/Src/data_cal.c **** 				if(j >= dataLength)                         
 206              		.loc 1 107 6 is_stmt 0 view .LVU60
 207 0046 0133     		adds	r3, r3, #1
 208 0048 1BB2     		sxth	r3, r3
 209 004a 1380     		strh	r3, [r2]	@ movhi
 108:Core/Src/data_cal.c **** 				{
 210              		.loc 1 108 5 is_stmt 1 view .LVU61
 108:Core/Src/data_cal.c **** 				{
 211              		.loc 1 108 10 is_stmt 0 view .LVU62
 212 004c 544A     		ldr	r2, .L25+12
 213 004e B2F90020 		ldrsh	r2, [r2]
 108:Core/Src/data_cal.c **** 				{
 214              		.loc 1 108 7 view .LVU63
 215 0052 9342     		cmp	r3, r2
 216 0054 EDDB     		blt	.L11
 110:Core/Src/data_cal.c **** 					USARTBufferIndex++;
 217              		.loc 1 110 6 is_stmt 1 view .LVU64
 110:Core/Src/data_cal.c **** 					USARTBufferIndex++;
 218              		.loc 1 110 8 is_stmt 0 view .LVU65
ARM GAS  D:\software\msy64\tmp\ccttMfQW.s 			page 10


 219 0056 534B     		ldr	r3, .L25+16
 220 0058 A3F800C0 		strh	ip, [r3]	@ movhi
 111:Core/Src/data_cal.c **** 				}
 221              		.loc 1 111 6 is_stmt 1 view .LVU66
 111:Core/Src/data_cal.c **** 				}
 222              		.loc 1 111 22 is_stmt 0 view .LVU67
 223 005c 631C     		adds	r3, r4, #1
 224 005e 4E4A     		ldr	r2, .L25+4
 225 0060 1370     		strb	r3, [r2]
 226 0062 E6E7     		b	.L11
 227              	.L14:
 115:Core/Src/data_cal.c **** 				checkSum = getCrc8(receiveBuff, 3 + dataLength);
 228              		.loc 1 115 5 is_stmt 1 view .LVU68
 115:Core/Src/data_cal.c **** 				checkSum = getCrc8(receiveBuff, 3 + dataLength);
 229              		.loc 1 115 19 is_stmt 0 view .LVU69
 230 0064 4E4B     		ldr	r3, .L25+12
 231 0066 B3F90010 		ldrsh	r1, [r3]
 232 006a CB1C     		adds	r3, r1, #3
 115:Core/Src/data_cal.c **** 				checkSum = getCrc8(receiveBuff, 3 + dataLength);
 233              		.loc 1 115 33 view .LVU70
 234 006c 0022     		movs	r2, #0
 235 006e C254     		strb	r2, [r0, r3]
 116:Core/Src/data_cal.c **** 				  // ºÏ≤È–≈œ¢–£—È÷µ
 236              		.loc 1 116 5 is_stmt 1 view .LVU71
 116:Core/Src/data_cal.c **** 				  // ºÏ≤È–≈œ¢–£—È÷µ
 237              		.loc 1 116 16 is_stmt 0 view .LVU72
 238 0070 99B2     		uxth	r1, r3
 239 0072 FFF7FEFF 		bl	getCrc8
 240              	.LVL20:
 116:Core/Src/data_cal.c **** 				  // ºÏ≤È–≈œ¢–£—È÷µ
 241              		.loc 1 116 14 discriminator 1 view .LVU73
 242 0076 4C4B     		ldr	r3, .L25+20
 243 0078 1870     		strb	r0, [r3]
 118:Core/Src/data_cal.c **** 				USARTBufferIndex++;
 244              		.loc 1 118 5 is_stmt 1 view .LVU74
 118:Core/Src/data_cal.c **** 				USARTBufferIndex++;
 245              		.loc 1 118 8 is_stmt 0 view .LVU75
 246 007a 0028     		cmp	r0, #0
 247 007c D9D1     		bne	.L11
 119:Core/Src/data_cal.c **** 				break;
 248              		.loc 1 119 5 is_stmt 1 view .LVU76
 119:Core/Src/data_cal.c **** 				break;
 249              		.loc 1 119 21 is_stmt 0 view .LVU77
 250 007e 631C     		adds	r3, r4, #1
 251 0080 454A     		ldr	r2, .L25+4
 252 0082 1370     		strb	r3, [r2]
 120:Core/Src/data_cal.c **** 				
 253              		.loc 1 120 5 is_stmt 1 view .LVU78
 254 0084 D5E7     		b	.L11
 255              	.LVL21:
 256              	.L12:
 123:Core/Src/data_cal.c **** 				{
 257              		.loc 1 123 5 view .LVU79
 123:Core/Src/data_cal.c **** 				{
 258              		.loc 1 123 9 is_stmt 0 view .LVU80
 259 0086 494B     		ldr	r3, .L25+24
 260 0088 B3F90030 		ldrsh	r3, [r3]
ARM GAS  D:\software\msy64\tmp\ccttMfQW.s 			page 11


 123:Core/Src/data_cal.c **** 				{
 261              		.loc 1 123 7 view .LVU81
 262 008c 1BB9     		cbnz	r3, .L17
 126:Core/Src/data_cal.c **** 				}
 263              		.loc 1 126 6 is_stmt 1 view .LVU82
 126:Core/Src/data_cal.c **** 				}
 264              		.loc 1 126 7 is_stmt 0 view .LVU83
 265 008e 0133     		adds	r3, r3, #1
 266 0090 464A     		ldr	r2, .L25+24
 267 0092 1380     		strh	r3, [r2]	@ movhi
 268 0094 CDE7     		b	.L11
 269              	.L17:
 128:Core/Src/data_cal.c **** 				{
 270              		.loc 1 128 10 is_stmt 1 view .LVU84
 128:Core/Src/data_cal.c **** 				{
 271              		.loc 1 128 13 is_stmt 0 view .LVU85
 272 0096 012B     		cmp	r3, #1
 273 0098 CBD1     		bne	.L11
 133:Core/Src/data_cal.c **** 					{
 274              		.loc 1 133 6 is_stmt 1 view .LVU86
 133:Core/Src/data_cal.c **** 					{
 275              		.loc 1 133 12 is_stmt 0 view .LVU87
 276 009a 444B     		ldr	r3, .L25+24
 277 009c 0022     		movs	r2, #0
 278 009e 1A80     		strh	r2, [r3]	@ movhi
 133:Core/Src/data_cal.c **** 					{
 279              		.loc 1 133 6 view .LVU88
 280 00a0 15E0     		b	.L18
 281              	.L19:
 135:Core/Src/data_cal.c **** 						joint2Set.data[k] = receiveBuff[k + 5 ]; 
 282              		.loc 1 135 7 is_stmt 1 view .LVU89
 135:Core/Src/data_cal.c **** 						joint2Set.data[k] = receiveBuff[k + 5 ]; 
 283              		.loc 1 135 38 is_stmt 0 view .LVU90
 284 00a2 C218     		adds	r2, r0, r3
 285 00a4 D478     		ldrb	r4, [r2, #3]	@ zero_extendqisi2
 135:Core/Src/data_cal.c **** 						joint2Set.data[k] = receiveBuff[k + 5 ]; 
 286              		.loc 1 135 25 view .LVU91
 287 00a6 4249     		ldr	r1, .L25+28
 288 00a8 CC54     		strb	r4, [r1, r3]
 136:Core/Src/data_cal.c **** 						joint3Set.data[k] = receiveBuff[k + 7 ]; 
 289              		.loc 1 136 7 is_stmt 1 view .LVU92
 136:Core/Src/data_cal.c **** 						joint3Set.data[k] = receiveBuff[k + 7 ]; 
 290              		.loc 1 136 38 is_stmt 0 view .LVU93
 291 00aa 5479     		ldrb	r4, [r2, #5]	@ zero_extendqisi2
 136:Core/Src/data_cal.c **** 						joint3Set.data[k] = receiveBuff[k + 7 ]; 
 292              		.loc 1 136 25 view .LVU94
 293 00ac 4149     		ldr	r1, .L25+32
 294 00ae CC54     		strb	r4, [r1, r3]
 137:Core/Src/data_cal.c **** 						joint4Set.data[k] = receiveBuff[k + 9 ]; 
 295              		.loc 1 137 7 is_stmt 1 view .LVU95
 137:Core/Src/data_cal.c **** 						joint4Set.data[k] = receiveBuff[k + 9 ]; 
 296              		.loc 1 137 38 is_stmt 0 view .LVU96
 297 00b0 D479     		ldrb	r4, [r2, #7]	@ zero_extendqisi2
 137:Core/Src/data_cal.c **** 						joint4Set.data[k] = receiveBuff[k + 9 ]; 
 298              		.loc 1 137 25 view .LVU97
 299 00b2 4149     		ldr	r1, .L25+36
 300 00b4 CC54     		strb	r4, [r1, r3]
ARM GAS  D:\software\msy64\tmp\ccttMfQW.s 			page 12


 138:Core/Src/data_cal.c **** 						joint5Set.data[k] = receiveBuff[k + 11]; 
 301              		.loc 1 138 7 is_stmt 1 view .LVU98
 138:Core/Src/data_cal.c **** 						joint5Set.data[k] = receiveBuff[k + 11]; 
 302              		.loc 1 138 38 is_stmt 0 view .LVU99
 303 00b6 547A     		ldrb	r4, [r2, #9]	@ zero_extendqisi2
 138:Core/Src/data_cal.c **** 						joint5Set.data[k] = receiveBuff[k + 11]; 
 304              		.loc 1 138 25 view .LVU100
 305 00b8 4049     		ldr	r1, .L25+40
 306 00ba CC54     		strb	r4, [r1, r3]
 139:Core/Src/data_cal.c **** 						joint6Set.data[k] = receiveBuff[k + 13]; 		
 307              		.loc 1 139 7 is_stmt 1 view .LVU101
 139:Core/Src/data_cal.c **** 						joint6Set.data[k] = receiveBuff[k + 13]; 		
 308              		.loc 1 139 38 is_stmt 0 view .LVU102
 309 00bc D47A     		ldrb	r4, [r2, #11]	@ zero_extendqisi2
 139:Core/Src/data_cal.c **** 						joint6Set.data[k] = receiveBuff[k + 13]; 		
 310              		.loc 1 139 25 view .LVU103
 311 00be 4049     		ldr	r1, .L25+44
 312 00c0 CC54     		strb	r4, [r1, r3]
 140:Core/Src/data_cal.c **** 						
 313              		.loc 1 140 7 is_stmt 1 view .LVU104
 140:Core/Src/data_cal.c **** 						
 314              		.loc 1 140 38 is_stmt 0 view .LVU105
 315 00c2 517B     		ldrb	r1, [r2, #13]	@ zero_extendqisi2
 140:Core/Src/data_cal.c **** 						
 316              		.loc 1 140 25 view .LVU106
 317 00c4 3F4A     		ldr	r2, .L25+48
 318 00c6 D154     		strb	r1, [r2, r3]
 133:Core/Src/data_cal.c **** 					{
 319              		.loc 1 133 25 is_stmt 1 discriminator 3 view .LVU107
 320 00c8 0133     		adds	r3, r3, #1
 321 00ca 384A     		ldr	r2, .L25+24
 322 00cc 1380     		strh	r3, [r2]	@ movhi
 323              	.L18:
 133:Core/Src/data_cal.c **** 					{
 324              		.loc 1 133 19 discriminator 1 view .LVU108
 325 00ce 374B     		ldr	r3, .L25+24
 326 00d0 B3F90030 		ldrsh	r3, [r3]
 327 00d4 012B     		cmp	r3, #1
 328 00d6 E4DD     		ble	.L19
 147:Core/Src/data_cal.c **** 					AngleSet[1] = ((float)joint2Set.d / 1000.0);
 329              		.loc 1 147 6 view .LVU109
 147:Core/Src/data_cal.c **** 					AngleSet[1] = ((float)joint2Set.d / 1000.0);
 330              		.loc 1 147 37 is_stmt 0 view .LVU110
 331 00d8 354B     		ldr	r3, .L25+28
 332 00da B3F90030 		ldrsh	r3, [r3]
 333 00de 07EE103A 		vmov	s14, r3	@ int
 147:Core/Src/data_cal.c **** 					AngleSet[1] = ((float)joint2Set.d / 1000.0);
 334              		.loc 1 147 21 view .LVU111
 335 00e2 B8EEC77A 		vcvt.f32.s32	s14, s14
 147:Core/Src/data_cal.c **** 					AngleSet[1] = ((float)joint2Set.d / 1000.0);
 336              		.loc 1 147 40 view .LVU112
 337 00e6 DFED387A 		vldr.32	s15, .L25+52
 338 00ea C7EE276A 		vdiv.f32	s13, s14, s15
 147:Core/Src/data_cal.c **** 					AngleSet[1] = ((float)joint2Set.d / 1000.0);
 339              		.loc 1 147 18 view .LVU113
 340 00ee 374B     		ldr	r3, .L25+56
 341 00f0 C3ED006A 		vstr.32	s13, [r3]
ARM GAS  D:\software\msy64\tmp\ccttMfQW.s 			page 13


 148:Core/Src/data_cal.c **** 					AngleSet[2] = ((float)joint3Set.d / 1000.0);
 342              		.loc 1 148 6 is_stmt 1 view .LVU114
 148:Core/Src/data_cal.c **** 					AngleSet[2] = ((float)joint3Set.d / 1000.0);
 343              		.loc 1 148 37 is_stmt 0 view .LVU115
 344 00f4 2F4A     		ldr	r2, .L25+32
 345 00f6 B2F90020 		ldrsh	r2, [r2]
 346 00fa 07EE102A 		vmov	s14, r2	@ int
 148:Core/Src/data_cal.c **** 					AngleSet[2] = ((float)joint3Set.d / 1000.0);
 347              		.loc 1 148 21 view .LVU116
 348 00fe B8EEC77A 		vcvt.f32.s32	s14, s14
 148:Core/Src/data_cal.c **** 					AngleSet[2] = ((float)joint3Set.d / 1000.0);
 349              		.loc 1 148 40 view .LVU117
 350 0102 C7EE276A 		vdiv.f32	s13, s14, s15
 148:Core/Src/data_cal.c **** 					AngleSet[2] = ((float)joint3Set.d / 1000.0);
 351              		.loc 1 148 18 view .LVU118
 352 0106 C3ED016A 		vstr.32	s13, [r3, #4]
 149:Core/Src/data_cal.c **** 					AngleSet[3] = ((float)joint4Set.d / 1000.0);
 353              		.loc 1 149 6 is_stmt 1 view .LVU119
 149:Core/Src/data_cal.c **** 					AngleSet[3] = ((float)joint4Set.d / 1000.0);
 354              		.loc 1 149 37 is_stmt 0 view .LVU120
 355 010a 2B4A     		ldr	r2, .L25+36
 356 010c B2F90020 		ldrsh	r2, [r2]
 357 0110 07EE102A 		vmov	s14, r2	@ int
 149:Core/Src/data_cal.c **** 					AngleSet[3] = ((float)joint4Set.d / 1000.0);
 358              		.loc 1 149 21 view .LVU121
 359 0114 B8EEC77A 		vcvt.f32.s32	s14, s14
 149:Core/Src/data_cal.c **** 					AngleSet[3] = ((float)joint4Set.d / 1000.0);
 360              		.loc 1 149 40 view .LVU122
 361 0118 C7EE276A 		vdiv.f32	s13, s14, s15
 149:Core/Src/data_cal.c **** 					AngleSet[3] = ((float)joint4Set.d / 1000.0);
 362              		.loc 1 149 18 view .LVU123
 363 011c C3ED026A 		vstr.32	s13, [r3, #8]
 150:Core/Src/data_cal.c **** 					AngleSet[4] = ((float)joint5Set.d / 1000.0);
 364              		.loc 1 150 6 is_stmt 1 view .LVU124
 150:Core/Src/data_cal.c **** 					AngleSet[4] = ((float)joint5Set.d / 1000.0);
 365              		.loc 1 150 37 is_stmt 0 view .LVU125
 366 0120 264A     		ldr	r2, .L25+40
 367 0122 B2F90020 		ldrsh	r2, [r2]
 368 0126 07EE102A 		vmov	s14, r2	@ int
 150:Core/Src/data_cal.c **** 					AngleSet[4] = ((float)joint5Set.d / 1000.0);
 369              		.loc 1 150 21 view .LVU126
 370 012a B8EEC77A 		vcvt.f32.s32	s14, s14
 150:Core/Src/data_cal.c **** 					AngleSet[4] = ((float)joint5Set.d / 1000.0);
 371              		.loc 1 150 40 view .LVU127
 372 012e C7EE276A 		vdiv.f32	s13, s14, s15
 150:Core/Src/data_cal.c **** 					AngleSet[4] = ((float)joint5Set.d / 1000.0);
 373              		.loc 1 150 18 view .LVU128
 374 0132 C3ED036A 		vstr.32	s13, [r3, #12]
 151:Core/Src/data_cal.c **** 					AngleSet[5] = ((float)joint6Set.d / 1000.0);
 375              		.loc 1 151 6 is_stmt 1 view .LVU129
 151:Core/Src/data_cal.c **** 					AngleSet[5] = ((float)joint6Set.d / 1000.0);
 376              		.loc 1 151 37 is_stmt 0 view .LVU130
 377 0136 224A     		ldr	r2, .L25+44
 378 0138 B2F90020 		ldrsh	r2, [r2]
 379 013c 07EE102A 		vmov	s14, r2	@ int
 151:Core/Src/data_cal.c **** 					AngleSet[5] = ((float)joint6Set.d / 1000.0);
 380              		.loc 1 151 21 view .LVU131
ARM GAS  D:\software\msy64\tmp\ccttMfQW.s 			page 14


 381 0140 B8EEC77A 		vcvt.f32.s32	s14, s14
 151:Core/Src/data_cal.c **** 					AngleSet[5] = ((float)joint6Set.d / 1000.0);
 382              		.loc 1 151 40 view .LVU132
 383 0144 C7EE276A 		vdiv.f32	s13, s14, s15
 151:Core/Src/data_cal.c **** 					AngleSet[5] = ((float)joint6Set.d / 1000.0);
 384              		.loc 1 151 18 view .LVU133
 385 0148 C3ED046A 		vstr.32	s13, [r3, #16]
 152:Core/Src/data_cal.c **** 					AngleSet[6] =  (float)receiveBuff[15]      ;
 386              		.loc 1 152 6 is_stmt 1 view .LVU134
 152:Core/Src/data_cal.c **** 					AngleSet[6] =  (float)receiveBuff[15]      ;
 387              		.loc 1 152 37 is_stmt 0 view .LVU135
 388 014c 1D4A     		ldr	r2, .L25+48
 389 014e B2F90020 		ldrsh	r2, [r2]
 390 0152 07EE102A 		vmov	s14, r2	@ int
 152:Core/Src/data_cal.c **** 					AngleSet[6] =  (float)receiveBuff[15]      ;
 391              		.loc 1 152 21 view .LVU136
 392 0156 B8EEC77A 		vcvt.f32.s32	s14, s14
 152:Core/Src/data_cal.c **** 					AngleSet[6] =  (float)receiveBuff[15]      ;
 393              		.loc 1 152 40 view .LVU137
 394 015a C7EE276A 		vdiv.f32	s13, s14, s15
 152:Core/Src/data_cal.c **** 					AngleSet[6] =  (float)receiveBuff[15]      ;
 395              		.loc 1 152 18 view .LVU138
 396 015e C3ED056A 		vstr.32	s13, [r3, #20]
 153:Core/Src/data_cal.c **** 					//-----------------------------------------------------------------
 397              		.loc 1 153 6 is_stmt 1 view .LVU139
 153:Core/Src/data_cal.c **** 					//-----------------------------------------------------------------
 398              		.loc 1 153 39 is_stmt 0 view .LVU140
 399 0162 C27B     		ldrb	r2, [r0, #15]	@ zero_extendqisi2
 400 0164 07EE902A 		vmov	s15, r2	@ int
 153:Core/Src/data_cal.c **** 					//-----------------------------------------------------------------
 401              		.loc 1 153 21 view .LVU141
 402 0168 F8EE677A 		vcvt.f32.u32	s15, s15
 153:Core/Src/data_cal.c **** 					//-----------------------------------------------------------------
 403              		.loc 1 153 18 view .LVU142
 404 016c C3ED067A 		vstr.32	s15, [r3, #24]
 156:Core/Src/data_cal.c **** 					USARTReceiverFront = 0;
 405              		.loc 1 156 6 is_stmt 1 view .LVU143
 156:Core/Src/data_cal.c **** 					USARTReceiverFront = 0;
 406              		.loc 1 156 25 is_stmt 0 view .LVU144
 407 0170 0023     		movs	r3, #0
 408 0172 094A     		ldr	r2, .L25+4
 409 0174 1370     		strb	r3, [r2]
 157:Core/Src/data_cal.c **** 					Start_Flag         = START;
 410              		.loc 1 157 6 is_stmt 1 view .LVU145
 157:Core/Src/data_cal.c **** 					Start_Flag         = START;
 411              		.loc 1 157 25 is_stmt 0 view .LVU146
 412 0176 094A     		ldr	r2, .L25+8
 413 0178 1370     		strb	r3, [r2]
 158:Core/Src/data_cal.c **** 					checkSum           = 0;
 414              		.loc 1 158 6 is_stmt 1 view .LVU147
 158:Core/Src/data_cal.c **** 					checkSum           = 0;
 415              		.loc 1 158 25 is_stmt 0 view .LVU148
 416 017a 064A     		ldr	r2, .L25
 417 017c 1121     		movs	r1, #17
 418 017e 1170     		strb	r1, [r2]
 159:Core/Src/data_cal.c **** 					dataLength         = 0;
 419              		.loc 1 159 6 is_stmt 1 view .LVU149
ARM GAS  D:\software\msy64\tmp\ccttMfQW.s 			page 15


 159:Core/Src/data_cal.c **** 					dataLength         = 0;
 420              		.loc 1 159 25 is_stmt 0 view .LVU150
 421 0180 094A     		ldr	r2, .L25+20
 422 0182 1370     		strb	r3, [r2]
 160:Core/Src/data_cal.c **** 					j = 0;
 423              		.loc 1 160 6 is_stmt 1 view .LVU151
 160:Core/Src/data_cal.c **** 					j = 0;
 424              		.loc 1 160 25 is_stmt 0 view .LVU152
 425 0184 064A     		ldr	r2, .L25+12
 426 0186 1380     		strh	r3, [r2]	@ movhi
 161:Core/Src/data_cal.c **** 					k = 0;
 427              		.loc 1 161 6 is_stmt 1 view .LVU153
 161:Core/Src/data_cal.c **** 					k = 0;
 428              		.loc 1 161 8 is_stmt 0 view .LVU154
 429 0188 064A     		ldr	r2, .L25+16
 430 018a 1380     		strh	r3, [r2]	@ movhi
 162:Core/Src/data_cal.c **** 					//-----------------------------------------------------------------					
 431              		.loc 1 162 6 is_stmt 1 view .LVU155
 162:Core/Src/data_cal.c **** 					//-----------------------------------------------------------------					
 432              		.loc 1 162 8 is_stmt 0 view .LVU156
 433 018c 074A     		ldr	r2, .L25+24
 434 018e 1380     		strh	r3, [r2]	@ movhi
 435 0190 4FE7     		b	.L11
 436              	.L26:
 437 0192 00BF     		.align	2
 438              	.L25:
 439 0194 00000000 		.word	Start_Flag.6
 440 0198 00000000 		.word	USARTBufferIndex.4
 441 019c 00000000 		.word	USARTReceiverFront.5
 442 01a0 00000000 		.word	dataLength.2
 443 01a4 00000000 		.word	j.1
 444 01a8 00000000 		.word	checkSum.3
 445 01ac 00000000 		.word	k.0
 446 01b0 00000000 		.word	joint1Set
 447 01b4 00000000 		.word	joint2Set
 448 01b8 00000000 		.word	joint3Set
 449 01bc 00000000 		.word	joint4Set
 450 01c0 00000000 		.word	joint5Set
 451 01c4 00000000 		.word	joint6Set
 452 01c8 00007A44 		.word	1148846080
 453 01cc 00000000 		.word	AngleSet
 454              		.cfi_endproc
 455              	.LFE137:
 457              		.section	.text.usartSendData,"ax",%progbits
 458              		.align	1
 459              		.global	usartSendData
 460              		.syntax unified
 461              		.thumb
 462              		.thumb_func
 464              	usartSendData:
 465              	.LVL22:
 466              	.LFB138:
 177:Core/Src/data_cal.c **** 	// –≠“È ˝æ›ª∫¥Ê ˝◊È
 467              		.loc 1 177 1 is_stmt 1 view -0
 468              		.cfi_startproc
 469              		@ args = 0, pretend = 0, frame = 16
 470              		@ frame_needed = 0, uses_anonymous_args = 0
ARM GAS  D:\software\msy64\tmp\ccttMfQW.s 			page 16


 177:Core/Src/data_cal.c **** 	// –≠“È ˝æ›ª∫¥Ê ˝◊È
 471              		.loc 1 177 1 is_stmt 0 view .LVU158
 472 0000 10B5     		push	{r4, lr}
 473              	.LCFI3:
 474              		.cfi_def_cfa_offset 8
 475              		.cfi_offset 4, -8
 476              		.cfi_offset 14, -4
 477 0002 84B0     		sub	sp, sp, #16
 478              	.LCFI4:
 479              		.cfi_def_cfa_offset 24
 480 0004 0446     		mov	r4, r0
 179:Core/Src/data_cal.c **** 	int i, length = 0;
 481              		.loc 1 179 2 is_stmt 1 view .LVU159
 179:Core/Src/data_cal.c **** 	int i, length = 0;
 482              		.loc 1 179 16 is_stmt 0 view .LVU160
 483 0006 0023     		movs	r3, #0
 484 0008 0093     		str	r3, [sp]
 485 000a 0193     		str	r3, [sp, #4]
 486 000c 0293     		str	r3, [sp, #8]
 487 000e 8DF80C30 		strb	r3, [sp, #12]
 180:Core/Src/data_cal.c **** 
 488              		.loc 1 180 2 is_stmt 1 view .LVU161
 489              	.LVL23:
 183:Core/Src/data_cal.c **** 	joint21.d = joint2.now_angle/radio[1];
 490              		.loc 1 183 2 view .LVU162
 183:Core/Src/data_cal.c **** 	joint21.d = joint2.now_angle/radio[1];
 491              		.loc 1 183 20 is_stmt 0 view .LVU163
 492 0012 544A     		ldr	r2, .L33
 493 0014 D2ED026A 		vldr.32	s13, [r2, #8]
 183:Core/Src/data_cal.c **** 	joint21.d = joint2.now_angle/radio[1];
 494              		.loc 1 183 36 view .LVU164
 495 0018 534A     		ldr	r2, .L33+4
 496 001a 92ED007A 		vldr.32	s14, [r2]
 183:Core/Src/data_cal.c **** 	joint21.d = joint2.now_angle/radio[1];
 497              		.loc 1 183 30 view .LVU165
 498 001e C6EE877A 		vdiv.f32	s15, s13, s14
 183:Core/Src/data_cal.c **** 	joint21.d = joint2.now_angle/radio[1];
 499              		.loc 1 183 12 view .LVU166
 500 0022 FDEEE77A 		vcvt.s32.f32	s15, s15
 501 0026 5149     		ldr	r1, .L33+8
 502 0028 17EE900A 		vmov	r0, s15	@ int
 503              	.LVL24:
 183:Core/Src/data_cal.c **** 	joint21.d = joint2.now_angle/radio[1];
 504              		.loc 1 183 12 view .LVU167
 505 002c 0880     		strh	r0, [r1]	@ movhi
 184:Core/Src/data_cal.c **** 	joint31.d = joint3.now_angle/radio[2];
 506              		.loc 1 184 2 is_stmt 1 view .LVU168
 184:Core/Src/data_cal.c **** 	joint31.d = joint3.now_angle/radio[2];
 507              		.loc 1 184 20 is_stmt 0 view .LVU169
 508 002e 5049     		ldr	r1, .L33+12
 509 0030 D1ED026A 		vldr.32	s13, [r1, #8]
 184:Core/Src/data_cal.c **** 	joint31.d = joint3.now_angle/radio[2];
 510              		.loc 1 184 36 view .LVU170
 511 0034 92ED017A 		vldr.32	s14, [r2, #4]
 184:Core/Src/data_cal.c **** 	joint31.d = joint3.now_angle/radio[2];
 512              		.loc 1 184 30 view .LVU171
 513 0038 C6EE877A 		vdiv.f32	s15, s13, s14
ARM GAS  D:\software\msy64\tmp\ccttMfQW.s 			page 17


 184:Core/Src/data_cal.c **** 	joint31.d = joint3.now_angle/radio[2];
 514              		.loc 1 184 12 view .LVU172
 515 003c FDEEE77A 		vcvt.s32.f32	s15, s15
 516 0040 4C49     		ldr	r1, .L33+16
 517 0042 17EE900A 		vmov	r0, s15	@ int
 518 0046 0880     		strh	r0, [r1]	@ movhi
 185:Core/Src/data_cal.c **** 	joint41.d = joint4.now_angle/radio[3];
 519              		.loc 1 185 2 is_stmt 1 view .LVU173
 185:Core/Src/data_cal.c **** 	joint41.d = joint4.now_angle/radio[3];
 520              		.loc 1 185 20 is_stmt 0 view .LVU174
 521 0048 4B49     		ldr	r1, .L33+20
 522 004a D1ED026A 		vldr.32	s13, [r1, #8]
 185:Core/Src/data_cal.c **** 	joint41.d = joint4.now_angle/radio[3];
 523              		.loc 1 185 36 view .LVU175
 524 004e 92ED027A 		vldr.32	s14, [r2, #8]
 185:Core/Src/data_cal.c **** 	joint41.d = joint4.now_angle/radio[3];
 525              		.loc 1 185 30 view .LVU176
 526 0052 C6EE877A 		vdiv.f32	s15, s13, s14
 185:Core/Src/data_cal.c **** 	joint41.d = joint4.now_angle/radio[3];
 527              		.loc 1 185 12 view .LVU177
 528 0056 FDEEE77A 		vcvt.s32.f32	s15, s15
 529 005a 4849     		ldr	r1, .L33+24
 530 005c 17EE900A 		vmov	r0, s15	@ int
 531 0060 0880     		strh	r0, [r1]	@ movhi
 186:Core/Src/data_cal.c **** 	joint51.d = joint5.now_angle/radio[4];
 532              		.loc 1 186 2 is_stmt 1 view .LVU178
 186:Core/Src/data_cal.c **** 	joint51.d = joint5.now_angle/radio[4];
 533              		.loc 1 186 20 is_stmt 0 view .LVU179
 534 0062 4749     		ldr	r1, .L33+28
 535 0064 D1ED026A 		vldr.32	s13, [r1, #8]
 186:Core/Src/data_cal.c **** 	joint51.d = joint5.now_angle/radio[4];
 536              		.loc 1 186 36 view .LVU180
 537 0068 92ED037A 		vldr.32	s14, [r2, #12]
 186:Core/Src/data_cal.c **** 	joint51.d = joint5.now_angle/radio[4];
 538              		.loc 1 186 30 view .LVU181
 539 006c C6EE877A 		vdiv.f32	s15, s13, s14
 186:Core/Src/data_cal.c **** 	joint51.d = joint5.now_angle/radio[4];
 540              		.loc 1 186 12 view .LVU182
 541 0070 FDEEE77A 		vcvt.s32.f32	s15, s15
 542 0074 4349     		ldr	r1, .L33+32
 543 0076 17EE900A 		vmov	r0, s15	@ int
 544 007a 0880     		strh	r0, [r1]	@ movhi
 187:Core/Src/data_cal.c **** 	joint61.d = joint6.now_angle/radio[5];
 545              		.loc 1 187 2 is_stmt 1 view .LVU183
 187:Core/Src/data_cal.c **** 	joint61.d = joint6.now_angle/radio[5];
 546              		.loc 1 187 20 is_stmt 0 view .LVU184
 547 007c 4249     		ldr	r1, .L33+36
 548 007e D1ED026A 		vldr.32	s13, [r1, #8]
 187:Core/Src/data_cal.c **** 	joint61.d = joint6.now_angle/radio[5];
 549              		.loc 1 187 36 view .LVU185
 550 0082 92ED047A 		vldr.32	s14, [r2, #16]
 187:Core/Src/data_cal.c **** 	joint61.d = joint6.now_angle/radio[5];
 551              		.loc 1 187 30 view .LVU186
 552 0086 C6EE877A 		vdiv.f32	s15, s13, s14
 187:Core/Src/data_cal.c **** 	joint61.d = joint6.now_angle/radio[5];
 553              		.loc 1 187 12 view .LVU187
 554 008a FDEEE77A 		vcvt.s32.f32	s15, s15
ARM GAS  D:\software\msy64\tmp\ccttMfQW.s 			page 18


 555 008e 3F49     		ldr	r1, .L33+40
 556 0090 17EE900A 		vmov	r0, s15	@ int
 557 0094 0880     		strh	r0, [r1]	@ movhi
 188:Core/Src/data_cal.c **** 	
 558              		.loc 1 188 2 is_stmt 1 view .LVU188
 188:Core/Src/data_cal.c **** 	
 559              		.loc 1 188 20 is_stmt 0 view .LVU189
 560 0096 3E49     		ldr	r1, .L33+44
 561 0098 D1ED026A 		vldr.32	s13, [r1, #8]
 188:Core/Src/data_cal.c **** 	
 562              		.loc 1 188 36 view .LVU190
 563 009c 92ED057A 		vldr.32	s14, [r2, #20]
 188:Core/Src/data_cal.c **** 	
 564              		.loc 1 188 30 view .LVU191
 565 00a0 C6EE877A 		vdiv.f32	s15, s13, s14
 188:Core/Src/data_cal.c **** 	
 566              		.loc 1 188 12 view .LVU192
 567 00a4 FDEEE77A 		vcvt.s32.f32	s15, s15
 568 00a8 3A4A     		ldr	r2, .L33+48
 569 00aa 17EE901A 		vmov	r1, s15	@ int
 570 00ae 1180     		strh	r1, [r2]	@ movhi
 194:Core/Src/data_cal.c **** 		buf[i] = header[i];                      // buf[0] buf[1] 
 571              		.loc 1 194 2 is_stmt 1 view .LVU193
 572              	.LVL25:
 194:Core/Src/data_cal.c **** 		buf[i] = header[i];                      // buf[0] buf[1] 
 573              		.loc 1 194 2 is_stmt 0 view .LVU194
 574 00b0 07E0     		b	.L28
 575              	.LVL26:
 576              	.L29:
 195:Core/Src/data_cal.c **** 	
 577              		.loc 1 195 3 is_stmt 1 view .LVU195
 195:Core/Src/data_cal.c **** 	
 578              		.loc 1 195 18 is_stmt 0 view .LVU196
 579 00b2 394A     		ldr	r2, .L33+52
 580 00b4 D15C     		ldrb	r1, [r2, r3]	@ zero_extendqisi2
 195:Core/Src/data_cal.c **** 	
 581              		.loc 1 195 10 view .LVU197
 582 00b6 03F11002 		add	r2, r3, #16
 583 00ba 6A44     		add	r2, sp, r2
 584 00bc 02F8101C 		strb	r1, [r2, #-16]
 194:Core/Src/data_cal.c **** 		buf[i] = header[i];                      // buf[0] buf[1] 
 585              		.loc 1 194 21 is_stmt 1 discriminator 3 view .LVU198
 586 00c0 0133     		adds	r3, r3, #1
 587              	.LVL27:
 588              	.L28:
 194:Core/Src/data_cal.c **** 		buf[i] = header[i];                      // buf[0] buf[1] 
 589              		.loc 1 194 15 discriminator 1 view .LVU199
 590 00c2 012B     		cmp	r3, #1
 591 00c4 F5DD     		ble	.L29
 198:Core/Src/data_cal.c **** 	buf[2] = length;                             // buf[2]
 592              		.loc 1 198 2 view .LVU200
 593              	.LVL28:
 199:Core/Src/data_cal.c **** 	for(i = 0; i < 2; i++)
 594              		.loc 1 199 2 view .LVU201
 199:Core/Src/data_cal.c **** 	for(i = 0; i < 2; i++)
 595              		.loc 1 199 9 is_stmt 0 view .LVU202
 596 00c6 0D23     		movs	r3, #13
ARM GAS  D:\software\msy64\tmp\ccttMfQW.s 			page 19


 597              	.LVL29:
 199:Core/Src/data_cal.c **** 	for(i = 0; i < 2; i++)
 598              		.loc 1 199 9 view .LVU203
 599 00c8 8DF80230 		strb	r3, [sp, #2]
 200:Core/Src/data_cal.c **** 	{
 600              		.loc 1 200 2 is_stmt 1 view .LVU204
 601              	.LVL30:
 200:Core/Src/data_cal.c **** 	{
 602              		.loc 1 200 8 is_stmt 0 view .LVU205
 603 00cc 0023     		movs	r3, #0
 200:Core/Src/data_cal.c **** 	{
 604              		.loc 1 200 2 view .LVU206
 605 00ce 2AE0     		b	.L30
 606              	.LVL31:
 607              	.L31:
 202:Core/Src/data_cal.c **** 		buf[i + 5]  =  joint21.data[i];      // buf[5]  buf[6]
 608              		.loc 1 202 3 is_stmt 1 view .LVU207
 202:Core/Src/data_cal.c **** 		buf[i + 5]  =  joint21.data[i];      // buf[5]  buf[6]
 609              		.loc 1 202 30 is_stmt 0 view .LVU208
 610 00d0 2649     		ldr	r1, .L33+8
 611 00d2 C95C     		ldrb	r1, [r1, r3]	@ zero_extendqisi2
 202:Core/Src/data_cal.c **** 		buf[i + 5]  =  joint21.data[i];      // buf[5]  buf[6]
 612              		.loc 1 202 15 view .LVU209
 613 00d4 03F11302 		add	r2, r3, #19
 614 00d8 6A44     		add	r2, sp, r2
 615 00da 02F8101C 		strb	r1, [r2, #-16]
 203:Core/Src/data_cal.c **** 		buf[i + 7]  =  joint31.data[i];      // buf[7]  buf[8]
 616              		.loc 1 203 3 is_stmt 1 view .LVU210
 203:Core/Src/data_cal.c **** 		buf[i + 7]  =  joint31.data[i];      // buf[7]  buf[8]
 617              		.loc 1 203 30 is_stmt 0 view .LVU211
 618 00de 2549     		ldr	r1, .L33+16
 619 00e0 C95C     		ldrb	r1, [r1, r3]	@ zero_extendqisi2
 203:Core/Src/data_cal.c **** 		buf[i + 7]  =  joint31.data[i];      // buf[7]  buf[8]
 620              		.loc 1 203 15 view .LVU212
 621 00e2 03F11502 		add	r2, r3, #21
 622 00e6 6A44     		add	r2, sp, r2
 623 00e8 02F8101C 		strb	r1, [r2, #-16]
 204:Core/Src/data_cal.c **** 		buf[i + 9]  =  joint41.data[i];      // buf[9]  buf[10]
 624              		.loc 1 204 3 is_stmt 1 view .LVU213
 204:Core/Src/data_cal.c **** 		buf[i + 9]  =  joint41.data[i];      // buf[9]  buf[10]
 625              		.loc 1 204 30 is_stmt 0 view .LVU214
 626 00ec 2349     		ldr	r1, .L33+24
 627 00ee C95C     		ldrb	r1, [r1, r3]	@ zero_extendqisi2
 204:Core/Src/data_cal.c **** 		buf[i + 9]  =  joint41.data[i];      // buf[9]  buf[10]
 628              		.loc 1 204 15 view .LVU215
 629 00f0 03F11702 		add	r2, r3, #23
 630 00f4 6A44     		add	r2, sp, r2
 631 00f6 02F8101C 		strb	r1, [r2, #-16]
 205:Core/Src/data_cal.c **** 		buf[i + 11] =  joint51.data[i];      // buf[11] buf[12]
 632              		.loc 1 205 3 is_stmt 1 view .LVU216
 205:Core/Src/data_cal.c **** 		buf[i + 11] =  joint51.data[i];      // buf[11] buf[12]
 633              		.loc 1 205 30 is_stmt 0 view .LVU217
 634 00fa 2249     		ldr	r1, .L33+32
 635 00fc C95C     		ldrb	r1, [r1, r3]	@ zero_extendqisi2
 205:Core/Src/data_cal.c **** 		buf[i + 11] =  joint51.data[i];      // buf[11] buf[12]
 636              		.loc 1 205 15 view .LVU218
 637 00fe 03F11902 		add	r2, r3, #25
ARM GAS  D:\software\msy64\tmp\ccttMfQW.s 			page 20


 638 0102 6A44     		add	r2, sp, r2
 639 0104 02F8101C 		strb	r1, [r2, #-16]
 206:Core/Src/data_cal.c **** 		buf[i + 13] =  joint61.data[i];      // buf[13] buf[14]
 640              		.loc 1 206 3 is_stmt 1 view .LVU219
 206:Core/Src/data_cal.c **** 		buf[i + 13] =  joint61.data[i];      // buf[13] buf[14]
 641              		.loc 1 206 30 is_stmt 0 view .LVU220
 642 0108 2049     		ldr	r1, .L33+40
 643 010a C95C     		ldrb	r1, [r1, r3]	@ zero_extendqisi2
 206:Core/Src/data_cal.c **** 		buf[i + 13] =  joint61.data[i];      // buf[13] buf[14]
 644              		.loc 1 206 15 view .LVU221
 645 010c 03F11B02 		add	r2, r3, #27
 646 0110 6A44     		add	r2, sp, r2
 647 0112 02F8101C 		strb	r1, [r2, #-16]
 207:Core/Src/data_cal.c **** 		
 648              		.loc 1 207 3 is_stmt 1 view .LVU222
 207:Core/Src/data_cal.c **** 		
 649              		.loc 1 207 30 is_stmt 0 view .LVU223
 650 0116 1F49     		ldr	r1, .L33+48
 651 0118 C95C     		ldrb	r1, [r1, r3]	@ zero_extendqisi2
 207:Core/Src/data_cal.c **** 		
 652              		.loc 1 207 15 view .LVU224
 653 011a 03F11D02 		add	r2, r3, #29
 654 011e 6A44     		add	r2, sp, r2
 655 0120 02F8101C 		strb	r1, [r2, #-16]
 200:Core/Src/data_cal.c **** 	{
 656              		.loc 1 200 21 is_stmt 1 discriminator 3 view .LVU225
 657 0124 0133     		adds	r3, r3, #1
 658              	.LVL32:
 659              	.L30:
 200:Core/Src/data_cal.c **** 	{
 660              		.loc 1 200 15 discriminator 1 view .LVU226
 661 0126 012B     		cmp	r3, #1
 662 0128 D2DD     		ble	.L31
 210:Core/Src/data_cal.c **** 	// ‘§¡Ùøÿ÷∆÷∏¡Ó
 663              		.loc 1 210 2 view .LVU227
 212:Core/Src/data_cal.c **** 	
 664              		.loc 1 212 32 is_stmt 0 view .LVU228
 665 012a 1C4A     		ldr	r2, .L33+56
 666 012c 5278     		ldrb	r2, [r2, #1]	@ zero_extendqisi2
 212:Core/Src/data_cal.c **** 	
 667              		.loc 1 212 22 view .LVU229
 668 012e 8DF80F20 		strb	r2, [sp, #15]
 210:Core/Src/data_cal.c **** 	// ‘§¡Ùøÿ÷∆÷∏¡Ó
 669              		.loc 1 210 13 view .LVU230
 670 0132 1733     		adds	r3, r3, #23
 671              	.LVL33:
 210:Core/Src/data_cal.c **** 	// ‘§¡Ùøÿ÷∆÷∏¡Ó
 672              		.loc 1 210 13 view .LVU231
 673 0134 6B44     		add	r3, sp, r3
 674              	.LVL34:
 210:Core/Src/data_cal.c **** 	// ‘§¡Ùøÿ÷∆÷∏¡Ó
 675              		.loc 1 210 13 view .LVU232
 676 0136 03F8102C 		strb	r2, [r3, #-16]
 215:Core/Src/data_cal.c **** 	buf[3 + length + 1] = ender[0];              // buf[11]
 677              		.loc 1 215 2 is_stmt 1 view .LVU233
 215:Core/Src/data_cal.c **** 	buf[3 + length + 1] = ender[0];              // buf[11]
 678              		.loc 1 215 20 is_stmt 0 view .LVU234
ARM GAS  D:\software\msy64\tmp\ccttMfQW.s 			page 21


 679 013a 1021     		movs	r1, #16
 680 013c 6846     		mov	r0, sp
 681 013e FFF7FEFF 		bl	getCrc8
 682              	.LVL35:
 215:Core/Src/data_cal.c **** 	buf[3 + length + 1] = ender[0];              // buf[11]
 683              		.loc 1 215 18 discriminator 1 view .LVU235
 684 0142 8DF81000 		strb	r0, [sp, #16]
 216:Core/Src/data_cal.c **** 	buf[3 + length + 2] = ender[1];              // buf[12]
 685              		.loc 1 216 2 is_stmt 1 view .LVU236
 216:Core/Src/data_cal.c **** 	buf[3 + length + 2] = ender[1];              // buf[12]
 686              		.loc 1 216 22 is_stmt 0 view .LVU237
 687 0146 0D23     		movs	r3, #13
 688 0148 8DF81130 		strb	r3, [sp, #17]
 217:Core/Src/data_cal.c **** 	
 689              		.loc 1 217 2 is_stmt 1 view .LVU238
 217:Core/Src/data_cal.c **** 	
 690              		.loc 1 217 22 is_stmt 0 view .LVU239
 691 014c 0A23     		movs	r3, #10
 692 014e 8DF81230 		strb	r3, [sp, #18]
 221:Core/Src/data_cal.c **** 	
 693              		.loc 1 221 2 is_stmt 1 view .LVU240
 694 0152 6423     		movs	r3, #100
 695 0154 1322     		movs	r2, #19
 696 0156 6946     		mov	r1, sp
 697 0158 2046     		mov	r0, r4
 698 015a FFF7FEFF 		bl	HAL_UART_Transmit
 699              	.LVL36:
 223:Core/Src/data_cal.c **** /**************************************************************************
 700              		.loc 1 223 1 is_stmt 0 view .LVU241
 701 015e 04B0     		add	sp, sp, #16
 702              	.LCFI5:
 703              		.cfi_def_cfa_offset 8
 704              		@ sp needed
 705 0160 10BD     		pop	{r4, pc}
 706              	.LVL37:
 707              	.L34:
 223:Core/Src/data_cal.c **** /**************************************************************************
 708              		.loc 1 223 1 view .LVU242
 709 0162 00BF     		.align	2
 710              	.L33:
 711 0164 00000000 		.word	joint1
 712 0168 00000000 		.word	radio
 713 016c 00000000 		.word	joint11
 714 0170 00000000 		.word	joint2
 715 0174 00000000 		.word	joint21
 716 0178 00000000 		.word	joint3
 717 017c 00000000 		.word	joint31
 718 0180 00000000 		.word	joint4
 719 0184 00000000 		.word	joint41
 720 0188 00000000 		.word	joint5
 721 018c 00000000 		.word	joint51
 722 0190 00000000 		.word	joint6
 723 0194 00000000 		.word	joint61
 724 0198 00000000 		.word	header
 725 019c 00000000 		.word	hand
 726              		.cfi_endproc
 727              	.LFE138:
ARM GAS  D:\software\msy64\tmp\ccttMfQW.s 			page 22


 729              		.section	.bss.k.0,"aw",%nobits
 730              		.align	1
 733              	k.0:
 734 0000 0000     		.space	2
 735              		.section	.bss.j.1,"aw",%nobits
 736              		.align	1
 739              	j.1:
 740 0000 0000     		.space	2
 741              		.section	.bss.dataLength.2,"aw",%nobits
 742              		.align	1
 745              	dataLength.2:
 746 0000 0000     		.space	2
 747              		.section	.bss.checkSum.3,"aw",%nobits
 750              	checkSum.3:
 751 0000 00       		.space	1
 752              		.section	.bss.USARTBufferIndex.4,"aw",%nobits
 755              	USARTBufferIndex.4:
 756 0000 00       		.space	1
 757              		.section	.bss.USARTReceiverFront.5,"aw",%nobits
 760              	USARTReceiverFront.5:
 761 0000 00       		.space	1
 762              		.section	.data.Start_Flag.6,"aw"
 765              	Start_Flag.6:
 766 0000 11       		.byte	17
 767              		.global	joint6Set
 768              		.section	.bss.joint6Set,"aw",%nobits
 769              		.align	2
 772              	joint6Set:
 773 0000 0000     		.space	2
 774              		.global	joint5Set
 775              		.section	.bss.joint5Set,"aw",%nobits
 776              		.align	2
 779              	joint5Set:
 780 0000 0000     		.space	2
 781              		.global	joint4Set
 782              		.section	.bss.joint4Set,"aw",%nobits
 783              		.align	2
 786              	joint4Set:
 787 0000 0000     		.space	2
 788              		.global	joint3Set
 789              		.section	.bss.joint3Set,"aw",%nobits
 790              		.align	2
 793              	joint3Set:
 794 0000 0000     		.space	2
 795              		.global	joint2Set
 796              		.section	.bss.joint2Set,"aw",%nobits
 797              		.align	2
 800              	joint2Set:
 801 0000 0000     		.space	2
 802              		.global	joint1Set
 803              		.section	.bss.joint1Set,"aw",%nobits
 804              		.align	2
 807              	joint1Set:
 808 0000 0000     		.space	2
 809              		.global	joint61
 810              		.section	.bss.joint61,"aw",%nobits
 811              		.align	2
ARM GAS  D:\software\msy64\tmp\ccttMfQW.s 			page 23


 814              	joint61:
 815 0000 0000     		.space	2
 816              		.global	joint51
 817              		.section	.bss.joint51,"aw",%nobits
 818              		.align	2
 821              	joint51:
 822 0000 0000     		.space	2
 823              		.global	joint41
 824              		.section	.bss.joint41,"aw",%nobits
 825              		.align	2
 828              	joint41:
 829 0000 0000     		.space	2
 830              		.global	joint31
 831              		.section	.bss.joint31,"aw",%nobits
 832              		.align	2
 835              	joint31:
 836 0000 0000     		.space	2
 837              		.global	joint21
 838              		.section	.bss.joint21,"aw",%nobits
 839              		.align	2
 842              	joint21:
 843 0000 0000     		.space	2
 844              		.global	joint11
 845              		.section	.bss.joint11,"aw",%nobits
 846              		.align	2
 849              	joint11:
 850 0000 0000     		.space	2
 851              		.global	ender
 852              		.section	.rodata.ender,"a"
 853              		.align	2
 856              	ender:
 857 0000 0D0A     		.ascii	"\015\012"
 858              		.global	header
 859              		.section	.rodata.header,"a"
 860              		.align	2
 863              	header:
 864 0000 55AA     		.ascii	"U\252"
 865              		.global	receiveBuff
 866              		.section	.bss.receiveBuff,"aw",%nobits
 867              		.align	2
 870              	receiveBuff:
 871 0000 00000000 		.space	16
 871      00000000 
 871      00000000 
 871      00000000 
 872              		.global	AngleSet
 873              		.section	.bss.AngleSet,"aw",%nobits
 874              		.align	2
 877              	AngleSet:
 878 0000 00000000 		.space	28
 878      00000000 
 878      00000000 
 878      00000000 
 878      00000000 
 879              		.text
 880              	.Letext0:
 881              		.file 2 "D:/software/msy64/mingw64/arm-none-eabi/include/machine/_default_types.h"
ARM GAS  D:\software\msy64\tmp\ccttMfQW.s 			page 24


 882              		.file 3 "D:/software/msy64/mingw64/arm-none-eabi/include/sys/_stdint.h"
 883              		.file 4 "Drivers/CMSIS/Device/ST/STM32F4xx/Include/stm32f407xx.h"
 884              		.file 5 "Drivers/STM32F4xx_HAL_Driver/Inc/stm32f4xx_hal_def.h"
 885              		.file 6 "Drivers/STM32F4xx_HAL_Driver/Inc/stm32f4xx_hal_dma.h"
 886              		.file 7 "Drivers/STM32F4xx_HAL_Driver/Inc/stm32f4xx_hal_uart.h"
 887              		.file 8 "Core/Inc/motor.h"
 888              		.file 9 "Core/Inc/data_cal.h"
 889              		.file 10 "Core/Inc/main.h"
ARM GAS  D:\software\msy64\tmp\ccttMfQW.s 			page 25


DEFINED SYMBOLS
                            *ABS*:00000000 data_cal.c
D:\software\msy64\tmp\ccttMfQW.s:21     .text.getCrc8:00000000 $t
D:\software\msy64\tmp\ccttMfQW.s:27     .text.getCrc8:00000000 getCrc8
D:\software\msy64\tmp\ccttMfQW.s:109    .text.usartReceiveOneData:00000000 $t
D:\software\msy64\tmp\ccttMfQW.s:115    .text.usartReceiveOneData:00000000 usartReceiveOneData
D:\software\msy64\tmp\ccttMfQW.s:149    .text.usartReceiveOneData:00000016 $d
D:\software\msy64\tmp\ccttMfQW.s:153    .text.usartReceiveOneData:0000001a $t
D:\software\msy64\tmp\ccttMfQW.s:439    .text.usartReceiveOneData:00000194 $d
D:\software\msy64\tmp\ccttMfQW.s:765    .data.Start_Flag.6:00000000 Start_Flag.6
D:\software\msy64\tmp\ccttMfQW.s:755    .bss.USARTBufferIndex.4:00000000 USARTBufferIndex.4
D:\software\msy64\tmp\ccttMfQW.s:760    .bss.USARTReceiverFront.5:00000000 USARTReceiverFront.5
D:\software\msy64\tmp\ccttMfQW.s:745    .bss.dataLength.2:00000000 dataLength.2
D:\software\msy64\tmp\ccttMfQW.s:739    .bss.j.1:00000000 j.1
D:\software\msy64\tmp\ccttMfQW.s:750    .bss.checkSum.3:00000000 checkSum.3
D:\software\msy64\tmp\ccttMfQW.s:733    .bss.k.0:00000000 k.0
D:\software\msy64\tmp\ccttMfQW.s:807    .bss.joint1Set:00000000 joint1Set
D:\software\msy64\tmp\ccttMfQW.s:800    .bss.joint2Set:00000000 joint2Set
D:\software\msy64\tmp\ccttMfQW.s:793    .bss.joint3Set:00000000 joint3Set
D:\software\msy64\tmp\ccttMfQW.s:786    .bss.joint4Set:00000000 joint4Set
D:\software\msy64\tmp\ccttMfQW.s:779    .bss.joint5Set:00000000 joint5Set
D:\software\msy64\tmp\ccttMfQW.s:772    .bss.joint6Set:00000000 joint6Set
D:\software\msy64\tmp\ccttMfQW.s:877    .bss.AngleSet:00000000 AngleSet
D:\software\msy64\tmp\ccttMfQW.s:458    .text.usartSendData:00000000 $t
D:\software\msy64\tmp\ccttMfQW.s:464    .text.usartSendData:00000000 usartSendData
D:\software\msy64\tmp\ccttMfQW.s:711    .text.usartSendData:00000164 $d
D:\software\msy64\tmp\ccttMfQW.s:849    .bss.joint11:00000000 joint11
D:\software\msy64\tmp\ccttMfQW.s:842    .bss.joint21:00000000 joint21
D:\software\msy64\tmp\ccttMfQW.s:835    .bss.joint31:00000000 joint31
D:\software\msy64\tmp\ccttMfQW.s:828    .bss.joint41:00000000 joint41
D:\software\msy64\tmp\ccttMfQW.s:821    .bss.joint51:00000000 joint51
D:\software\msy64\tmp\ccttMfQW.s:814    .bss.joint61:00000000 joint61
D:\software\msy64\tmp\ccttMfQW.s:863    .rodata.header:00000000 header
D:\software\msy64\tmp\ccttMfQW.s:730    .bss.k.0:00000000 $d
D:\software\msy64\tmp\ccttMfQW.s:736    .bss.j.1:00000000 $d
D:\software\msy64\tmp\ccttMfQW.s:742    .bss.dataLength.2:00000000 $d
D:\software\msy64\tmp\ccttMfQW.s:751    .bss.checkSum.3:00000000 $d
D:\software\msy64\tmp\ccttMfQW.s:756    .bss.USARTBufferIndex.4:00000000 $d
D:\software\msy64\tmp\ccttMfQW.s:761    .bss.USARTReceiverFront.5:00000000 $d
D:\software\msy64\tmp\ccttMfQW.s:769    .bss.joint6Set:00000000 $d
D:\software\msy64\tmp\ccttMfQW.s:776    .bss.joint5Set:00000000 $d
D:\software\msy64\tmp\ccttMfQW.s:783    .bss.joint4Set:00000000 $d
D:\software\msy64\tmp\ccttMfQW.s:790    .bss.joint3Set:00000000 $d
D:\software\msy64\tmp\ccttMfQW.s:797    .bss.joint2Set:00000000 $d
D:\software\msy64\tmp\ccttMfQW.s:804    .bss.joint1Set:00000000 $d
D:\software\msy64\tmp\ccttMfQW.s:811    .bss.joint61:00000000 $d
D:\software\msy64\tmp\ccttMfQW.s:818    .bss.joint51:00000000 $d
D:\software\msy64\tmp\ccttMfQW.s:825    .bss.joint41:00000000 $d
D:\software\msy64\tmp\ccttMfQW.s:832    .bss.joint31:00000000 $d
D:\software\msy64\tmp\ccttMfQW.s:839    .bss.joint21:00000000 $d
D:\software\msy64\tmp\ccttMfQW.s:846    .bss.joint11:00000000 $d
D:\software\msy64\tmp\ccttMfQW.s:856    .rodata.ender:00000000 ender
D:\software\msy64\tmp\ccttMfQW.s:853    .rodata.ender:00000000 $d
D:\software\msy64\tmp\ccttMfQW.s:860    .rodata.header:00000000 $d
D:\software\msy64\tmp\ccttMfQW.s:870    .bss.receiveBuff:00000000 receiveBuff
D:\software\msy64\tmp\ccttMfQW.s:867    .bss.receiveBuff:00000000 $d
D:\software\msy64\tmp\ccttMfQW.s:874    .bss.AngleSet:00000000 $d
ARM GAS  D:\software\msy64\tmp\ccttMfQW.s 			page 26



UNDEFINED SYMBOLS
HAL_UART_Transmit
joint1
radio
joint2
joint3
joint4
joint5
joint6
hand
