ARM GAS  D:\software\msy64\tmp\ccRgqCjm.s 			page 1


   1              		.cpu cortex-m4
   2              		.arch armv7e-m
   3              		.fpu fpv4-sp-d16
   4              		.eabi_attribute 27, 1
   5              		.eabi_attribute 28, 1
   6              		.eabi_attribute 20, 1
   7              		.eabi_attribute 21, 1
   8              		.eabi_attribute 23, 3
   9              		.eabi_attribute 24, 1
  10              		.eabi_attribute 25, 1
  11              		.eabi_attribute 26, 1
  12              		.eabi_attribute 30, 1
  13              		.eabi_attribute 34, 1
  14              		.eabi_attribute 18, 4
  15              		.file	"gpio.c"
  16              		.text
  17              	.Ltext0:
  18              		.cfi_sections	.debug_frame
  19              		.file 1 "Core/Src/gpio.c"
  20              		.section	.text.MX_GPIO_Init,"ax",%progbits
  21              		.align	1
  22              		.global	MX_GPIO_Init
  23              		.syntax unified
  24              		.thumb
  25              		.thumb_func
  27              	MX_GPIO_Init:
  28              	.LFB134:
   1:Core/Src/gpio.c **** /* USER CODE BEGIN Header */
   2:Core/Src/gpio.c **** /**
   3:Core/Src/gpio.c ****   ******************************************************************************
   4:Core/Src/gpio.c ****   * @file    gpio.c
   5:Core/Src/gpio.c ****   * @brief   This file provides code for the configuration
   6:Core/Src/gpio.c ****   *          of all used GPIO pins.
   7:Core/Src/gpio.c ****   ******************************************************************************
   8:Core/Src/gpio.c ****   * @attention
   9:Core/Src/gpio.c ****   *
  10:Core/Src/gpio.c ****   * Copyright (c) 2025 STMicroelectronics.
  11:Core/Src/gpio.c ****   * All rights reserved.
  12:Core/Src/gpio.c ****   *
  13:Core/Src/gpio.c ****   * This software is licensed under terms that can be found in the LICENSE file
  14:Core/Src/gpio.c ****   * in the root directory of this software component.
  15:Core/Src/gpio.c ****   * If no LICENSE file comes with this software, it is provided AS-IS.
  16:Core/Src/gpio.c ****   *
  17:Core/Src/gpio.c ****   ******************************************************************************
  18:Core/Src/gpio.c ****   */
  19:Core/Src/gpio.c **** /* USER CODE END Header */
  20:Core/Src/gpio.c **** 
  21:Core/Src/gpio.c **** /* Includes ------------------------------------------------------------------*/
  22:Core/Src/gpio.c **** #include "gpio.h"
  23:Core/Src/gpio.c **** 
  24:Core/Src/gpio.c **** /* USER CODE BEGIN 0 */
  25:Core/Src/gpio.c **** 
  26:Core/Src/gpio.c **** /* USER CODE END 0 */
  27:Core/Src/gpio.c **** 
  28:Core/Src/gpio.c **** /*----------------------------------------------------------------------------*/
  29:Core/Src/gpio.c **** /* Configure GPIO                                                             */
  30:Core/Src/gpio.c **** /*----------------------------------------------------------------------------*/
ARM GAS  D:\software\msy64\tmp\ccRgqCjm.s 			page 2


  31:Core/Src/gpio.c **** /* USER CODE BEGIN 1 */
  32:Core/Src/gpio.c **** 
  33:Core/Src/gpio.c **** /* USER CODE END 1 */
  34:Core/Src/gpio.c **** 
  35:Core/Src/gpio.c **** /** Configure pins as
  36:Core/Src/gpio.c ****         * Analog
  37:Core/Src/gpio.c ****         * Input
  38:Core/Src/gpio.c ****         * Output
  39:Core/Src/gpio.c ****         * EVENT_OUT
  40:Core/Src/gpio.c ****         * EXTI
  41:Core/Src/gpio.c **** */
  42:Core/Src/gpio.c **** void MX_GPIO_Init(void)
  43:Core/Src/gpio.c **** {
  29              		.loc 1 43 1 view -0
  30              		.cfi_startproc
  31              		@ args = 0, pretend = 0, frame = 48
  32              		@ frame_needed = 0, uses_anonymous_args = 0
  33 0000 2DE9F043 		push	{r4, r5, r6, r7, r8, r9, lr}
  34              	.LCFI0:
  35              		.cfi_def_cfa_offset 28
  36              		.cfi_offset 4, -28
  37              		.cfi_offset 5, -24
  38              		.cfi_offset 6, -20
  39              		.cfi_offset 7, -16
  40              		.cfi_offset 8, -12
  41              		.cfi_offset 9, -8
  42              		.cfi_offset 14, -4
  43 0004 8DB0     		sub	sp, sp, #52
  44              	.LCFI1:
  45              		.cfi_def_cfa_offset 80
  44:Core/Src/gpio.c **** 
  45:Core/Src/gpio.c ****   GPIO_InitTypeDef GPIO_InitStruct = {0};
  46              		.loc 1 45 3 view .LVU1
  47              		.loc 1 45 20 is_stmt 0 view .LVU2
  48 0006 0024     		movs	r4, #0
  49 0008 0794     		str	r4, [sp, #28]
  50 000a 0894     		str	r4, [sp, #32]
  51 000c 0994     		str	r4, [sp, #36]
  52 000e 0A94     		str	r4, [sp, #40]
  53 0010 0B94     		str	r4, [sp, #44]
  46:Core/Src/gpio.c **** 
  47:Core/Src/gpio.c ****   /* GPIO Ports Clock Enable */
  48:Core/Src/gpio.c ****   __HAL_RCC_GPIOH_CLK_ENABLE();
  54              		.loc 1 48 3 is_stmt 1 view .LVU3
  55              	.LBB2:
  56              		.loc 1 48 3 view .LVU4
  57 0012 0194     		str	r4, [sp, #4]
  58              		.loc 1 48 3 view .LVU5
  59 0014 544B     		ldr	r3, .L3
  60 0016 1A6B     		ldr	r2, [r3, #48]
  61 0018 42F08002 		orr	r2, r2, #128
  62 001c 1A63     		str	r2, [r3, #48]
  63              		.loc 1 48 3 view .LVU6
  64 001e 1A6B     		ldr	r2, [r3, #48]
  65 0020 02F08002 		and	r2, r2, #128
  66 0024 0192     		str	r2, [sp, #4]
  67              		.loc 1 48 3 view .LVU7
ARM GAS  D:\software\msy64\tmp\ccRgqCjm.s 			page 3


  68 0026 019A     		ldr	r2, [sp, #4]
  69              	.LBE2:
  70              		.loc 1 48 3 view .LVU8
  49:Core/Src/gpio.c ****   __HAL_RCC_GPIOA_CLK_ENABLE();
  71              		.loc 1 49 3 view .LVU9
  72              	.LBB3:
  73              		.loc 1 49 3 view .LVU10
  74 0028 0294     		str	r4, [sp, #8]
  75              		.loc 1 49 3 view .LVU11
  76 002a 1A6B     		ldr	r2, [r3, #48]
  77 002c 42F00102 		orr	r2, r2, #1
  78 0030 1A63     		str	r2, [r3, #48]
  79              		.loc 1 49 3 view .LVU12
  80 0032 1A6B     		ldr	r2, [r3, #48]
  81 0034 02F00102 		and	r2, r2, #1
  82 0038 0292     		str	r2, [sp, #8]
  83              		.loc 1 49 3 view .LVU13
  84 003a 029A     		ldr	r2, [sp, #8]
  85              	.LBE3:
  86              		.loc 1 49 3 view .LVU14
  50:Core/Src/gpio.c ****   __HAL_RCC_GPIOD_CLK_ENABLE();
  87              		.loc 1 50 3 view .LVU15
  88              	.LBB4:
  89              		.loc 1 50 3 view .LVU16
  90 003c 0394     		str	r4, [sp, #12]
  91              		.loc 1 50 3 view .LVU17
  92 003e 1A6B     		ldr	r2, [r3, #48]
  93 0040 42F00802 		orr	r2, r2, #8
  94 0044 1A63     		str	r2, [r3, #48]
  95              		.loc 1 50 3 view .LVU18
  96 0046 1A6B     		ldr	r2, [r3, #48]
  97 0048 02F00802 		and	r2, r2, #8
  98 004c 0392     		str	r2, [sp, #12]
  99              		.loc 1 50 3 view .LVU19
 100 004e 039A     		ldr	r2, [sp, #12]
 101              	.LBE4:
 102              		.loc 1 50 3 view .LVU20
  51:Core/Src/gpio.c ****   __HAL_RCC_GPIOG_CLK_ENABLE();
 103              		.loc 1 51 3 view .LVU21
 104              	.LBB5:
 105              		.loc 1 51 3 view .LVU22
 106 0050 0494     		str	r4, [sp, #16]
 107              		.loc 1 51 3 view .LVU23
 108 0052 1A6B     		ldr	r2, [r3, #48]
 109 0054 42F04002 		orr	r2, r2, #64
 110 0058 1A63     		str	r2, [r3, #48]
 111              		.loc 1 51 3 view .LVU24
 112 005a 1A6B     		ldr	r2, [r3, #48]
 113 005c 02F04002 		and	r2, r2, #64
 114 0060 0492     		str	r2, [sp, #16]
 115              		.loc 1 51 3 view .LVU25
 116 0062 049A     		ldr	r2, [sp, #16]
 117              	.LBE5:
 118              		.loc 1 51 3 view .LVU26
  52:Core/Src/gpio.c ****   __HAL_RCC_GPIOB_CLK_ENABLE();
 119              		.loc 1 52 3 view .LVU27
 120              	.LBB6:
ARM GAS  D:\software\msy64\tmp\ccRgqCjm.s 			page 4


 121              		.loc 1 52 3 view .LVU28
 122 0064 0594     		str	r4, [sp, #20]
 123              		.loc 1 52 3 view .LVU29
 124 0066 1A6B     		ldr	r2, [r3, #48]
 125 0068 42F00202 		orr	r2, r2, #2
 126 006c 1A63     		str	r2, [r3, #48]
 127              		.loc 1 52 3 view .LVU30
 128 006e 1A6B     		ldr	r2, [r3, #48]
 129 0070 02F00202 		and	r2, r2, #2
 130 0074 0592     		str	r2, [sp, #20]
 131              		.loc 1 52 3 view .LVU31
 132 0076 059A     		ldr	r2, [sp, #20]
 133              	.LBE6:
 134              		.loc 1 52 3 view .LVU32
  53:Core/Src/gpio.c ****   __HAL_RCC_GPIOE_CLK_ENABLE();
 135              		.loc 1 53 3 view .LVU33
 136              	.LBB7:
 137              		.loc 1 53 3 view .LVU34
 138 0078 0694     		str	r4, [sp, #24]
 139              		.loc 1 53 3 view .LVU35
 140 007a 1A6B     		ldr	r2, [r3, #48]
 141 007c 42F01002 		orr	r2, r2, #16
 142 0080 1A63     		str	r2, [r3, #48]
 143              		.loc 1 53 3 view .LVU36
 144 0082 1B6B     		ldr	r3, [r3, #48]
 145 0084 03F01003 		and	r3, r3, #16
 146 0088 0693     		str	r3, [sp, #24]
 147              		.loc 1 53 3 view .LVU37
 148 008a 069B     		ldr	r3, [sp, #24]
 149              	.LBE7:
 150              		.loc 1 53 3 view .LVU38
  54:Core/Src/gpio.c **** 
  55:Core/Src/gpio.c ****   /*Configure GPIO pin Output Level */
  56:Core/Src/gpio.c ****   HAL_GPIO_WritePin(GPIOA, joint5_Pin|joint6_Pin|joint2_Pin|joint3_Pin, GPIO_PIN_SET);
 151              		.loc 1 56 3 view .LVU39
 152 008c DFF8E890 		ldr	r9, .L3+16
 153 0090 0122     		movs	r2, #1
 154 0092 7121     		movs	r1, #113
 155 0094 4846     		mov	r0, r9
 156 0096 FFF7FEFF 		bl	HAL_GPIO_WritePin
 157              	.LVL0:
  57:Core/Src/gpio.c **** 
  58:Core/Src/gpio.c ****   /*Configure GPIO pin Output Level */
  59:Core/Src/gpio.c ****   HAL_GPIO_WritePin(GPIOD, joint4_Pin|DIR6_Pin|DIR5_Pin, GPIO_PIN_SET);
 158              		.loc 1 59 3 view .LVU40
 159 009a 344E     		ldr	r6, .L3+4
 160 009c 0122     		movs	r2, #1
 161 009e 4FF48351 		mov	r1, #4192
 162 00a2 3046     		mov	r0, r6
 163 00a4 FFF7FEFF 		bl	HAL_GPIO_WritePin
 164              	.LVL1:
  60:Core/Src/gpio.c **** 
  61:Core/Src/gpio.c ****   /*Configure GPIO pin Output Level */
  62:Core/Src/gpio.c ****   HAL_GPIO_WritePin(joint1_GPIO_Port, joint1_Pin, GPIO_PIN_RESET);
 165              		.loc 1 62 3 view .LVU41
 166 00a8 2246     		mov	r2, r4
 167 00aa 0821     		movs	r1, #8
ARM GAS  D:\software\msy64\tmp\ccRgqCjm.s 			page 5


 168 00ac 3046     		mov	r0, r6
 169 00ae FFF7FEFF 		bl	HAL_GPIO_WritePin
 170              	.LVL2:
  63:Core/Src/gpio.c **** 
  64:Core/Src/gpio.c ****   /*Configure GPIO pin Output Level */
  65:Core/Src/gpio.c ****   HAL_GPIO_WritePin(GPIOB, DIR1_Pin|DIR2_Pin|DIR3_Pin|DIR4_Pin
 171              		.loc 1 65 3 view .LVU42
 172 00b2 DFF8C880 		ldr	r8, .L3+20
 173 00b6 0122     		movs	r2, #1
 174 00b8 4FF44E71 		mov	r1, #824
 175 00bc 4046     		mov	r0, r8
 176 00be FFF7FEFF 		bl	HAL_GPIO_WritePin
 177              	.LVL3:
  66:Core/Src/gpio.c ****                           |LED1_Pin, GPIO_PIN_SET);
  67:Core/Src/gpio.c **** 
  68:Core/Src/gpio.c ****   /*Configure GPIO pin Output Level */
  69:Core/Src/gpio.c ****   HAL_GPIO_WritePin(LED2_GPIO_Port, LED2_Pin, GPIO_PIN_SET);
 178              		.loc 1 69 3 view .LVU43
 179 00c2 2B4F     		ldr	r7, .L3+8
 180 00c4 0122     		movs	r2, #1
 181 00c6 1146     		mov	r1, r2
 182 00c8 3846     		mov	r0, r7
 183 00ca FFF7FEFF 		bl	HAL_GPIO_WritePin
 184              	.LVL4:
  70:Core/Src/gpio.c **** 
  71:Core/Src/gpio.c ****   /*Configure GPIO pins : joint5_Pin joint6_Pin joint2_Pin joint3_Pin */
  72:Core/Src/gpio.c ****   GPIO_InitStruct.Pin = joint5_Pin|joint6_Pin|joint2_Pin|joint3_Pin;
 185              		.loc 1 72 3 view .LVU44
 186              		.loc 1 72 23 is_stmt 0 view .LVU45
 187 00ce 7123     		movs	r3, #113
 188 00d0 0793     		str	r3, [sp, #28]
  73:Core/Src/gpio.c ****   GPIO_InitStruct.Mode = GPIO_MODE_OUTPUT_PP;
 189              		.loc 1 73 3 is_stmt 1 view .LVU46
 190              		.loc 1 73 24 is_stmt 0 view .LVU47
 191 00d2 0125     		movs	r5, #1
 192 00d4 0895     		str	r5, [sp, #32]
  74:Core/Src/gpio.c ****   GPIO_InitStruct.Pull = GPIO_NOPULL;
 193              		.loc 1 74 3 is_stmt 1 view .LVU48
 194              		.loc 1 74 24 is_stmt 0 view .LVU49
 195 00d6 0994     		str	r4, [sp, #36]
  75:Core/Src/gpio.c ****   GPIO_InitStruct.Speed = GPIO_SPEED_FREQ_MEDIUM;
 196              		.loc 1 75 3 is_stmt 1 view .LVU50
 197              		.loc 1 75 25 is_stmt 0 view .LVU51
 198 00d8 0A95     		str	r5, [sp, #40]
  76:Core/Src/gpio.c ****   HAL_GPIO_Init(GPIOA, &GPIO_InitStruct);
 199              		.loc 1 76 3 is_stmt 1 view .LVU52
 200 00da 07A9     		add	r1, sp, #28
 201 00dc 4846     		mov	r0, r9
 202 00de FFF7FEFF 		bl	HAL_GPIO_Init
 203              	.LVL5:
  77:Core/Src/gpio.c **** 
  78:Core/Src/gpio.c ****   /*Configure GPIO pin : joint4_Pin */
  79:Core/Src/gpio.c ****   GPIO_InitStruct.Pin = joint4_Pin;
 204              		.loc 1 79 3 view .LVU53
 205              		.loc 1 79 23 is_stmt 0 view .LVU54
 206 00e2 4FF48053 		mov	r3, #4096
 207 00e6 0793     		str	r3, [sp, #28]
ARM GAS  D:\software\msy64\tmp\ccRgqCjm.s 			page 6


  80:Core/Src/gpio.c ****   GPIO_InitStruct.Mode = GPIO_MODE_OUTPUT_PP;
 208              		.loc 1 80 3 is_stmt 1 view .LVU55
 209              		.loc 1 80 24 is_stmt 0 view .LVU56
 210 00e8 0895     		str	r5, [sp, #32]
  81:Core/Src/gpio.c ****   GPIO_InitStruct.Pull = GPIO_NOPULL;
 211              		.loc 1 81 3 is_stmt 1 view .LVU57
 212              		.loc 1 81 24 is_stmt 0 view .LVU58
 213 00ea 0994     		str	r4, [sp, #36]
  82:Core/Src/gpio.c ****   GPIO_InitStruct.Speed = GPIO_SPEED_FREQ_MEDIUM;
 214              		.loc 1 82 3 is_stmt 1 view .LVU59
 215              		.loc 1 82 25 is_stmt 0 view .LVU60
 216 00ec 0A95     		str	r5, [sp, #40]
  83:Core/Src/gpio.c ****   HAL_GPIO_Init(joint4_GPIO_Port, &GPIO_InitStruct);
 217              		.loc 1 83 3 is_stmt 1 view .LVU61
 218 00ee 07A9     		add	r1, sp, #28
 219 00f0 3046     		mov	r0, r6
 220 00f2 FFF7FEFF 		bl	HAL_GPIO_Init
 221              	.LVL6:
  84:Core/Src/gpio.c **** 
  85:Core/Src/gpio.c ****   /*Configure GPIO pins : K1_Pin K2_Pin K3_Pin K4_Pin
  86:Core/Src/gpio.c ****                            K5_Pin PG14 */
  87:Core/Src/gpio.c ****   GPIO_InitStruct.Pin = K1_Pin|K2_Pin|K3_Pin|K4_Pin
 222              		.loc 1 87 3 view .LVU62
 223              		.loc 1 87 23 is_stmt 0 view .LVU63
 224 00f6 44F27C03 		movw	r3, #16508
 225 00fa 0793     		str	r3, [sp, #28]
  88:Core/Src/gpio.c ****                           |K5_Pin|GPIO_PIN_14;
  89:Core/Src/gpio.c ****   GPIO_InitStruct.Mode = GPIO_MODE_INPUT;
 226              		.loc 1 89 3 is_stmt 1 view .LVU64
 227              		.loc 1 89 24 is_stmt 0 view .LVU65
 228 00fc 0894     		str	r4, [sp, #32]
  90:Core/Src/gpio.c ****   GPIO_InitStruct.Pull = GPIO_PULLUP;
 229              		.loc 1 90 3 is_stmt 1 view .LVU66
 230              		.loc 1 90 24 is_stmt 0 view .LVU67
 231 00fe 0995     		str	r5, [sp, #36]
  91:Core/Src/gpio.c ****   HAL_GPIO_Init(GPIOG, &GPIO_InitStruct);
 232              		.loc 1 91 3 is_stmt 1 view .LVU68
 233 0100 07A9     		add	r1, sp, #28
 234 0102 1C48     		ldr	r0, .L3+12
 235 0104 FFF7FEFF 		bl	HAL_GPIO_Init
 236              	.LVL7:
  92:Core/Src/gpio.c **** 
  93:Core/Src/gpio.c ****   /*Configure GPIO pin : joint1_Pin */
  94:Core/Src/gpio.c ****   GPIO_InitStruct.Pin = joint1_Pin;
 237              		.loc 1 94 3 view .LVU69
 238              		.loc 1 94 23 is_stmt 0 view .LVU70
 239 0108 0823     		movs	r3, #8
 240 010a 0793     		str	r3, [sp, #28]
  95:Core/Src/gpio.c ****   GPIO_InitStruct.Mode = GPIO_MODE_OUTPUT_PP;
 241              		.loc 1 95 3 is_stmt 1 view .LVU71
 242              		.loc 1 95 24 is_stmt 0 view .LVU72
 243 010c 0895     		str	r5, [sp, #32]
  96:Core/Src/gpio.c ****   GPIO_InitStruct.Pull = GPIO_PULLUP;
 244              		.loc 1 96 3 is_stmt 1 view .LVU73
 245              		.loc 1 96 24 is_stmt 0 view .LVU74
 246 010e 0995     		str	r5, [sp, #36]
  97:Core/Src/gpio.c ****   GPIO_InitStruct.Speed = GPIO_SPEED_FREQ_MEDIUM;
ARM GAS  D:\software\msy64\tmp\ccRgqCjm.s 			page 7


 247              		.loc 1 97 3 is_stmt 1 view .LVU75
 248              		.loc 1 97 25 is_stmt 0 view .LVU76
 249 0110 0A95     		str	r5, [sp, #40]
  98:Core/Src/gpio.c ****   HAL_GPIO_Init(joint1_GPIO_Port, &GPIO_InitStruct);
 250              		.loc 1 98 3 is_stmt 1 view .LVU77
 251 0112 07A9     		add	r1, sp, #28
 252 0114 3046     		mov	r0, r6
 253 0116 FFF7FEFF 		bl	HAL_GPIO_Init
 254              	.LVL8:
  99:Core/Src/gpio.c **** 
 100:Core/Src/gpio.c ****   /*Configure GPIO pins : K_hand_Pin K6_Pin */
 101:Core/Src/gpio.c ****   GPIO_InitStruct.Pin = K_hand_Pin|K6_Pin;
 255              		.loc 1 101 3 view .LVU78
 256              		.loc 1 101 23 is_stmt 0 view .LVU79
 257 011a 9023     		movs	r3, #144
 258 011c 0793     		str	r3, [sp, #28]
 102:Core/Src/gpio.c ****   GPIO_InitStruct.Mode = GPIO_MODE_INPUT;
 259              		.loc 1 102 3 is_stmt 1 view .LVU80
 260              		.loc 1 102 24 is_stmt 0 view .LVU81
 261 011e 0894     		str	r4, [sp, #32]
 103:Core/Src/gpio.c ****   GPIO_InitStruct.Pull = GPIO_PULLUP;
 262              		.loc 1 103 3 is_stmt 1 view .LVU82
 263              		.loc 1 103 24 is_stmt 0 view .LVU83
 264 0120 0995     		str	r5, [sp, #36]
 104:Core/Src/gpio.c ****   HAL_GPIO_Init(GPIOD, &GPIO_InitStruct);
 265              		.loc 1 104 3 is_stmt 1 view .LVU84
 266 0122 07A9     		add	r1, sp, #28
 267 0124 3046     		mov	r0, r6
 268 0126 FFF7FEFF 		bl	HAL_GPIO_Init
 269              	.LVL9:
 105:Core/Src/gpio.c **** 
 106:Core/Src/gpio.c ****   /*Configure GPIO pins : DIR6_Pin DIR5_Pin */
 107:Core/Src/gpio.c ****   GPIO_InitStruct.Pin = DIR6_Pin|DIR5_Pin;
 270              		.loc 1 107 3 view .LVU85
 271              		.loc 1 107 23 is_stmt 0 view .LVU86
 272 012a 6023     		movs	r3, #96
 273 012c 0793     		str	r3, [sp, #28]
 108:Core/Src/gpio.c ****   GPIO_InitStruct.Mode = GPIO_MODE_OUTPUT_PP;
 274              		.loc 1 108 3 is_stmt 1 view .LVU87
 275              		.loc 1 108 24 is_stmt 0 view .LVU88
 276 012e 0895     		str	r5, [sp, #32]
 109:Core/Src/gpio.c ****   GPIO_InitStruct.Pull = GPIO_NOPULL;
 277              		.loc 1 109 3 is_stmt 1 view .LVU89
 278              		.loc 1 109 24 is_stmt 0 view .LVU90
 279 0130 0994     		str	r4, [sp, #36]
 110:Core/Src/gpio.c ****   GPIO_InitStruct.Speed = GPIO_SPEED_FREQ_LOW;
 280              		.loc 1 110 3 is_stmt 1 view .LVU91
 281              		.loc 1 110 25 is_stmt 0 view .LVU92
 282 0132 0A94     		str	r4, [sp, #40]
 111:Core/Src/gpio.c ****   HAL_GPIO_Init(GPIOD, &GPIO_InitStruct);
 283              		.loc 1 111 3 is_stmt 1 view .LVU93
 284 0134 07A9     		add	r1, sp, #28
 285 0136 3046     		mov	r0, r6
 286 0138 FFF7FEFF 		bl	HAL_GPIO_Init
 287              	.LVL10:
 112:Core/Src/gpio.c **** 
 113:Core/Src/gpio.c ****   /*Configure GPIO pins : DIR1_Pin DIR2_Pin DIR3_Pin DIR4_Pin
ARM GAS  D:\software\msy64\tmp\ccRgqCjm.s 			page 8


 114:Core/Src/gpio.c ****                            LED1_Pin */
 115:Core/Src/gpio.c ****   GPIO_InitStruct.Pin = DIR1_Pin|DIR2_Pin|DIR3_Pin|DIR4_Pin
 288              		.loc 1 115 3 view .LVU94
 289              		.loc 1 115 23 is_stmt 0 view .LVU95
 290 013c 4FF44E73 		mov	r3, #824
 291 0140 0793     		str	r3, [sp, #28]
 116:Core/Src/gpio.c ****                           |LED1_Pin;
 117:Core/Src/gpio.c ****   GPIO_InitStruct.Mode = GPIO_MODE_OUTPUT_PP;
 292              		.loc 1 117 3 is_stmt 1 view .LVU96
 293              		.loc 1 117 24 is_stmt 0 view .LVU97
 294 0142 0895     		str	r5, [sp, #32]
 118:Core/Src/gpio.c ****   GPIO_InitStruct.Pull = GPIO_NOPULL;
 295              		.loc 1 118 3 is_stmt 1 view .LVU98
 296              		.loc 1 118 24 is_stmt 0 view .LVU99
 297 0144 0994     		str	r4, [sp, #36]
 119:Core/Src/gpio.c ****   GPIO_InitStruct.Speed = GPIO_SPEED_FREQ_LOW;
 298              		.loc 1 119 3 is_stmt 1 view .LVU100
 299              		.loc 1 119 25 is_stmt 0 view .LVU101
 300 0146 0A94     		str	r4, [sp, #40]
 120:Core/Src/gpio.c ****   HAL_GPIO_Init(GPIOB, &GPIO_InitStruct);
 301              		.loc 1 120 3 is_stmt 1 view .LVU102
 302 0148 07A9     		add	r1, sp, #28
 303 014a 4046     		mov	r0, r8
 304 014c FFF7FEFF 		bl	HAL_GPIO_Init
 305              	.LVL11:
 121:Core/Src/gpio.c **** 
 122:Core/Src/gpio.c ****   /*Configure GPIO pin : LED2_Pin */
 123:Core/Src/gpio.c ****   GPIO_InitStruct.Pin = LED2_Pin;
 306              		.loc 1 123 3 view .LVU103
 307              		.loc 1 123 23 is_stmt 0 view .LVU104
 308 0150 0795     		str	r5, [sp, #28]
 124:Core/Src/gpio.c ****   GPIO_InitStruct.Mode = GPIO_MODE_OUTPUT_PP;
 309              		.loc 1 124 3 is_stmt 1 view .LVU105
 310              		.loc 1 124 24 is_stmt 0 view .LVU106
 311 0152 0895     		str	r5, [sp, #32]
 125:Core/Src/gpio.c ****   GPIO_InitStruct.Pull = GPIO_NOPULL;
 312              		.loc 1 125 3 is_stmt 1 view .LVU107
 313              		.loc 1 125 24 is_stmt 0 view .LVU108
 314 0154 0994     		str	r4, [sp, #36]
 126:Core/Src/gpio.c ****   GPIO_InitStruct.Speed = GPIO_SPEED_FREQ_LOW;
 315              		.loc 1 126 3 is_stmt 1 view .LVU109
 316              		.loc 1 126 25 is_stmt 0 view .LVU110
 317 0156 0A94     		str	r4, [sp, #40]
 127:Core/Src/gpio.c ****   HAL_GPIO_Init(LED2_GPIO_Port, &GPIO_InitStruct);
 318              		.loc 1 127 3 is_stmt 1 view .LVU111
 319 0158 07A9     		add	r1, sp, #28
 320 015a 3846     		mov	r0, r7
 321 015c FFF7FEFF 		bl	HAL_GPIO_Init
 322              	.LVL12:
 128:Core/Src/gpio.c **** 
 129:Core/Src/gpio.c **** }
 323              		.loc 1 129 1 is_stmt 0 view .LVU112
 324 0160 0DB0     		add	sp, sp, #52
 325              	.LCFI2:
 326              		.cfi_def_cfa_offset 28
 327              		@ sp needed
 328 0162 BDE8F083 		pop	{r4, r5, r6, r7, r8, r9, pc}
ARM GAS  D:\software\msy64\tmp\ccRgqCjm.s 			page 9


 329              	.L4:
 330 0166 00BF     		.align	2
 331              	.L3:
 332 0168 00380240 		.word	1073887232
 333 016c 000C0240 		.word	1073875968
 334 0170 00100240 		.word	1073876992
 335 0174 00180240 		.word	1073879040
 336 0178 00000240 		.word	1073872896
 337 017c 00040240 		.word	1073873920
 338              		.cfi_endproc
 339              	.LFE134:
 341              		.text
 342              	.Letext0:
 343              		.file 2 "D:/software/msy64/mingw64/arm-none-eabi/include/machine/_default_types.h"
 344              		.file 3 "D:/software/msy64/mingw64/arm-none-eabi/include/sys/_stdint.h"
 345              		.file 4 "Drivers/CMSIS/Device/ST/STM32F4xx/Include/stm32f407xx.h"
 346              		.file 5 "Drivers/STM32F4xx_HAL_Driver/Inc/stm32f4xx_hal_gpio.h"
ARM GAS  D:\software\msy64\tmp\ccRgqCjm.s 			page 10


DEFINED SYMBOLS
                            *ABS*:00000000 gpio.c
D:\software\msy64\tmp\ccRgqCjm.s:21     .text.MX_GPIO_Init:00000000 $t
D:\software\msy64\tmp\ccRgqCjm.s:27     .text.MX_GPIO_Init:00000000 MX_GPIO_Init
D:\software\msy64\tmp\ccRgqCjm.s:332    .text.MX_GPIO_Init:00000168 $d

UNDEFINED SYMBOLS
HAL_GPIO_WritePin
HAL_GPIO_Init
