ARM GAS  D:\software\msy64\tmp\cc2t4Tvj.s 			page 1


   1              		.cpu cortex-m4
   2              		.arch armv7e-m
   3              		.fpu fpv4-sp-d16
   4              		.eabi_attribute 27, 1
   5              		.eabi_attribute 28, 1
   6              		.eabi_attribute 20, 1
   7              		.eabi_attribute 21, 1
   8              		.eabi_attribute 23, 3
   9              		.eabi_attribute 24, 1
  10              		.eabi_attribute 25, 1
  11              		.eabi_attribute 26, 1
  12              		.eabi_attribute 30, 1
  13              		.eabi_attribute 34, 1
  14              		.eabi_attribute 18, 4
  15              		.file	"usart.c"
  16              		.text
  17              	.Ltext0:
  18              		.cfi_sections	.debug_frame
  19              		.file 1 "Core/Src/usart.c"
  20              		.section	.text.MX_USART1_UART_Init,"ax",%progbits
  21              		.align	1
  22              		.global	MX_USART1_UART_Init
  23              		.syntax unified
  24              		.thumb
  25              		.thumb_func
  27              	MX_USART1_UART_Init:
  28              	.LFB134:
   1:Core/Src/usart.c **** /* USER CODE BEGIN Header */
   2:Core/Src/usart.c **** /**
   3:Core/Src/usart.c ****   ******************************************************************************
   4:Core/Src/usart.c ****   * @file    usart.c
   5:Core/Src/usart.c ****   * @brief   This file provides code for the configuration
   6:Core/Src/usart.c ****   *          of the USART instances.
   7:Core/Src/usart.c ****   ******************************************************************************
   8:Core/Src/usart.c ****   * @attention
   9:Core/Src/usart.c ****   *
  10:Core/Src/usart.c ****   * Copyright (c) 2025 STMicroelectronics.
  11:Core/Src/usart.c ****   * All rights reserved.
  12:Core/Src/usart.c ****   *
  13:Core/Src/usart.c ****   * This software is licensed under terms that can be found in the LICENSE file
  14:Core/Src/usart.c ****   * in the root directory of this software component.
  15:Core/Src/usart.c ****   * If no LICENSE file comes with this software, it is provided AS-IS.
  16:Core/Src/usart.c ****   *
  17:Core/Src/usart.c ****   ******************************************************************************
  18:Core/Src/usart.c ****   */
  19:Core/Src/usart.c **** /* USER CODE END Header */
  20:Core/Src/usart.c **** /* Includes ------------------------------------------------------------------*/
  21:Core/Src/usart.c **** #include "usart.h"
  22:Core/Src/usart.c **** 
  23:Core/Src/usart.c **** /* USER CODE BEGIN 0 */
  24:Core/Src/usart.c **** 
  25:Core/Src/usart.c **** /* USER CODE END 0 */
  26:Core/Src/usart.c **** 
  27:Core/Src/usart.c **** UART_HandleTypeDef huart1;
  28:Core/Src/usart.c **** UART_HandleTypeDef huart2;
  29:Core/Src/usart.c **** DMA_HandleTypeDef hdma_usart1_rx;
  30:Core/Src/usart.c **** 
ARM GAS  D:\software\msy64\tmp\cc2t4Tvj.s 			page 2


  31:Core/Src/usart.c **** /* USART1 init function */
  32:Core/Src/usart.c **** 
  33:Core/Src/usart.c **** void MX_USART1_UART_Init(void)
  34:Core/Src/usart.c **** {
  29              		.loc 1 34 1 view -0
  30              		.cfi_startproc
  31              		@ args = 0, pretend = 0, frame = 0
  32              		@ frame_needed = 0, uses_anonymous_args = 0
  33 0000 08B5     		push	{r3, lr}
  34              	.LCFI0:
  35              		.cfi_def_cfa_offset 8
  36              		.cfi_offset 3, -8
  37              		.cfi_offset 14, -4
  35:Core/Src/usart.c **** 
  36:Core/Src/usart.c ****   /* USER CODE BEGIN USART1_Init 0 */
  37:Core/Src/usart.c **** 
  38:Core/Src/usart.c ****   /* USER CODE END USART1_Init 0 */
  39:Core/Src/usart.c **** 
  40:Core/Src/usart.c ****   /* USER CODE BEGIN USART1_Init 1 */
  41:Core/Src/usart.c **** 
  42:Core/Src/usart.c ****   /* USER CODE END USART1_Init 1 */
  43:Core/Src/usart.c ****   huart1.Instance = USART1;
  38              		.loc 1 43 3 view .LVU1
  39              		.loc 1 43 19 is_stmt 0 view .LVU2
  40 0002 0A48     		ldr	r0, .L5
  41 0004 0A4B     		ldr	r3, .L5+4
  42 0006 0360     		str	r3, [r0]
  44:Core/Src/usart.c ****   huart1.Init.BaudRate = 115200;
  43              		.loc 1 44 3 is_stmt 1 view .LVU3
  44              		.loc 1 44 24 is_stmt 0 view .LVU4
  45 0008 4FF4E133 		mov	r3, #115200
  46 000c 4360     		str	r3, [r0, #4]
  45:Core/Src/usart.c ****   huart1.Init.WordLength = UART_WORDLENGTH_8B;
  47              		.loc 1 45 3 is_stmt 1 view .LVU5
  48              		.loc 1 45 26 is_stmt 0 view .LVU6
  49 000e 0023     		movs	r3, #0
  50 0010 8360     		str	r3, [r0, #8]
  46:Core/Src/usart.c ****   huart1.Init.StopBits = UART_STOPBITS_1;
  51              		.loc 1 46 3 is_stmt 1 view .LVU7
  52              		.loc 1 46 24 is_stmt 0 view .LVU8
  53 0012 C360     		str	r3, [r0, #12]
  47:Core/Src/usart.c ****   huart1.Init.Parity = UART_PARITY_NONE;
  54              		.loc 1 47 3 is_stmt 1 view .LVU9
  55              		.loc 1 47 22 is_stmt 0 view .LVU10
  56 0014 0361     		str	r3, [r0, #16]
  48:Core/Src/usart.c ****   huart1.Init.Mode = UART_MODE_TX_RX;
  57              		.loc 1 48 3 is_stmt 1 view .LVU11
  58              		.loc 1 48 20 is_stmt 0 view .LVU12
  59 0016 0C22     		movs	r2, #12
  60 0018 4261     		str	r2, [r0, #20]
  49:Core/Src/usart.c ****   huart1.Init.HwFlowCtl = UART_HWCONTROL_NONE;
  61              		.loc 1 49 3 is_stmt 1 view .LVU13
  62              		.loc 1 49 25 is_stmt 0 view .LVU14
  63 001a 8361     		str	r3, [r0, #24]
  50:Core/Src/usart.c ****   huart1.Init.OverSampling = UART_OVERSAMPLING_16;
  64              		.loc 1 50 3 is_stmt 1 view .LVU15
  65              		.loc 1 50 28 is_stmt 0 view .LVU16
ARM GAS  D:\software\msy64\tmp\cc2t4Tvj.s 			page 3


  66 001c C361     		str	r3, [r0, #28]
  51:Core/Src/usart.c ****   if (HAL_UART_Init(&huart1) != HAL_OK)
  67              		.loc 1 51 3 is_stmt 1 view .LVU17
  68              		.loc 1 51 7 is_stmt 0 view .LVU18
  69 001e FFF7FEFF 		bl	HAL_UART_Init
  70              	.LVL0:
  71              		.loc 1 51 6 discriminator 1 view .LVU19
  72 0022 00B9     		cbnz	r0, .L4
  73              	.L1:
  52:Core/Src/usart.c ****   {
  53:Core/Src/usart.c ****     Error_Handler();
  54:Core/Src/usart.c ****   }
  55:Core/Src/usart.c ****   /* USER CODE BEGIN USART1_Init 2 */
  56:Core/Src/usart.c **** 
  57:Core/Src/usart.c ****   /* USER CODE END USART1_Init 2 */
  58:Core/Src/usart.c **** 
  59:Core/Src/usart.c **** }
  74              		.loc 1 59 1 view .LVU20
  75 0024 08BD     		pop	{r3, pc}
  76              	.L4:
  53:Core/Src/usart.c ****   }
  77              		.loc 1 53 5 is_stmt 1 view .LVU21
  78 0026 FFF7FEFF 		bl	Error_Handler
  79              	.LVL1:
  80              		.loc 1 59 1 is_stmt 0 view .LVU22
  81 002a FBE7     		b	.L1
  82              	.L6:
  83              		.align	2
  84              	.L5:
  85 002c 00000000 		.word	huart1
  86 0030 00100140 		.word	1073811456
  87              		.cfi_endproc
  88              	.LFE134:
  90              		.section	.text.MX_USART2_UART_Init,"ax",%progbits
  91              		.align	1
  92              		.global	MX_USART2_UART_Init
  93              		.syntax unified
  94              		.thumb
  95              		.thumb_func
  97              	MX_USART2_UART_Init:
  98              	.LFB135:
  60:Core/Src/usart.c **** /* USART2 init function */
  61:Core/Src/usart.c **** 
  62:Core/Src/usart.c **** void MX_USART2_UART_Init(void)
  63:Core/Src/usart.c **** {
  99              		.loc 1 63 1 is_stmt 1 view -0
 100              		.cfi_startproc
 101              		@ args = 0, pretend = 0, frame = 0
 102              		@ frame_needed = 0, uses_anonymous_args = 0
 103 0000 08B5     		push	{r3, lr}
 104              	.LCFI1:
 105              		.cfi_def_cfa_offset 8
 106              		.cfi_offset 3, -8
 107              		.cfi_offset 14, -4
  64:Core/Src/usart.c **** 
  65:Core/Src/usart.c ****   /* USER CODE BEGIN USART2_Init 0 */
  66:Core/Src/usart.c **** 
ARM GAS  D:\software\msy64\tmp\cc2t4Tvj.s 			page 4


  67:Core/Src/usart.c ****   /* USER CODE END USART2_Init 0 */
  68:Core/Src/usart.c **** 
  69:Core/Src/usart.c ****   /* USER CODE BEGIN USART2_Init 1 */
  70:Core/Src/usart.c **** 
  71:Core/Src/usart.c ****   /* USER CODE END USART2_Init 1 */
  72:Core/Src/usart.c ****   huart2.Instance = USART2;
 108              		.loc 1 72 3 view .LVU24
 109              		.loc 1 72 19 is_stmt 0 view .LVU25
 110 0002 0A48     		ldr	r0, .L11
 111 0004 0A4B     		ldr	r3, .L11+4
 112 0006 0360     		str	r3, [r0]
  73:Core/Src/usart.c ****   huart2.Init.BaudRate = 115200;
 113              		.loc 1 73 3 is_stmt 1 view .LVU26
 114              		.loc 1 73 24 is_stmt 0 view .LVU27
 115 0008 4FF4E133 		mov	r3, #115200
 116 000c 4360     		str	r3, [r0, #4]
  74:Core/Src/usart.c ****   huart2.Init.WordLength = UART_WORDLENGTH_8B;
 117              		.loc 1 74 3 is_stmt 1 view .LVU28
 118              		.loc 1 74 26 is_stmt 0 view .LVU29
 119 000e 0023     		movs	r3, #0
 120 0010 8360     		str	r3, [r0, #8]
  75:Core/Src/usart.c ****   huart2.Init.StopBits = UART_STOPBITS_1;
 121              		.loc 1 75 3 is_stmt 1 view .LVU30
 122              		.loc 1 75 24 is_stmt 0 view .LVU31
 123 0012 C360     		str	r3, [r0, #12]
  76:Core/Src/usart.c ****   huart2.Init.Parity = UART_PARITY_NONE;
 124              		.loc 1 76 3 is_stmt 1 view .LVU32
 125              		.loc 1 76 22 is_stmt 0 view .LVU33
 126 0014 0361     		str	r3, [r0, #16]
  77:Core/Src/usart.c ****   huart2.Init.Mode = UART_MODE_TX_RX;
 127              		.loc 1 77 3 is_stmt 1 view .LVU34
 128              		.loc 1 77 20 is_stmt 0 view .LVU35
 129 0016 0C22     		movs	r2, #12
 130 0018 4261     		str	r2, [r0, #20]
  78:Core/Src/usart.c ****   huart2.Init.HwFlowCtl = UART_HWCONTROL_NONE;
 131              		.loc 1 78 3 is_stmt 1 view .LVU36
 132              		.loc 1 78 25 is_stmt 0 view .LVU37
 133 001a 8361     		str	r3, [r0, #24]
  79:Core/Src/usart.c ****   huart2.Init.OverSampling = UART_OVERSAMPLING_16;
 134              		.loc 1 79 3 is_stmt 1 view .LVU38
 135              		.loc 1 79 28 is_stmt 0 view .LVU39
 136 001c C361     		str	r3, [r0, #28]
  80:Core/Src/usart.c ****   if (HAL_UART_Init(&huart2) != HAL_OK)
 137              		.loc 1 80 3 is_stmt 1 view .LVU40
 138              		.loc 1 80 7 is_stmt 0 view .LVU41
 139 001e FFF7FEFF 		bl	HAL_UART_Init
 140              	.LVL2:
 141              		.loc 1 80 6 discriminator 1 view .LVU42
 142 0022 00B9     		cbnz	r0, .L10
 143              	.L7:
  81:Core/Src/usart.c ****   {
  82:Core/Src/usart.c ****     Error_Handler();
  83:Core/Src/usart.c ****   }
  84:Core/Src/usart.c ****   /* USER CODE BEGIN USART2_Init 2 */
  85:Core/Src/usart.c **** 
  86:Core/Src/usart.c ****   /* USER CODE END USART2_Init 2 */
  87:Core/Src/usart.c **** 
ARM GAS  D:\software\msy64\tmp\cc2t4Tvj.s 			page 5


  88:Core/Src/usart.c **** }
 144              		.loc 1 88 1 view .LVU43
 145 0024 08BD     		pop	{r3, pc}
 146              	.L10:
  82:Core/Src/usart.c ****   }
 147              		.loc 1 82 5 is_stmt 1 view .LVU44
 148 0026 FFF7FEFF 		bl	Error_Handler
 149              	.LVL3:
 150              		.loc 1 88 1 is_stmt 0 view .LVU45
 151 002a FBE7     		b	.L7
 152              	.L12:
 153              		.align	2
 154              	.L11:
 155 002c 00000000 		.word	huart2
 156 0030 00440040 		.word	1073759232
 157              		.cfi_endproc
 158              	.LFE135:
 160              		.section	.text.HAL_UART_MspInit,"ax",%progbits
 161              		.align	1
 162              		.global	HAL_UART_MspInit
 163              		.syntax unified
 164              		.thumb
 165              		.thumb_func
 167              	HAL_UART_MspInit:
 168              	.LVL4:
 169              	.LFB136:
  89:Core/Src/usart.c **** 
  90:Core/Src/usart.c **** void HAL_UART_MspInit(UART_HandleTypeDef* uartHandle)
  91:Core/Src/usart.c **** {
 170              		.loc 1 91 1 is_stmt 1 view -0
 171              		.cfi_startproc
 172              		@ args = 0, pretend = 0, frame = 40
 173              		@ frame_needed = 0, uses_anonymous_args = 0
 174              		.loc 1 91 1 is_stmt 0 view .LVU47
 175 0000 30B5     		push	{r4, r5, lr}
 176              	.LCFI2:
 177              		.cfi_def_cfa_offset 12
 178              		.cfi_offset 4, -12
 179              		.cfi_offset 5, -8
 180              		.cfi_offset 14, -4
 181 0002 8BB0     		sub	sp, sp, #44
 182              	.LCFI3:
 183              		.cfi_def_cfa_offset 56
  92:Core/Src/usart.c **** 
  93:Core/Src/usart.c ****   GPIO_InitTypeDef GPIO_InitStruct = {0};
 184              		.loc 1 93 3 is_stmt 1 view .LVU48
 185              		.loc 1 93 20 is_stmt 0 view .LVU49
 186 0004 0023     		movs	r3, #0
 187 0006 0593     		str	r3, [sp, #20]
 188 0008 0693     		str	r3, [sp, #24]
 189 000a 0793     		str	r3, [sp, #28]
 190 000c 0893     		str	r3, [sp, #32]
 191 000e 0993     		str	r3, [sp, #36]
  94:Core/Src/usart.c ****   if(uartHandle->Instance==USART1)
 192              		.loc 1 94 3 is_stmt 1 view .LVU50
 193              		.loc 1 94 16 is_stmt 0 view .LVU51
 194 0010 0368     		ldr	r3, [r0]
ARM GAS  D:\software\msy64\tmp\cc2t4Tvj.s 			page 6


 195              		.loc 1 94 5 view .LVU52
 196 0012 3D4A     		ldr	r2, .L21
 197 0014 9342     		cmp	r3, r2
 198 0016 04D0     		beq	.L18
  95:Core/Src/usart.c ****   {
  96:Core/Src/usart.c ****   /* USER CODE BEGIN USART1_MspInit 0 */
  97:Core/Src/usart.c **** 
  98:Core/Src/usart.c ****   /* USER CODE END USART1_MspInit 0 */
  99:Core/Src/usart.c ****     /* USART1 clock enable */
 100:Core/Src/usart.c ****     __HAL_RCC_USART1_CLK_ENABLE();
 101:Core/Src/usart.c **** 
 102:Core/Src/usart.c ****     __HAL_RCC_GPIOA_CLK_ENABLE();
 103:Core/Src/usart.c ****     /**USART1 GPIO Configuration
 104:Core/Src/usart.c ****     PA9     ------> USART1_TX
 105:Core/Src/usart.c ****     PA10     ------> USART1_RX
 106:Core/Src/usart.c ****     */
 107:Core/Src/usart.c ****     GPIO_InitStruct.Pin = GPIO_PIN_9|GPIO_PIN_10;
 108:Core/Src/usart.c ****     GPIO_InitStruct.Mode = GPIO_MODE_AF_PP;
 109:Core/Src/usart.c ****     GPIO_InitStruct.Pull = GPIO_NOPULL;
 110:Core/Src/usart.c ****     GPIO_InitStruct.Speed = GPIO_SPEED_FREQ_VERY_HIGH;
 111:Core/Src/usart.c ****     GPIO_InitStruct.Alternate = GPIO_AF7_USART1;
 112:Core/Src/usart.c ****     HAL_GPIO_Init(GPIOA, &GPIO_InitStruct);
 113:Core/Src/usart.c **** 
 114:Core/Src/usart.c ****     /* USART1 DMA Init */
 115:Core/Src/usart.c ****     /* USART1_RX Init */
 116:Core/Src/usart.c ****     hdma_usart1_rx.Instance = DMA2_Stream2;
 117:Core/Src/usart.c ****     hdma_usart1_rx.Init.Channel = DMA_CHANNEL_4;
 118:Core/Src/usart.c ****     hdma_usart1_rx.Init.Direction = DMA_PERIPH_TO_MEMORY;
 119:Core/Src/usart.c ****     hdma_usart1_rx.Init.PeriphInc = DMA_PINC_DISABLE;
 120:Core/Src/usart.c ****     hdma_usart1_rx.Init.MemInc = DMA_MINC_ENABLE;
 121:Core/Src/usart.c ****     hdma_usart1_rx.Init.PeriphDataAlignment = DMA_PDATAALIGN_BYTE;
 122:Core/Src/usart.c ****     hdma_usart1_rx.Init.MemDataAlignment = DMA_MDATAALIGN_BYTE;
 123:Core/Src/usart.c ****     hdma_usart1_rx.Init.Mode = DMA_NORMAL;
 124:Core/Src/usart.c ****     hdma_usart1_rx.Init.Priority = DMA_PRIORITY_MEDIUM;
 125:Core/Src/usart.c ****     hdma_usart1_rx.Init.FIFOMode = DMA_FIFOMODE_DISABLE;
 126:Core/Src/usart.c ****     if (HAL_DMA_Init(&hdma_usart1_rx) != HAL_OK)
 127:Core/Src/usart.c ****     {
 128:Core/Src/usart.c ****       Error_Handler();
 129:Core/Src/usart.c ****     }
 130:Core/Src/usart.c **** 
 131:Core/Src/usart.c ****     __HAL_LINKDMA(uartHandle,hdmarx,hdma_usart1_rx);
 132:Core/Src/usart.c **** 
 133:Core/Src/usart.c ****     /* USART1 interrupt Init */
 134:Core/Src/usart.c ****     HAL_NVIC_SetPriority(USART1_IRQn, 0, 0);
 135:Core/Src/usart.c ****     HAL_NVIC_EnableIRQ(USART1_IRQn);
 136:Core/Src/usart.c ****   /* USER CODE BEGIN USART1_MspInit 1 */
 137:Core/Src/usart.c **** 
 138:Core/Src/usart.c ****   /* USER CODE END USART1_MspInit 1 */
 139:Core/Src/usart.c ****   }
 140:Core/Src/usart.c ****   else if(uartHandle->Instance==USART2)
 199              		.loc 1 140 8 is_stmt 1 view .LVU53
 200              		.loc 1 140 10 is_stmt 0 view .LVU54
 201 0018 3C4A     		ldr	r2, .L21+4
 202 001a 9342     		cmp	r3, r2
 203 001c 49D0     		beq	.L19
 204              	.LVL5:
 205              	.L13:
ARM GAS  D:\software\msy64\tmp\cc2t4Tvj.s 			page 7


 141:Core/Src/usart.c ****   {
 142:Core/Src/usart.c ****   /* USER CODE BEGIN USART2_MspInit 0 */
 143:Core/Src/usart.c **** 
 144:Core/Src/usart.c ****   /* USER CODE END USART2_MspInit 0 */
 145:Core/Src/usart.c ****     /* USART2 clock enable */
 146:Core/Src/usart.c ****     __HAL_RCC_USART2_CLK_ENABLE();
 147:Core/Src/usart.c **** 
 148:Core/Src/usart.c ****     __HAL_RCC_GPIOA_CLK_ENABLE();
 149:Core/Src/usart.c ****     /**USART2 GPIO Configuration
 150:Core/Src/usart.c ****     PA2     ------> USART2_TX
 151:Core/Src/usart.c ****     PA3     ------> USART2_RX
 152:Core/Src/usart.c ****     */
 153:Core/Src/usart.c ****     GPIO_InitStruct.Pin = GPIO_PIN_2|GPIO_PIN_3;
 154:Core/Src/usart.c ****     GPIO_InitStruct.Mode = GPIO_MODE_AF_PP;
 155:Core/Src/usart.c ****     GPIO_InitStruct.Pull = GPIO_NOPULL;
 156:Core/Src/usart.c ****     GPIO_InitStruct.Speed = GPIO_SPEED_FREQ_VERY_HIGH;
 157:Core/Src/usart.c ****     GPIO_InitStruct.Alternate = GPIO_AF7_USART2;
 158:Core/Src/usart.c ****     HAL_GPIO_Init(GPIOA, &GPIO_InitStruct);
 159:Core/Src/usart.c **** 
 160:Core/Src/usart.c ****     /* USART2 interrupt Init */
 161:Core/Src/usart.c ****     HAL_NVIC_SetPriority(USART2_IRQn, 0, 0);
 162:Core/Src/usart.c ****     HAL_NVIC_EnableIRQ(USART2_IRQn);
 163:Core/Src/usart.c ****   /* USER CODE BEGIN USART2_MspInit 1 */
 164:Core/Src/usart.c **** 
 165:Core/Src/usart.c ****   /* USER CODE END USART2_MspInit 1 */
 166:Core/Src/usart.c ****   }
 167:Core/Src/usart.c **** }
 206              		.loc 1 167 1 view .LVU55
 207 001e 0BB0     		add	sp, sp, #44
 208              	.LCFI4:
 209              		.cfi_remember_state
 210              		.cfi_def_cfa_offset 12
 211              		@ sp needed
 212 0020 30BD     		pop	{r4, r5, pc}
 213              	.LVL6:
 214              	.L18:
 215              	.LCFI5:
 216              		.cfi_restore_state
 217              		.loc 1 167 1 view .LVU56
 218 0022 0446     		mov	r4, r0
 100:Core/Src/usart.c **** 
 219              		.loc 1 100 5 is_stmt 1 view .LVU57
 220              	.LBB2:
 100:Core/Src/usart.c **** 
 221              		.loc 1 100 5 view .LVU58
 222 0024 0025     		movs	r5, #0
 223 0026 0195     		str	r5, [sp, #4]
 100:Core/Src/usart.c **** 
 224              		.loc 1 100 5 view .LVU59
 225 0028 394B     		ldr	r3, .L21+8
 226 002a 5A6C     		ldr	r2, [r3, #68]
 227 002c 42F01002 		orr	r2, r2, #16
 228 0030 5A64     		str	r2, [r3, #68]
 100:Core/Src/usart.c **** 
 229              		.loc 1 100 5 view .LVU60
 230 0032 5A6C     		ldr	r2, [r3, #68]
 231 0034 02F01002 		and	r2, r2, #16
ARM GAS  D:\software\msy64\tmp\cc2t4Tvj.s 			page 8


 232 0038 0192     		str	r2, [sp, #4]
 100:Core/Src/usart.c **** 
 233              		.loc 1 100 5 view .LVU61
 234 003a 019A     		ldr	r2, [sp, #4]
 235              	.LBE2:
 100:Core/Src/usart.c **** 
 236              		.loc 1 100 5 view .LVU62
 102:Core/Src/usart.c ****     /**USART1 GPIO Configuration
 237              		.loc 1 102 5 view .LVU63
 238              	.LBB3:
 102:Core/Src/usart.c ****     /**USART1 GPIO Configuration
 239              		.loc 1 102 5 view .LVU64
 240 003c 0295     		str	r5, [sp, #8]
 102:Core/Src/usart.c ****     /**USART1 GPIO Configuration
 241              		.loc 1 102 5 view .LVU65
 242 003e 1A6B     		ldr	r2, [r3, #48]
 243 0040 42F00102 		orr	r2, r2, #1
 244 0044 1A63     		str	r2, [r3, #48]
 102:Core/Src/usart.c ****     /**USART1 GPIO Configuration
 245              		.loc 1 102 5 view .LVU66
 246 0046 1B6B     		ldr	r3, [r3, #48]
 247 0048 03F00103 		and	r3, r3, #1
 248 004c 0293     		str	r3, [sp, #8]
 102:Core/Src/usart.c ****     /**USART1 GPIO Configuration
 249              		.loc 1 102 5 view .LVU67
 250 004e 029B     		ldr	r3, [sp, #8]
 251              	.LBE3:
 102:Core/Src/usart.c ****     /**USART1 GPIO Configuration
 252              		.loc 1 102 5 view .LVU68
 107:Core/Src/usart.c ****     GPIO_InitStruct.Mode = GPIO_MODE_AF_PP;
 253              		.loc 1 107 5 view .LVU69
 107:Core/Src/usart.c ****     GPIO_InitStruct.Mode = GPIO_MODE_AF_PP;
 254              		.loc 1 107 25 is_stmt 0 view .LVU70
 255 0050 4FF4C063 		mov	r3, #1536
 256 0054 0593     		str	r3, [sp, #20]
 108:Core/Src/usart.c ****     GPIO_InitStruct.Pull = GPIO_NOPULL;
 257              		.loc 1 108 5 is_stmt 1 view .LVU71
 108:Core/Src/usart.c ****     GPIO_InitStruct.Pull = GPIO_NOPULL;
 258              		.loc 1 108 26 is_stmt 0 view .LVU72
 259 0056 0223     		movs	r3, #2
 260 0058 0693     		str	r3, [sp, #24]
 109:Core/Src/usart.c ****     GPIO_InitStruct.Speed = GPIO_SPEED_FREQ_VERY_HIGH;
 261              		.loc 1 109 5 is_stmt 1 view .LVU73
 110:Core/Src/usart.c ****     GPIO_InitStruct.Alternate = GPIO_AF7_USART1;
 262              		.loc 1 110 5 view .LVU74
 110:Core/Src/usart.c ****     GPIO_InitStruct.Alternate = GPIO_AF7_USART1;
 263              		.loc 1 110 27 is_stmt 0 view .LVU75
 264 005a 0323     		movs	r3, #3
 265 005c 0893     		str	r3, [sp, #32]
 111:Core/Src/usart.c ****     HAL_GPIO_Init(GPIOA, &GPIO_InitStruct);
 266              		.loc 1 111 5 is_stmt 1 view .LVU76
 111:Core/Src/usart.c ****     HAL_GPIO_Init(GPIOA, &GPIO_InitStruct);
 267              		.loc 1 111 31 is_stmt 0 view .LVU77
 268 005e 0723     		movs	r3, #7
 269 0060 0993     		str	r3, [sp, #36]
 112:Core/Src/usart.c **** 
 270              		.loc 1 112 5 is_stmt 1 view .LVU78
ARM GAS  D:\software\msy64\tmp\cc2t4Tvj.s 			page 9


 271 0062 05A9     		add	r1, sp, #20
 272 0064 2B48     		ldr	r0, .L21+12
 273              	.LVL7:
 112:Core/Src/usart.c **** 
 274              		.loc 1 112 5 is_stmt 0 view .LVU79
 275 0066 FFF7FEFF 		bl	HAL_GPIO_Init
 276              	.LVL8:
 116:Core/Src/usart.c ****     hdma_usart1_rx.Init.Channel = DMA_CHANNEL_4;
 277              		.loc 1 116 5 is_stmt 1 view .LVU80
 116:Core/Src/usart.c ****     hdma_usart1_rx.Init.Channel = DMA_CHANNEL_4;
 278              		.loc 1 116 29 is_stmt 0 view .LVU81
 279 006a 2B48     		ldr	r0, .L21+16
 280 006c 2B4B     		ldr	r3, .L21+20
 281 006e 0360     		str	r3, [r0]
 117:Core/Src/usart.c ****     hdma_usart1_rx.Init.Direction = DMA_PERIPH_TO_MEMORY;
 282              		.loc 1 117 5 is_stmt 1 view .LVU82
 117:Core/Src/usart.c ****     hdma_usart1_rx.Init.Direction = DMA_PERIPH_TO_MEMORY;
 283              		.loc 1 117 33 is_stmt 0 view .LVU83
 284 0070 4FF00063 		mov	r3, #134217728
 285 0074 4360     		str	r3, [r0, #4]
 118:Core/Src/usart.c ****     hdma_usart1_rx.Init.PeriphInc = DMA_PINC_DISABLE;
 286              		.loc 1 118 5 is_stmt 1 view .LVU84
 118:Core/Src/usart.c ****     hdma_usart1_rx.Init.PeriphInc = DMA_PINC_DISABLE;
 287              		.loc 1 118 35 is_stmt 0 view .LVU85
 288 0076 8560     		str	r5, [r0, #8]
 119:Core/Src/usart.c ****     hdma_usart1_rx.Init.MemInc = DMA_MINC_ENABLE;
 289              		.loc 1 119 5 is_stmt 1 view .LVU86
 119:Core/Src/usart.c ****     hdma_usart1_rx.Init.MemInc = DMA_MINC_ENABLE;
 290              		.loc 1 119 35 is_stmt 0 view .LVU87
 291 0078 C560     		str	r5, [r0, #12]
 120:Core/Src/usart.c ****     hdma_usart1_rx.Init.PeriphDataAlignment = DMA_PDATAALIGN_BYTE;
 292              		.loc 1 120 5 is_stmt 1 view .LVU88
 120:Core/Src/usart.c ****     hdma_usart1_rx.Init.PeriphDataAlignment = DMA_PDATAALIGN_BYTE;
 293              		.loc 1 120 32 is_stmt 0 view .LVU89
 294 007a 4FF48063 		mov	r3, #1024
 295 007e 0361     		str	r3, [r0, #16]
 121:Core/Src/usart.c ****     hdma_usart1_rx.Init.MemDataAlignment = DMA_MDATAALIGN_BYTE;
 296              		.loc 1 121 5 is_stmt 1 view .LVU90
 121:Core/Src/usart.c ****     hdma_usart1_rx.Init.MemDataAlignment = DMA_MDATAALIGN_BYTE;
 297              		.loc 1 121 45 is_stmt 0 view .LVU91
 298 0080 4561     		str	r5, [r0, #20]
 122:Core/Src/usart.c ****     hdma_usart1_rx.Init.Mode = DMA_NORMAL;
 299              		.loc 1 122 5 is_stmt 1 view .LVU92
 122:Core/Src/usart.c ****     hdma_usart1_rx.Init.Mode = DMA_NORMAL;
 300              		.loc 1 122 42 is_stmt 0 view .LVU93
 301 0082 8561     		str	r5, [r0, #24]
 123:Core/Src/usart.c ****     hdma_usart1_rx.Init.Priority = DMA_PRIORITY_MEDIUM;
 302              		.loc 1 123 5 is_stmt 1 view .LVU94
 123:Core/Src/usart.c ****     hdma_usart1_rx.Init.Priority = DMA_PRIORITY_MEDIUM;
 303              		.loc 1 123 30 is_stmt 0 view .LVU95
 304 0084 C561     		str	r5, [r0, #28]
 124:Core/Src/usart.c ****     hdma_usart1_rx.Init.FIFOMode = DMA_FIFOMODE_DISABLE;
 305              		.loc 1 124 5 is_stmt 1 view .LVU96
 124:Core/Src/usart.c ****     hdma_usart1_rx.Init.FIFOMode = DMA_FIFOMODE_DISABLE;
 306              		.loc 1 124 34 is_stmt 0 view .LVU97
 307 0086 4FF48033 		mov	r3, #65536
 308 008a 0362     		str	r3, [r0, #32]
ARM GAS  D:\software\msy64\tmp\cc2t4Tvj.s 			page 10


 125:Core/Src/usart.c ****     if (HAL_DMA_Init(&hdma_usart1_rx) != HAL_OK)
 309              		.loc 1 125 5 is_stmt 1 view .LVU98
 125:Core/Src/usart.c ****     if (HAL_DMA_Init(&hdma_usart1_rx) != HAL_OK)
 310              		.loc 1 125 34 is_stmt 0 view .LVU99
 311 008c 4562     		str	r5, [r0, #36]
 126:Core/Src/usart.c ****     {
 312              		.loc 1 126 5 is_stmt 1 view .LVU100
 126:Core/Src/usart.c ****     {
 313              		.loc 1 126 9 is_stmt 0 view .LVU101
 314 008e FFF7FEFF 		bl	HAL_DMA_Init
 315              	.LVL9:
 126:Core/Src/usart.c ****     {
 316              		.loc 1 126 8 discriminator 1 view .LVU102
 317 0092 58B9     		cbnz	r0, .L20
 318              	.L15:
 131:Core/Src/usart.c **** 
 319              		.loc 1 131 5 is_stmt 1 view .LVU103
 131:Core/Src/usart.c **** 
 320              		.loc 1 131 5 view .LVU104
 321 0094 204B     		ldr	r3, .L21+16
 322 0096 E363     		str	r3, [r4, #60]
 131:Core/Src/usart.c **** 
 323              		.loc 1 131 5 view .LVU105
 324 0098 9C63     		str	r4, [r3, #56]
 131:Core/Src/usart.c **** 
 325              		.loc 1 131 5 view .LVU106
 134:Core/Src/usart.c ****     HAL_NVIC_EnableIRQ(USART1_IRQn);
 326              		.loc 1 134 5 view .LVU107
 327 009a 0022     		movs	r2, #0
 328 009c 1146     		mov	r1, r2
 329 009e 2520     		movs	r0, #37
 330 00a0 FFF7FEFF 		bl	HAL_NVIC_SetPriority
 331              	.LVL10:
 135:Core/Src/usart.c ****   /* USER CODE BEGIN USART1_MspInit 1 */
 332              		.loc 1 135 5 view .LVU108
 333 00a4 2520     		movs	r0, #37
 334 00a6 FFF7FEFF 		bl	HAL_NVIC_EnableIRQ
 335              	.LVL11:
 336 00aa B8E7     		b	.L13
 337              	.L20:
 128:Core/Src/usart.c ****     }
 338              		.loc 1 128 7 view .LVU109
 339 00ac FFF7FEFF 		bl	Error_Handler
 340              	.LVL12:
 341 00b0 F0E7     		b	.L15
 342              	.LVL13:
 343              	.L19:
 146:Core/Src/usart.c **** 
 344              		.loc 1 146 5 view .LVU110
 345              	.LBB4:
 146:Core/Src/usart.c **** 
 346              		.loc 1 146 5 view .LVU111
 347 00b2 0024     		movs	r4, #0
 348 00b4 0394     		str	r4, [sp, #12]
 146:Core/Src/usart.c **** 
 349              		.loc 1 146 5 view .LVU112
 350 00b6 164B     		ldr	r3, .L21+8
ARM GAS  D:\software\msy64\tmp\cc2t4Tvj.s 			page 11


 351 00b8 1A6C     		ldr	r2, [r3, #64]
 352 00ba 42F40032 		orr	r2, r2, #131072
 353 00be 1A64     		str	r2, [r3, #64]
 146:Core/Src/usart.c **** 
 354              		.loc 1 146 5 view .LVU113
 355 00c0 1A6C     		ldr	r2, [r3, #64]
 356 00c2 02F40032 		and	r2, r2, #131072
 357 00c6 0392     		str	r2, [sp, #12]
 146:Core/Src/usart.c **** 
 358              		.loc 1 146 5 view .LVU114
 359 00c8 039A     		ldr	r2, [sp, #12]
 360              	.LBE4:
 146:Core/Src/usart.c **** 
 361              		.loc 1 146 5 view .LVU115
 148:Core/Src/usart.c ****     /**USART2 GPIO Configuration
 362              		.loc 1 148 5 view .LVU116
 363              	.LBB5:
 148:Core/Src/usart.c ****     /**USART2 GPIO Configuration
 364              		.loc 1 148 5 view .LVU117
 365 00ca 0494     		str	r4, [sp, #16]
 148:Core/Src/usart.c ****     /**USART2 GPIO Configuration
 366              		.loc 1 148 5 view .LVU118
 367 00cc 1A6B     		ldr	r2, [r3, #48]
 368 00ce 42F00102 		orr	r2, r2, #1
 369 00d2 1A63     		str	r2, [r3, #48]
 148:Core/Src/usart.c ****     /**USART2 GPIO Configuration
 370              		.loc 1 148 5 view .LVU119
 371 00d4 1B6B     		ldr	r3, [r3, #48]
 372 00d6 03F00103 		and	r3, r3, #1
 373 00da 0493     		str	r3, [sp, #16]
 148:Core/Src/usart.c ****     /**USART2 GPIO Configuration
 374              		.loc 1 148 5 view .LVU120
 375 00dc 049B     		ldr	r3, [sp, #16]
 376              	.LBE5:
 148:Core/Src/usart.c ****     /**USART2 GPIO Configuration
 377              		.loc 1 148 5 view .LVU121
 153:Core/Src/usart.c ****     GPIO_InitStruct.Mode = GPIO_MODE_AF_PP;
 378              		.loc 1 153 5 view .LVU122
 153:Core/Src/usart.c ****     GPIO_InitStruct.Mode = GPIO_MODE_AF_PP;
 379              		.loc 1 153 25 is_stmt 0 view .LVU123
 380 00de 0C23     		movs	r3, #12
 381 00e0 0593     		str	r3, [sp, #20]
 154:Core/Src/usart.c ****     GPIO_InitStruct.Pull = GPIO_NOPULL;
 382              		.loc 1 154 5 is_stmt 1 view .LVU124
 154:Core/Src/usart.c ****     GPIO_InitStruct.Pull = GPIO_NOPULL;
 383              		.loc 1 154 26 is_stmt 0 view .LVU125
 384 00e2 0223     		movs	r3, #2
 385 00e4 0693     		str	r3, [sp, #24]
 155:Core/Src/usart.c ****     GPIO_InitStruct.Speed = GPIO_SPEED_FREQ_VERY_HIGH;
 386              		.loc 1 155 5 is_stmt 1 view .LVU126
 156:Core/Src/usart.c ****     GPIO_InitStruct.Alternate = GPIO_AF7_USART2;
 387              		.loc 1 156 5 view .LVU127
 156:Core/Src/usart.c ****     GPIO_InitStruct.Alternate = GPIO_AF7_USART2;
 388              		.loc 1 156 27 is_stmt 0 view .LVU128
 389 00e6 0323     		movs	r3, #3
 390 00e8 0893     		str	r3, [sp, #32]
 157:Core/Src/usart.c ****     HAL_GPIO_Init(GPIOA, &GPIO_InitStruct);
ARM GAS  D:\software\msy64\tmp\cc2t4Tvj.s 			page 12


 391              		.loc 1 157 5 is_stmt 1 view .LVU129
 157:Core/Src/usart.c ****     HAL_GPIO_Init(GPIOA, &GPIO_InitStruct);
 392              		.loc 1 157 31 is_stmt 0 view .LVU130
 393 00ea 0723     		movs	r3, #7
 394 00ec 0993     		str	r3, [sp, #36]
 158:Core/Src/usart.c **** 
 395              		.loc 1 158 5 is_stmt 1 view .LVU131
 396 00ee 05A9     		add	r1, sp, #20
 397 00f0 0848     		ldr	r0, .L21+12
 398              	.LVL14:
 158:Core/Src/usart.c **** 
 399              		.loc 1 158 5 is_stmt 0 view .LVU132
 400 00f2 FFF7FEFF 		bl	HAL_GPIO_Init
 401              	.LVL15:
 161:Core/Src/usart.c ****     HAL_NVIC_EnableIRQ(USART2_IRQn);
 402              		.loc 1 161 5 is_stmt 1 view .LVU133
 403 00f6 2246     		mov	r2, r4
 404 00f8 2146     		mov	r1, r4
 405 00fa 2620     		movs	r0, #38
 406 00fc FFF7FEFF 		bl	HAL_NVIC_SetPriority
 407              	.LVL16:
 162:Core/Src/usart.c ****   /* USER CODE BEGIN USART2_MspInit 1 */
 408              		.loc 1 162 5 view .LVU134
 409 0100 2620     		movs	r0, #38
 410 0102 FFF7FEFF 		bl	HAL_NVIC_EnableIRQ
 411              	.LVL17:
 412              		.loc 1 167 1 is_stmt 0 view .LVU135
 413 0106 8AE7     		b	.L13
 414              	.L22:
 415              		.align	2
 416              	.L21:
 417 0108 00100140 		.word	1073811456
 418 010c 00440040 		.word	1073759232
 419 0110 00380240 		.word	1073887232
 420 0114 00000240 		.word	1073872896
 421 0118 00000000 		.word	hdma_usart1_rx
 422 011c 40640240 		.word	1073898560
 423              		.cfi_endproc
 424              	.LFE136:
 426              		.section	.text.HAL_UART_MspDeInit,"ax",%progbits
 427              		.align	1
 428              		.global	HAL_UART_MspDeInit
 429              		.syntax unified
 430              		.thumb
 431              		.thumb_func
 433              	HAL_UART_MspDeInit:
 434              	.LVL18:
 435              	.LFB137:
 168:Core/Src/usart.c **** 
 169:Core/Src/usart.c **** void HAL_UART_MspDeInit(UART_HandleTypeDef* uartHandle)
 170:Core/Src/usart.c **** {
 436              		.loc 1 170 1 is_stmt 1 view -0
 437              		.cfi_startproc
 438              		@ args = 0, pretend = 0, frame = 0
 439              		@ frame_needed = 0, uses_anonymous_args = 0
 440              		.loc 1 170 1 is_stmt 0 view .LVU137
 441 0000 10B5     		push	{r4, lr}
ARM GAS  D:\software\msy64\tmp\cc2t4Tvj.s 			page 13


 442              	.LCFI6:
 443              		.cfi_def_cfa_offset 8
 444              		.cfi_offset 4, -8
 445              		.cfi_offset 14, -4
 171:Core/Src/usart.c **** 
 172:Core/Src/usart.c ****   if(uartHandle->Instance==USART1)
 446              		.loc 1 172 3 is_stmt 1 view .LVU138
 447              		.loc 1 172 16 is_stmt 0 view .LVU139
 448 0002 0368     		ldr	r3, [r0]
 449              		.loc 1 172 5 view .LVU140
 450 0004 134A     		ldr	r2, .L29
 451 0006 9342     		cmp	r3, r2
 452 0008 03D0     		beq	.L27
 173:Core/Src/usart.c ****   {
 174:Core/Src/usart.c ****   /* USER CODE BEGIN USART1_MspDeInit 0 */
 175:Core/Src/usart.c **** 
 176:Core/Src/usart.c ****   /* USER CODE END USART1_MspDeInit 0 */
 177:Core/Src/usart.c ****     /* Peripheral clock disable */
 178:Core/Src/usart.c ****     __HAL_RCC_USART1_CLK_DISABLE();
 179:Core/Src/usart.c **** 
 180:Core/Src/usart.c ****     /**USART1 GPIO Configuration
 181:Core/Src/usart.c ****     PA9     ------> USART1_TX
 182:Core/Src/usart.c ****     PA10     ------> USART1_RX
 183:Core/Src/usart.c ****     */
 184:Core/Src/usart.c ****     HAL_GPIO_DeInit(GPIOA, GPIO_PIN_9|GPIO_PIN_10);
 185:Core/Src/usart.c **** 
 186:Core/Src/usart.c ****     /* USART1 DMA DeInit */
 187:Core/Src/usart.c ****     HAL_DMA_DeInit(uartHandle->hdmarx);
 188:Core/Src/usart.c **** 
 189:Core/Src/usart.c ****     /* USART1 interrupt Deinit */
 190:Core/Src/usart.c ****     HAL_NVIC_DisableIRQ(USART1_IRQn);
 191:Core/Src/usart.c ****   /* USER CODE BEGIN USART1_MspDeInit 1 */
 192:Core/Src/usart.c **** 
 193:Core/Src/usart.c ****   /* USER CODE END USART1_MspDeInit 1 */
 194:Core/Src/usart.c ****   }
 195:Core/Src/usart.c ****   else if(uartHandle->Instance==USART2)
 453              		.loc 1 195 8 is_stmt 1 view .LVU141
 454              		.loc 1 195 10 is_stmt 0 view .LVU142
 455 000a 134A     		ldr	r2, .L29+4
 456 000c 9342     		cmp	r3, r2
 457 000e 13D0     		beq	.L28
 458              	.LVL19:
 459              	.L23:
 196:Core/Src/usart.c ****   {
 197:Core/Src/usart.c ****   /* USER CODE BEGIN USART2_MspDeInit 0 */
 198:Core/Src/usart.c **** 
 199:Core/Src/usart.c ****   /* USER CODE END USART2_MspDeInit 0 */
 200:Core/Src/usart.c ****     /* Peripheral clock disable */
 201:Core/Src/usart.c ****     __HAL_RCC_USART2_CLK_DISABLE();
 202:Core/Src/usart.c **** 
 203:Core/Src/usart.c ****     /**USART2 GPIO Configuration
 204:Core/Src/usart.c ****     PA2     ------> USART2_TX
 205:Core/Src/usart.c ****     PA3     ------> USART2_RX
 206:Core/Src/usart.c ****     */
 207:Core/Src/usart.c ****     HAL_GPIO_DeInit(GPIOA, GPIO_PIN_2|GPIO_PIN_3);
 208:Core/Src/usart.c **** 
 209:Core/Src/usart.c ****     /* USART2 interrupt Deinit */
ARM GAS  D:\software\msy64\tmp\cc2t4Tvj.s 			page 14


 210:Core/Src/usart.c ****     HAL_NVIC_DisableIRQ(USART2_IRQn);
 211:Core/Src/usart.c ****   /* USER CODE BEGIN USART2_MspDeInit 1 */
 212:Core/Src/usart.c **** 
 213:Core/Src/usart.c ****   /* USER CODE END USART2_MspDeInit 1 */
 214:Core/Src/usart.c ****   }
 215:Core/Src/usart.c **** }
 460              		.loc 1 215 1 view .LVU143
 461 0010 10BD     		pop	{r4, pc}
 462              	.LVL20:
 463              	.L27:
 464              		.loc 1 215 1 view .LVU144
 465 0012 0446     		mov	r4, r0
 178:Core/Src/usart.c **** 
 466              		.loc 1 178 5 is_stmt 1 view .LVU145
 467 0014 02F59432 		add	r2, r2, #75776
 468 0018 536C     		ldr	r3, [r2, #68]
 469 001a 23F01003 		bic	r3, r3, #16
 470 001e 5364     		str	r3, [r2, #68]
 184:Core/Src/usart.c **** 
 471              		.loc 1 184 5 view .LVU146
 472 0020 4FF4C061 		mov	r1, #1536
 473 0024 0D48     		ldr	r0, .L29+8
 474              	.LVL21:
 184:Core/Src/usart.c **** 
 475              		.loc 1 184 5 is_stmt 0 view .LVU147
 476 0026 FFF7FEFF 		bl	HAL_GPIO_DeInit
 477              	.LVL22:
 187:Core/Src/usart.c **** 
 478              		.loc 1 187 5 is_stmt 1 view .LVU148
 479 002a E06B     		ldr	r0, [r4, #60]
 480 002c FFF7FEFF 		bl	HAL_DMA_DeInit
 481              	.LVL23:
 190:Core/Src/usart.c ****   /* USER CODE BEGIN USART1_MspDeInit 1 */
 482              		.loc 1 190 5 view .LVU149
 483 0030 2520     		movs	r0, #37
 484 0032 FFF7FEFF 		bl	HAL_NVIC_DisableIRQ
 485              	.LVL24:
 486 0036 EBE7     		b	.L23
 487              	.LVL25:
 488              	.L28:
 201:Core/Src/usart.c **** 
 489              		.loc 1 201 5 view .LVU150
 490 0038 02F5FA32 		add	r2, r2, #128000
 491 003c 136C     		ldr	r3, [r2, #64]
 492 003e 23F40033 		bic	r3, r3, #131072
 493 0042 1364     		str	r3, [r2, #64]
 207:Core/Src/usart.c **** 
 494              		.loc 1 207 5 view .LVU151
 495 0044 0C21     		movs	r1, #12
 496 0046 0548     		ldr	r0, .L29+8
 497              	.LVL26:
 207:Core/Src/usart.c **** 
 498              		.loc 1 207 5 is_stmt 0 view .LVU152
 499 0048 FFF7FEFF 		bl	HAL_GPIO_DeInit
 500              	.LVL27:
 210:Core/Src/usart.c ****   /* USER CODE BEGIN USART2_MspDeInit 1 */
 501              		.loc 1 210 5 is_stmt 1 view .LVU153
ARM GAS  D:\software\msy64\tmp\cc2t4Tvj.s 			page 15


 502 004c 2620     		movs	r0, #38
 503 004e FFF7FEFF 		bl	HAL_NVIC_DisableIRQ
 504              	.LVL28:
 505              		.loc 1 215 1 is_stmt 0 view .LVU154
 506 0052 DDE7     		b	.L23
 507              	.L30:
 508              		.align	2
 509              	.L29:
 510 0054 00100140 		.word	1073811456
 511 0058 00440040 		.word	1073759232
 512 005c 00000240 		.word	1073872896
 513              		.cfi_endproc
 514              	.LFE137:
 516              		.global	hdma_usart1_rx
 517              		.section	.bss.hdma_usart1_rx,"aw",%nobits
 518              		.align	2
 521              	hdma_usart1_rx:
 522 0000 00000000 		.space	96
 522      00000000 
 522      00000000 
 522      00000000 
 522      00000000 
 523              		.global	huart2
 524              		.section	.bss.huart2,"aw",%nobits
 525              		.align	2
 528              	huart2:
 529 0000 00000000 		.space	72
 529      00000000 
 529      00000000 
 529      00000000 
 529      00000000 
 530              		.global	huart1
 531              		.section	.bss.huart1,"aw",%nobits
 532              		.align	2
 535              	huart1:
 536 0000 00000000 		.space	72
 536      00000000 
 536      00000000 
 536      00000000 
 536      00000000 
 537              		.text
 538              	.Letext0:
 539              		.file 2 "Drivers/CMSIS/Device/ST/STM32F4xx/Include/stm32f407xx.h"
 540              		.file 3 "D:/software/msy64/mingw64/arm-none-eabi/include/machine/_default_types.h"
 541              		.file 4 "D:/software/msy64/mingw64/arm-none-eabi/include/sys/_stdint.h"
 542              		.file 5 "Drivers/STM32F4xx_HAL_Driver/Inc/stm32f4xx_hal_def.h"
 543              		.file 6 "Drivers/STM32F4xx_HAL_Driver/Inc/stm32f4xx_hal_gpio.h"
 544              		.file 7 "Drivers/STM32F4xx_HAL_Driver/Inc/stm32f4xx_hal_dma.h"
 545              		.file 8 "Drivers/STM32F4xx_HAL_Driver/Inc/stm32f4xx_hal_uart.h"
 546              		.file 9 "Core/Inc/usart.h"
 547              		.file 10 "Drivers/STM32F4xx_HAL_Driver/Inc/stm32f4xx_hal_cortex.h"
 548              		.file 11 "Core/Inc/main.h"
ARM GAS  D:\software\msy64\tmp\cc2t4Tvj.s 			page 16


DEFINED SYMBOLS
                            *ABS*:00000000 usart.c
D:\software\msy64\tmp\cc2t4Tvj.s:21     .text.MX_USART1_UART_Init:00000000 $t
D:\software\msy64\tmp\cc2t4Tvj.s:27     .text.MX_USART1_UART_Init:00000000 MX_USART1_UART_Init
D:\software\msy64\tmp\cc2t4Tvj.s:85     .text.MX_USART1_UART_Init:0000002c $d
D:\software\msy64\tmp\cc2t4Tvj.s:535    .bss.huart1:00000000 huart1
D:\software\msy64\tmp\cc2t4Tvj.s:91     .text.MX_USART2_UART_Init:00000000 $t
D:\software\msy64\tmp\cc2t4Tvj.s:97     .text.MX_USART2_UART_Init:00000000 MX_USART2_UART_Init
D:\software\msy64\tmp\cc2t4Tvj.s:155    .text.MX_USART2_UART_Init:0000002c $d
D:\software\msy64\tmp\cc2t4Tvj.s:528    .bss.huart2:00000000 huart2
D:\software\msy64\tmp\cc2t4Tvj.s:161    .text.HAL_UART_MspInit:00000000 $t
D:\software\msy64\tmp\cc2t4Tvj.s:167    .text.HAL_UART_MspInit:00000000 HAL_UART_MspInit
D:\software\msy64\tmp\cc2t4Tvj.s:417    .text.HAL_UART_MspInit:00000108 $d
D:\software\msy64\tmp\cc2t4Tvj.s:521    .bss.hdma_usart1_rx:00000000 hdma_usart1_rx
D:\software\msy64\tmp\cc2t4Tvj.s:427    .text.HAL_UART_MspDeInit:00000000 $t
D:\software\msy64\tmp\cc2t4Tvj.s:433    .text.HAL_UART_MspDeInit:00000000 HAL_UART_MspDeInit
D:\software\msy64\tmp\cc2t4Tvj.s:510    .text.HAL_UART_MspDeInit:00000054 $d
D:\software\msy64\tmp\cc2t4Tvj.s:518    .bss.hdma_usart1_rx:00000000 $d
D:\software\msy64\tmp\cc2t4Tvj.s:525    .bss.huart2:00000000 $d
D:\software\msy64\tmp\cc2t4Tvj.s:532    .bss.huart1:00000000 $d

UNDEFINED SYMBOLS
HAL_UART_Init
Error_Handler
HAL_GPIO_Init
HAL_DMA_Init
HAL_NVIC_SetPriority
HAL_NVIC_EnableIRQ
HAL_GPIO_DeInit
HAL_DMA_DeInit
HAL_NVIC_DisableIRQ
