ARM GAS  D:\software\msy64\tmp\ccvrabN2.s 			page 1


   1              		.cpu cortex-m3
   2              		.arch armv7-m
   3              		.fpu softvfp
   4              		.eabi_attribute 20, 1
   5              		.eabi_attribute 21, 1
   6              		.eabi_attribute 23, 3
   7              		.eabi_attribute 24, 1
   8              		.eabi_attribute 25, 1
   9              		.eabi_attribute 26, 1
  10              		.eabi_attribute 30, 1
  11              		.eabi_attribute 34, 1
  12              		.eabi_attribute 18, 4
  13              		.file	"gpio.c"
  14              		.text
  15              	.Ltext0:
  16              		.cfi_sections	.debug_frame
  17              		.file 1 "Core/Src/gpio.c"
  18              		.section	.text.MX_GPIO_Init,"ax",%progbits
  19              		.align	1
  20              		.global	MX_GPIO_Init
  21              		.syntax unified
  22              		.thumb
  23              		.thumb_func
  25              	MX_GPIO_Init:
  26              	.LFB65:
   1:Core/Src/gpio.c **** /* USER CODE BEGIN Header */
   2:Core/Src/gpio.c **** /**
   3:Core/Src/gpio.c ****   ******************************************************************************
   4:Core/Src/gpio.c ****   * @file    gpio.c
   5:Core/Src/gpio.c ****   * @brief   This file provides code for the configuration
   6:Core/Src/gpio.c ****   *          of all used GPIO pins.
   7:Core/Src/gpio.c ****   ******************************************************************************
   8:Core/Src/gpio.c ****   * @attention
   9:Core/Src/gpio.c ****   *
  10:Core/Src/gpio.c ****   * Copyright (c) 2025 STMicroelectronics.
  11:Core/Src/gpio.c ****   * All rights reserved.
  12:Core/Src/gpio.c ****   *
  13:Core/Src/gpio.c ****   * This software is licensed under terms that can be found in the LICENSE file
  14:Core/Src/gpio.c ****   * in the root directory of this software component.
  15:Core/Src/gpio.c ****   * If no LICENSE file comes with this software, it is provided AS-IS.
  16:Core/Src/gpio.c ****   *
  17:Core/Src/gpio.c ****   ******************************************************************************
  18:Core/Src/gpio.c ****   */
  19:Core/Src/gpio.c **** /* USER CODE END Header */
  20:Core/Src/gpio.c **** 
  21:Core/Src/gpio.c **** /* Includes ------------------------------------------------------------------*/
  22:Core/Src/gpio.c **** #include "gpio.h"
  23:Core/Src/gpio.c **** 
  24:Core/Src/gpio.c **** /* USER CODE BEGIN 0 */
  25:Core/Src/gpio.c **** 
  26:Core/Src/gpio.c **** /* USER CODE END 0 */
  27:Core/Src/gpio.c **** 
  28:Core/Src/gpio.c **** /*----------------------------------------------------------------------------*/
  29:Core/Src/gpio.c **** /* Configure GPIO                                                             */
  30:Core/Src/gpio.c **** /*----------------------------------------------------------------------------*/
  31:Core/Src/gpio.c **** /* USER CODE BEGIN 1 */
  32:Core/Src/gpio.c **** 
ARM GAS  D:\software\msy64\tmp\ccvrabN2.s 			page 2


  33:Core/Src/gpio.c **** /* USER CODE END 1 */
  34:Core/Src/gpio.c **** 
  35:Core/Src/gpio.c **** /** Configure pins as
  36:Core/Src/gpio.c ****         * Analog
  37:Core/Src/gpio.c ****         * Input
  38:Core/Src/gpio.c ****         * Output
  39:Core/Src/gpio.c ****         * EVENT_OUT
  40:Core/Src/gpio.c ****         * EXTI
  41:Core/Src/gpio.c **** */
  42:Core/Src/gpio.c **** void MX_GPIO_Init(void)
  43:Core/Src/gpio.c **** {
  27              		.loc 1 43 1 view -0
  28              		.cfi_startproc
  29              		@ args = 0, pretend = 0, frame = 32
  30              		@ frame_needed = 0, uses_anonymous_args = 0
  31 0000 70B5     		push	{r4, r5, r6, lr}
  32              	.LCFI0:
  33              		.cfi_def_cfa_offset 16
  34              		.cfi_offset 4, -16
  35              		.cfi_offset 5, -12
  36              		.cfi_offset 6, -8
  37              		.cfi_offset 14, -4
  38 0002 88B0     		sub	sp, sp, #32
  39              	.LCFI1:
  40              		.cfi_def_cfa_offset 48
  44:Core/Src/gpio.c **** 
  45:Core/Src/gpio.c ****   GPIO_InitTypeDef GPIO_InitStruct = {0};
  41              		.loc 1 45 3 view .LVU1
  42              		.loc 1 45 20 is_stmt 0 view .LVU2
  43 0004 0024     		movs	r4, #0
  44 0006 0494     		str	r4, [sp, #16]
  45 0008 0594     		str	r4, [sp, #20]
  46 000a 0694     		str	r4, [sp, #24]
  47 000c 0794     		str	r4, [sp, #28]
  46:Core/Src/gpio.c **** 
  47:Core/Src/gpio.c ****   /* GPIO Ports Clock Enable */
  48:Core/Src/gpio.c ****   __HAL_RCC_GPIOD_CLK_ENABLE();
  48              		.loc 1 48 3 is_stmt 1 view .LVU3
  49              	.LBB2:
  50              		.loc 1 48 3 view .LVU4
  51              		.loc 1 48 3 view .LVU5
  52 000e 1E4B     		ldr	r3, .L3
  53 0010 9A69     		ldr	r2, [r3, #24]
  54 0012 42F02002 		orr	r2, r2, #32
  55 0016 9A61     		str	r2, [r3, #24]
  56              		.loc 1 48 3 view .LVU6
  57 0018 9A69     		ldr	r2, [r3, #24]
  58 001a 02F02002 		and	r2, r2, #32
  59 001e 0192     		str	r2, [sp, #4]
  60              		.loc 1 48 3 view .LVU7
  61 0020 019A     		ldr	r2, [sp, #4]
  62              	.LBE2:
  63              		.loc 1 48 3 view .LVU8
  49:Core/Src/gpio.c ****   __HAL_RCC_GPIOA_CLK_ENABLE();
  64              		.loc 1 49 3 view .LVU9
  65              	.LBB3:
  66              		.loc 1 49 3 view .LVU10
ARM GAS  D:\software\msy64\tmp\ccvrabN2.s 			page 3


  67              		.loc 1 49 3 view .LVU11
  68 0022 9A69     		ldr	r2, [r3, #24]
  69 0024 42F00402 		orr	r2, r2, #4
  70 0028 9A61     		str	r2, [r3, #24]
  71              		.loc 1 49 3 view .LVU12
  72 002a 9A69     		ldr	r2, [r3, #24]
  73 002c 02F00402 		and	r2, r2, #4
  74 0030 0292     		str	r2, [sp, #8]
  75              		.loc 1 49 3 view .LVU13
  76 0032 029A     		ldr	r2, [sp, #8]
  77              	.LBE3:
  78              		.loc 1 49 3 view .LVU14
  50:Core/Src/gpio.c ****   __HAL_RCC_GPIOB_CLK_ENABLE();
  79              		.loc 1 50 3 view .LVU15
  80              	.LBB4:
  81              		.loc 1 50 3 view .LVU16
  82              		.loc 1 50 3 view .LVU17
  83 0034 9A69     		ldr	r2, [r3, #24]
  84 0036 42F00802 		orr	r2, r2, #8
  85 003a 9A61     		str	r2, [r3, #24]
  86              		.loc 1 50 3 view .LVU18
  87 003c 9B69     		ldr	r3, [r3, #24]
  88 003e 03F00803 		and	r3, r3, #8
  89 0042 0393     		str	r3, [sp, #12]
  90              		.loc 1 50 3 view .LVU19
  91 0044 039B     		ldr	r3, [sp, #12]
  92              	.LBE4:
  93              		.loc 1 50 3 view .LVU20
  51:Core/Src/gpio.c **** 
  52:Core/Src/gpio.c ****   /*Configure GPIO pin Output Level */
  53:Core/Src/gpio.c ****   HAL_GPIO_WritePin(GPIOB, LED_Pin|T_SCL_Pin|T_SDA_Pin|OLED_SCL_Pin
  94              		.loc 1 53 3 view .LVU21
  95 0046 114D     		ldr	r5, .L3+4
  96 0048 2246     		mov	r2, r4
  97 004a 4FF4E661 		mov	r1, #1840
  98 004e 2846     		mov	r0, r5
  99 0050 FFF7FEFF 		bl	HAL_GPIO_WritePin
 100              	.LVL0:
  54:Core/Src/gpio.c ****                           |OLED_SDA_Pin, GPIO_PIN_RESET);
  55:Core/Src/gpio.c **** 
  56:Core/Src/gpio.c ****   /*Configure GPIO pin : LED_Pin */
  57:Core/Src/gpio.c ****   GPIO_InitStruct.Pin = LED_Pin;
 101              		.loc 1 57 3 view .LVU22
 102              		.loc 1 57 23 is_stmt 0 view .LVU23
 103 0054 4FF48063 		mov	r3, #1024
 104 0058 0493     		str	r3, [sp, #16]
  58:Core/Src/gpio.c ****   GPIO_InitStruct.Mode = GPIO_MODE_OUTPUT_PP;
 105              		.loc 1 58 3 is_stmt 1 view .LVU24
 106              		.loc 1 58 24 is_stmt 0 view .LVU25
 107 005a 0126     		movs	r6, #1
 108 005c 0596     		str	r6, [sp, #20]
  59:Core/Src/gpio.c ****   GPIO_InitStruct.Pull = GPIO_NOPULL;
 109              		.loc 1 59 3 is_stmt 1 view .LVU26
 110              		.loc 1 59 24 is_stmt 0 view .LVU27
 111 005e 0694     		str	r4, [sp, #24]
  60:Core/Src/gpio.c ****   GPIO_InitStruct.Speed = GPIO_SPEED_FREQ_LOW;
 112              		.loc 1 60 3 is_stmt 1 view .LVU28
ARM GAS  D:\software\msy64\tmp\ccvrabN2.s 			page 4


 113              		.loc 1 60 25 is_stmt 0 view .LVU29
 114 0060 0223     		movs	r3, #2
 115 0062 0793     		str	r3, [sp, #28]
  61:Core/Src/gpio.c ****   HAL_GPIO_Init(LED_GPIO_Port, &GPIO_InitStruct);
 116              		.loc 1 61 3 is_stmt 1 view .LVU30
 117 0064 04A9     		add	r1, sp, #16
 118 0066 2846     		mov	r0, r5
 119 0068 FFF7FEFF 		bl	HAL_GPIO_Init
 120              	.LVL1:
  62:Core/Src/gpio.c **** 
  63:Core/Src/gpio.c ****   /*Configure GPIO pins : T_SCL_Pin T_SDA_Pin OLED_SCL_Pin OLED_SDA_Pin */
  64:Core/Src/gpio.c ****   GPIO_InitStruct.Pin = T_SCL_Pin|T_SDA_Pin|OLED_SCL_Pin|OLED_SDA_Pin;
 121              		.loc 1 64 3 view .LVU31
 122              		.loc 1 64 23 is_stmt 0 view .LVU32
 123 006c 4FF44C73 		mov	r3, #816
 124 0070 0493     		str	r3, [sp, #16]
  65:Core/Src/gpio.c ****   GPIO_InitStruct.Mode = GPIO_MODE_OUTPUT_OD;
 125              		.loc 1 65 3 is_stmt 1 view .LVU33
 126              		.loc 1 65 24 is_stmt 0 view .LVU34
 127 0072 1123     		movs	r3, #17
 128 0074 0593     		str	r3, [sp, #20]
  66:Core/Src/gpio.c ****   GPIO_InitStruct.Pull = GPIO_PULLUP;
 129              		.loc 1 66 3 is_stmt 1 view .LVU35
 130              		.loc 1 66 24 is_stmt 0 view .LVU36
 131 0076 0696     		str	r6, [sp, #24]
  67:Core/Src/gpio.c ****   GPIO_InitStruct.Speed = GPIO_SPEED_FREQ_HIGH;
 132              		.loc 1 67 3 is_stmt 1 view .LVU37
 133              		.loc 1 67 25 is_stmt 0 view .LVU38
 134 0078 0323     		movs	r3, #3
 135 007a 0793     		str	r3, [sp, #28]
  68:Core/Src/gpio.c ****   HAL_GPIO_Init(GPIOB, &GPIO_InitStruct);
 136              		.loc 1 68 3 is_stmt 1 view .LVU39
 137 007c 04A9     		add	r1, sp, #16
 138 007e 2846     		mov	r0, r5
 139 0080 FFF7FEFF 		bl	HAL_GPIO_Init
 140              	.LVL2:
  69:Core/Src/gpio.c **** 
  70:Core/Src/gpio.c **** }
 141              		.loc 1 70 1 is_stmt 0 view .LVU40
 142 0084 08B0     		add	sp, sp, #32
 143              	.LCFI2:
 144              		.cfi_def_cfa_offset 16
 145              		@ sp needed
 146 0086 70BD     		pop	{r4, r5, r6, pc}
 147              	.L4:
 148              		.align	2
 149              	.L3:
 150 0088 00100240 		.word	1073876992
 151 008c 000C0140 		.word	1073810432
 152              		.cfi_endproc
 153              	.LFE65:
 155              		.text
 156              	.Letext0:
 157              		.file 2 "D:/software/msy64/mingw64/arm-none-eabi/include/machine/_default_types.h"
 158              		.file 3 "D:/software/msy64/mingw64/arm-none-eabi/include/sys/_stdint.h"
 159              		.file 4 "Drivers/CMSIS/Device/ST/STM32F1xx/Include/stm32f103xb.h"
 160              		.file 5 "Drivers/STM32F1xx_HAL_Driver/Inc/stm32f1xx_hal_gpio.h"
ARM GAS  D:\software\msy64\tmp\ccvrabN2.s 			page 5


ARM GAS  D:\software\msy64\tmp\ccvrabN2.s 			page 6


DEFINED SYMBOLS
                            *ABS*:00000000 gpio.c
D:\software\msy64\tmp\ccvrabN2.s:19     .text.MX_GPIO_Init:00000000 $t
D:\software\msy64\tmp\ccvrabN2.s:25     .text.MX_GPIO_Init:00000000 MX_GPIO_Init
D:\software\msy64\tmp\ccvrabN2.s:150    .text.MX_GPIO_Init:00000088 $d

UNDEFINED SYMBOLS
HAL_GPIO_WritePin
HAL_GPIO_Init
