ARM GAS  D:\software\msy64\tmp\ccgo8084.s 			page 1


   1              		.cpu cortex-m3
   2              		.arch armv7-m
   3              		.fpu softvfp
   4              		.eabi_attribute 20, 1
   5              		.eabi_attribute 21, 1
   6              		.eabi_attribute 23, 3
   7              		.eabi_attribute 24, 1
   8              		.eabi_attribute 25, 1
   9              		.eabi_attribute 26, 1
  10              		.eabi_attribute 30, 1
  11              		.eabi_attribute 34, 1
  12              		.eabi_attribute 18, 4
  13              		.file	"main.c"
  14              		.text
  15              	.Ltext0:
  16              		.cfi_sections	.debug_frame
  17              		.file 1 "Core/Src/main.c"
  18              		.section	.text.HAL_TIM_PeriodElapsedCallback,"ax",%progbits
  19              		.align	1
  20              		.global	HAL_TIM_PeriodElapsedCallback
  21              		.syntax unified
  22              		.thumb
  23              		.thumb_func
  25              	HAL_TIM_PeriodElapsedCallback:
  26              	.LVL0:
  27              	.LFB72:
   1:Core/Src/main.c **** /* USER CODE BEGIN Header */
   2:Core/Src/main.c **** /**
   3:Core/Src/main.c ****  ******************************************************************************
   4:Core/Src/main.c ****  * @file           : main.c
   5:Core/Src/main.c ****  * @brief          : Main program body
   6:Core/Src/main.c ****  ******************************************************************************
   7:Core/Src/main.c ****  * @attention
   8:Core/Src/main.c ****  *
   9:Core/Src/main.c ****  * Copyright (c) 2025 STMicroelectronics.
  10:Core/Src/main.c ****  * All rights reserved.
  11:Core/Src/main.c ****  *
  12:Core/Src/main.c ****  * This software is licensed under terms that can be found in the LICENSE file
  13:Core/Src/main.c ****  * in the root directory of this software component.
  14:Core/Src/main.c ****  * If no LICENSE file comes with this software, it is provided AS-IS.
  15:Core/Src/main.c ****  *
  16:Core/Src/main.c ****  ******************************************************************************
  17:Core/Src/main.c ****  */
  18:Core/Src/main.c **** /* USER CODE END Header */
  19:Core/Src/main.c **** /* Includes ------------------------------------------------------------------*/
  20:Core/Src/main.c **** #include "main.h"
  21:Core/Src/main.c **** #include "cmsis_os.h"
  22:Core/Src/main.c **** #include "adc.h"
  23:Core/Src/main.c **** #include "dma.h"
  24:Core/Src/main.c **** #include "i2c.h"
  25:Core/Src/main.c **** #include "tim.h"
  26:Core/Src/main.c **** #include "usart.h"
  27:Core/Src/main.c **** #include "gpio.h"
  28:Core/Src/main.c **** 
  29:Core/Src/main.c **** /* Private includes ----------------------------------------------------------*/
  30:Core/Src/main.c **** /* USER CODE BEGIN Includes */
  31:Core/Src/main.c **** #include "calculate.h"
ARM GAS  D:\software\msy64\tmp\ccgo8084.s 			page 2


  32:Core/Src/main.c **** #include "oled.h"
  33:Core/Src/main.c **** #include "myiic.h"
  34:Core/Src/main.c **** #include "ci.h"
  35:Core/Src/main.c **** #include "temperature.h"
  36:Core/Src/main.c **** /* USER CODE END Includes */
  37:Core/Src/main.c **** 
  38:Core/Src/main.c **** /* Private typedef -----------------------------------------------------------*/
  39:Core/Src/main.c **** /* USER CODE BEGIN PTD */
  40:Core/Src/main.c **** 
  41:Core/Src/main.c **** /* USER CODE END PTD */
  42:Core/Src/main.c **** 
  43:Core/Src/main.c **** /* Private define ------------------------------------------------------------*/
  44:Core/Src/main.c **** /* USER CODE BEGIN PD */
  45:Core/Src/main.c **** 
  46:Core/Src/main.c **** /* USER CODE END PD */
  47:Core/Src/main.c **** 
  48:Core/Src/main.c **** /* Private macro -------------------------------------------------------------*/
  49:Core/Src/main.c **** /* USER CODE BEGIN PM */
  50:Core/Src/main.c **** 
  51:Core/Src/main.c **** /* USER CODE END PM */
  52:Core/Src/main.c **** 
  53:Core/Src/main.c **** /* Private variables ---------------------------------------------------------*/
  54:Core/Src/main.c **** 
  55:Core/Src/main.c **** /* USER CODE BEGIN PV */
  56:Core/Src/main.c **** 
  57:Core/Src/main.c **** /* USER CODE END PV */
  58:Core/Src/main.c **** 
  59:Core/Src/main.c **** /* Private function prototypes -----------------------------------------------*/
  60:Core/Src/main.c **** void SystemClock_Config(void);
  61:Core/Src/main.c **** void MX_FREERTOS_Init(void);
  62:Core/Src/main.c **** /* USER CODE BEGIN PFP */
  63:Core/Src/main.c **** 
  64:Core/Src/main.c **** /* USER CODE END PFP */
  65:Core/Src/main.c **** 
  66:Core/Src/main.c **** /* Private user code ---------------------------------------------------------*/
  67:Core/Src/main.c **** /* USER CODE BEGIN 0 */
  68:Core/Src/main.c **** 
  69:Core/Src/main.c **** /* USER CODE END 0 */
  70:Core/Src/main.c **** 
  71:Core/Src/main.c **** /**
  72:Core/Src/main.c ****  * @brief  The application entry point.
  73:Core/Src/main.c ****  * @retval int
  74:Core/Src/main.c ****  */
  75:Core/Src/main.c **** int main(void)
  76:Core/Src/main.c **** {
  77:Core/Src/main.c **** 
  78:Core/Src/main.c ****   /* USER CODE BEGIN 1 */
  79:Core/Src/main.c **** 
  80:Core/Src/main.c ****   /* USER CODE END 1 */
  81:Core/Src/main.c **** 
  82:Core/Src/main.c ****   /* MCU Configuration--------------------------------------------------------*/
  83:Core/Src/main.c **** 
  84:Core/Src/main.c ****   /* Reset of all peripherals, Initializes the Flash interface and the Systick. */
  85:Core/Src/main.c ****   HAL_Init();
  86:Core/Src/main.c **** 
  87:Core/Src/main.c ****   /* USER CODE BEGIN Init */
  88:Core/Src/main.c **** 
ARM GAS  D:\software\msy64\tmp\ccgo8084.s 			page 3


  89:Core/Src/main.c ****   /* USER CODE END Init */
  90:Core/Src/main.c **** 
  91:Core/Src/main.c ****   /* Configure the system clock */
  92:Core/Src/main.c ****   SystemClock_Config();
  93:Core/Src/main.c **** 
  94:Core/Src/main.c ****   /* USER CODE BEGIN SysInit */
  95:Core/Src/main.c **** 
  96:Core/Src/main.c ****   /* USER CODE END SysInit */
  97:Core/Src/main.c **** 
  98:Core/Src/main.c ****   /* Initialize all configured peripherals */
  99:Core/Src/main.c ****   MX_GPIO_Init();
 100:Core/Src/main.c ****   MX_DMA_Init();
 101:Core/Src/main.c ****   MX_ADC1_Init();
 102:Core/Src/main.c ****   MX_TIM3_Init();
 103:Core/Src/main.c ****   MX_USART1_UART_Init();
 104:Core/Src/main.c ****   MX_USART2_UART_Init();
 105:Core/Src/main.c ****   MX_I2C1_Init();
 106:Core/Src/main.c ****   /* USER CODE BEGIN 2 */
 107:Core/Src/main.c ****   AngleDataInit();
 108:Core/Src/main.c ****   /* USER CODE END 2 */
 109:Core/Src/main.c **** 
 110:Core/Src/main.c ****   /* Call init function for freertos objects (in cmsis_os2.c) */
 111:Core/Src/main.c ****   MX_FREERTOS_Init();
 112:Core/Src/main.c **** 
 113:Core/Src/main.c ****   /* Start scheduler */
 114:Core/Src/main.c ****   osKernelStart();
 115:Core/Src/main.c **** 
 116:Core/Src/main.c ****   /* We should never get here as control is now taken by the scheduler */
 117:Core/Src/main.c **** 
 118:Core/Src/main.c ****   /* Infinite loop */
 119:Core/Src/main.c ****   /* USER CODE BEGIN WHILE */
 120:Core/Src/main.c ****   while (1)
 121:Core/Src/main.c ****   {
 122:Core/Src/main.c ****     /* USER CODE END WHILE */
 123:Core/Src/main.c **** 
 124:Core/Src/main.c ****     /* USER CODE BEGIN 3 */
 125:Core/Src/main.c ****   }
 126:Core/Src/main.c ****   /* USER CODE END 3 */
 127:Core/Src/main.c **** }
 128:Core/Src/main.c **** 
 129:Core/Src/main.c **** /**
 130:Core/Src/main.c ****  * @brief System Clock Configuration
 131:Core/Src/main.c ****  * @retval None
 132:Core/Src/main.c ****  */
 133:Core/Src/main.c **** void SystemClock_Config(void)
 134:Core/Src/main.c **** {
 135:Core/Src/main.c ****   RCC_OscInitTypeDef RCC_OscInitStruct = {0};
 136:Core/Src/main.c ****   RCC_ClkInitTypeDef RCC_ClkInitStruct = {0};
 137:Core/Src/main.c ****   RCC_PeriphCLKInitTypeDef PeriphClkInit = {0};
 138:Core/Src/main.c **** 
 139:Core/Src/main.c ****   /** Initializes the RCC Oscillators according to the specified parameters
 140:Core/Src/main.c ****    * in the RCC_OscInitTypeDef structure.
 141:Core/Src/main.c ****    */
 142:Core/Src/main.c ****   RCC_OscInitStruct.OscillatorType = RCC_OSCILLATORTYPE_HSE;
 143:Core/Src/main.c ****   RCC_OscInitStruct.HSEState = RCC_HSE_ON;
 144:Core/Src/main.c ****   RCC_OscInitStruct.HSEPredivValue = RCC_HSE_PREDIV_DIV1;
 145:Core/Src/main.c ****   RCC_OscInitStruct.HSIState = RCC_HSI_ON;
ARM GAS  D:\software\msy64\tmp\ccgo8084.s 			page 4


 146:Core/Src/main.c ****   RCC_OscInitStruct.PLL.PLLState = RCC_PLL_ON;
 147:Core/Src/main.c ****   RCC_OscInitStruct.PLL.PLLSource = RCC_PLLSOURCE_HSE;
 148:Core/Src/main.c ****   RCC_OscInitStruct.PLL.PLLMUL = RCC_PLL_MUL9;
 149:Core/Src/main.c ****   if (HAL_RCC_OscConfig(&RCC_OscInitStruct) != HAL_OK)
 150:Core/Src/main.c ****   {
 151:Core/Src/main.c ****     Error_Handler();
 152:Core/Src/main.c ****   }
 153:Core/Src/main.c **** 
 154:Core/Src/main.c ****   /** Initializes the CPU, AHB and APB buses clocks
 155:Core/Src/main.c ****    */
 156:Core/Src/main.c ****   RCC_ClkInitStruct.ClockType = RCC_CLOCKTYPE_HCLK | RCC_CLOCKTYPE_SYSCLK | RCC_CLOCKTYPE_PCLK1 | R
 157:Core/Src/main.c ****   RCC_ClkInitStruct.SYSCLKSource = RCC_SYSCLKSOURCE_PLLCLK;
 158:Core/Src/main.c ****   RCC_ClkInitStruct.AHBCLKDivider = RCC_SYSCLK_DIV1;
 159:Core/Src/main.c ****   RCC_ClkInitStruct.APB1CLKDivider = RCC_HCLK_DIV2;
 160:Core/Src/main.c ****   RCC_ClkInitStruct.APB2CLKDivider = RCC_HCLK_DIV1;
 161:Core/Src/main.c **** 
 162:Core/Src/main.c ****   if (HAL_RCC_ClockConfig(&RCC_ClkInitStruct, FLASH_LATENCY_2) != HAL_OK)
 163:Core/Src/main.c ****   {
 164:Core/Src/main.c ****     Error_Handler();
 165:Core/Src/main.c ****   }
 166:Core/Src/main.c ****   PeriphClkInit.PeriphClockSelection = RCC_PERIPHCLK_ADC;
 167:Core/Src/main.c ****   PeriphClkInit.AdcClockSelection = RCC_ADCPCLK2_DIV8;
 168:Core/Src/main.c ****   if (HAL_RCCEx_PeriphCLKConfig(&PeriphClkInit) != HAL_OK)
 169:Core/Src/main.c ****   {
 170:Core/Src/main.c ****     Error_Handler();
 171:Core/Src/main.c ****   }
 172:Core/Src/main.c **** }
 173:Core/Src/main.c **** 
 174:Core/Src/main.c **** /* USER CODE BEGIN 4 */
 175:Core/Src/main.c **** 
 176:Core/Src/main.c **** /* USER CODE END 4 */
 177:Core/Src/main.c **** 
 178:Core/Src/main.c **** /**
 179:Core/Src/main.c ****  * @brief  Period elapsed callback in non blocking mode
 180:Core/Src/main.c ****  * @note   This function is called  when TIM4 interrupt took place, inside
 181:Core/Src/main.c ****  * HAL_TIM_IRQHandler(). It makes a direct call to HAL_IncTick() to increment
 182:Core/Src/main.c ****  * a global variable "uwTick" used as application time base.
 183:Core/Src/main.c ****  * @param  htim : TIM handle
 184:Core/Src/main.c ****  * @retval None
 185:Core/Src/main.c ****  */
 186:Core/Src/main.c **** void HAL_TIM_PeriodElapsedCallback(TIM_HandleTypeDef *htim)
 187:Core/Src/main.c **** {
  28              		.loc 1 187 1 view -0
  29              		.cfi_startproc
  30              		@ args = 0, pretend = 0, frame = 0
  31              		@ frame_needed = 0, uses_anonymous_args = 0
  32              		.loc 1 187 1 is_stmt 0 view .LVU1
  33 0000 08B5     		push	{r3, lr}
  34              	.LCFI0:
  35              		.cfi_def_cfa_offset 8
  36              		.cfi_offset 3, -8
  37              		.cfi_offset 14, -4
 188:Core/Src/main.c ****   /* USER CODE BEGIN Callback 0 */
 189:Core/Src/main.c **** 
 190:Core/Src/main.c ****   /* USER CODE END Callback 0 */
 191:Core/Src/main.c ****   if (htim->Instance == TIM4)
  38              		.loc 1 191 3 is_stmt 1 view .LVU2
ARM GAS  D:\software\msy64\tmp\ccgo8084.s 			page 5


  39              		.loc 1 191 11 is_stmt 0 view .LVU3
  40 0002 0268     		ldr	r2, [r0]
  41              		.loc 1 191 6 view .LVU4
  42 0004 034B     		ldr	r3, .L5
  43 0006 9A42     		cmp	r2, r3
  44 0008 00D0     		beq	.L4
  45              	.LVL1:
  46              	.L1:
 192:Core/Src/main.c ****   {
 193:Core/Src/main.c ****     HAL_IncTick();
 194:Core/Src/main.c ****   }
 195:Core/Src/main.c ****   /* USER CODE BEGIN Callback 1 */
 196:Core/Src/main.c **** 
 197:Core/Src/main.c ****   /* USER CODE END Callback 1 */
 198:Core/Src/main.c **** }
  47              		.loc 1 198 1 view .LVU5
  48 000a 08BD     		pop	{r3, pc}
  49              	.LVL2:
  50              	.L4:
 193:Core/Src/main.c ****   }
  51              		.loc 1 193 5 is_stmt 1 view .LVU6
  52 000c FFF7FEFF 		bl	HAL_IncTick
  53              	.LVL3:
  54              		.loc 1 198 1 is_stmt 0 view .LVU7
  55 0010 FBE7     		b	.L1
  56              	.L6:
  57 0012 00BF     		.align	2
  58              	.L5:
  59 0014 00080040 		.word	1073743872
  60              		.cfi_endproc
  61              	.LFE72:
  63              		.section	.text.Error_Handler,"ax",%progbits
  64              		.align	1
  65              		.global	Error_Handler
  66              		.syntax unified
  67              		.thumb
  68              		.thumb_func
  70              	Error_Handler:
  71              	.LFB73:
 199:Core/Src/main.c **** 
 200:Core/Src/main.c **** /**
 201:Core/Src/main.c ****  * @brief  This function is executed in case of error occurrence.
 202:Core/Src/main.c ****  * @retval None
 203:Core/Src/main.c ****  */
 204:Core/Src/main.c **** void Error_Handler(void)
 205:Core/Src/main.c **** {
  72              		.loc 1 205 1 is_stmt 1 view -0
  73              		.cfi_startproc
  74              		@ Volatile: function does not return.
  75              		@ args = 0, pretend = 0, frame = 0
  76              		@ frame_needed = 0, uses_anonymous_args = 0
  77              		@ link register save eliminated.
 206:Core/Src/main.c ****   /* USER CODE BEGIN Error_Handler_Debug */
 207:Core/Src/main.c ****   /* User can add his own implementation to report the HAL error return state */
 208:Core/Src/main.c ****   __disable_irq();
  78              		.loc 1 208 3 view .LVU9
  79              	.LBB4:
ARM GAS  D:\software\msy64\tmp\ccgo8084.s 			page 6


  80              	.LBI4:
  81              		.file 2 "Drivers/CMSIS/Include/cmsis_gcc.h"
   1:Drivers/CMSIS/Include/cmsis_gcc.h **** /**************************************************************************//**
   2:Drivers/CMSIS/Include/cmsis_gcc.h ****  * @file     cmsis_gcc.h
   3:Drivers/CMSIS/Include/cmsis_gcc.h ****  * @brief    CMSIS compiler GCC header file
   4:Drivers/CMSIS/Include/cmsis_gcc.h ****  * @version  V5.0.4
   5:Drivers/CMSIS/Include/cmsis_gcc.h ****  * @date     09. April 2018
   6:Drivers/CMSIS/Include/cmsis_gcc.h ****  ******************************************************************************/
   7:Drivers/CMSIS/Include/cmsis_gcc.h **** /*
   8:Drivers/CMSIS/Include/cmsis_gcc.h ****  * Copyright (c) 2009-2018 Arm Limited. All rights reserved.
   9:Drivers/CMSIS/Include/cmsis_gcc.h ****  *
  10:Drivers/CMSIS/Include/cmsis_gcc.h ****  * SPDX-License-Identifier: Apache-2.0
  11:Drivers/CMSIS/Include/cmsis_gcc.h ****  *
  12:Drivers/CMSIS/Include/cmsis_gcc.h ****  * Licensed under the Apache License, Version 2.0 (the License); you may
  13:Drivers/CMSIS/Include/cmsis_gcc.h ****  * not use this file except in compliance with the License.
  14:Drivers/CMSIS/Include/cmsis_gcc.h ****  * You may obtain a copy of the License at
  15:Drivers/CMSIS/Include/cmsis_gcc.h ****  *
  16:Drivers/CMSIS/Include/cmsis_gcc.h ****  * www.apache.org/licenses/LICENSE-2.0
  17:Drivers/CMSIS/Include/cmsis_gcc.h ****  *
  18:Drivers/CMSIS/Include/cmsis_gcc.h ****  * Unless required by applicable law or agreed to in writing, software
  19:Drivers/CMSIS/Include/cmsis_gcc.h ****  * distributed under the License is distributed on an AS IS BASIS, WITHOUT
  20:Drivers/CMSIS/Include/cmsis_gcc.h ****  * WARRANTIES OR CONDITIONS OF ANY KIND, either express or implied.
  21:Drivers/CMSIS/Include/cmsis_gcc.h ****  * See the License for the specific language governing permissions and
  22:Drivers/CMSIS/Include/cmsis_gcc.h ****  * limitations under the License.
  23:Drivers/CMSIS/Include/cmsis_gcc.h ****  */
  24:Drivers/CMSIS/Include/cmsis_gcc.h **** 
  25:Drivers/CMSIS/Include/cmsis_gcc.h **** #ifndef __CMSIS_GCC_H
  26:Drivers/CMSIS/Include/cmsis_gcc.h **** #define __CMSIS_GCC_H
  27:Drivers/CMSIS/Include/cmsis_gcc.h **** 
  28:Drivers/CMSIS/Include/cmsis_gcc.h **** /* ignore some GCC warnings */
  29:Drivers/CMSIS/Include/cmsis_gcc.h **** #pragma GCC diagnostic push
  30:Drivers/CMSIS/Include/cmsis_gcc.h **** #pragma GCC diagnostic ignored "-Wsign-conversion"
  31:Drivers/CMSIS/Include/cmsis_gcc.h **** #pragma GCC diagnostic ignored "-Wconversion"
  32:Drivers/CMSIS/Include/cmsis_gcc.h **** #pragma GCC diagnostic ignored "-Wunused-parameter"
  33:Drivers/CMSIS/Include/cmsis_gcc.h **** 
  34:Drivers/CMSIS/Include/cmsis_gcc.h **** /* Fallback for __has_builtin */
  35:Drivers/CMSIS/Include/cmsis_gcc.h **** #ifndef __has_builtin
  36:Drivers/CMSIS/Include/cmsis_gcc.h ****   #define __has_builtin(x) (0)
  37:Drivers/CMSIS/Include/cmsis_gcc.h **** #endif
  38:Drivers/CMSIS/Include/cmsis_gcc.h **** 
  39:Drivers/CMSIS/Include/cmsis_gcc.h **** /* CMSIS compiler specific defines */
  40:Drivers/CMSIS/Include/cmsis_gcc.h **** #ifndef   __ASM
  41:Drivers/CMSIS/Include/cmsis_gcc.h ****   #define __ASM                                  __asm
  42:Drivers/CMSIS/Include/cmsis_gcc.h **** #endif
  43:Drivers/CMSIS/Include/cmsis_gcc.h **** #ifndef   __INLINE
  44:Drivers/CMSIS/Include/cmsis_gcc.h ****   #define __INLINE                               inline
  45:Drivers/CMSIS/Include/cmsis_gcc.h **** #endif
  46:Drivers/CMSIS/Include/cmsis_gcc.h **** #ifndef   __STATIC_INLINE
  47:Drivers/CMSIS/Include/cmsis_gcc.h ****   #define __STATIC_INLINE                        static inline
  48:Drivers/CMSIS/Include/cmsis_gcc.h **** #endif
  49:Drivers/CMSIS/Include/cmsis_gcc.h **** #ifndef   __STATIC_FORCEINLINE                 
  50:Drivers/CMSIS/Include/cmsis_gcc.h ****   #define __STATIC_FORCEINLINE                   __attribute__((always_inline)) static inline
  51:Drivers/CMSIS/Include/cmsis_gcc.h **** #endif                                           
  52:Drivers/CMSIS/Include/cmsis_gcc.h **** #ifndef   __NO_RETURN
  53:Drivers/CMSIS/Include/cmsis_gcc.h ****   #define __NO_RETURN                            __attribute__((__noreturn__))
  54:Drivers/CMSIS/Include/cmsis_gcc.h **** #endif
  55:Drivers/CMSIS/Include/cmsis_gcc.h **** #ifndef   __USED
ARM GAS  D:\software\msy64\tmp\ccgo8084.s 			page 7


  56:Drivers/CMSIS/Include/cmsis_gcc.h ****   #define __USED                                 __attribute__((used))
  57:Drivers/CMSIS/Include/cmsis_gcc.h **** #endif
  58:Drivers/CMSIS/Include/cmsis_gcc.h **** #ifndef   __WEAK
  59:Drivers/CMSIS/Include/cmsis_gcc.h ****   #define __WEAK                                 __attribute__((weak))
  60:Drivers/CMSIS/Include/cmsis_gcc.h **** #endif
  61:Drivers/CMSIS/Include/cmsis_gcc.h **** #ifndef   __PACKED
  62:Drivers/CMSIS/Include/cmsis_gcc.h ****   #define __PACKED                               __attribute__((packed, aligned(1)))
  63:Drivers/CMSIS/Include/cmsis_gcc.h **** #endif
  64:Drivers/CMSIS/Include/cmsis_gcc.h **** #ifndef   __PACKED_STRUCT
  65:Drivers/CMSIS/Include/cmsis_gcc.h ****   #define __PACKED_STRUCT                        struct __attribute__((packed, aligned(1)))
  66:Drivers/CMSIS/Include/cmsis_gcc.h **** #endif
  67:Drivers/CMSIS/Include/cmsis_gcc.h **** #ifndef   __PACKED_UNION
  68:Drivers/CMSIS/Include/cmsis_gcc.h ****   #define __PACKED_UNION                         union __attribute__((packed, aligned(1)))
  69:Drivers/CMSIS/Include/cmsis_gcc.h **** #endif
  70:Drivers/CMSIS/Include/cmsis_gcc.h **** #ifndef   __UNALIGNED_UINT32        /* deprecated */
  71:Drivers/CMSIS/Include/cmsis_gcc.h ****   #pragma GCC diagnostic push
  72:Drivers/CMSIS/Include/cmsis_gcc.h ****   #pragma GCC diagnostic ignored "-Wpacked"
  73:Drivers/CMSIS/Include/cmsis_gcc.h ****   #pragma GCC diagnostic ignored "-Wattributes"
  74:Drivers/CMSIS/Include/cmsis_gcc.h ****   struct __attribute__((packed)) T_UINT32 { uint32_t v; };
  75:Drivers/CMSIS/Include/cmsis_gcc.h ****   #pragma GCC diagnostic pop
  76:Drivers/CMSIS/Include/cmsis_gcc.h ****   #define __UNALIGNED_UINT32(x)                  (((struct T_UINT32 *)(x))->v)
  77:Drivers/CMSIS/Include/cmsis_gcc.h **** #endif
  78:Drivers/CMSIS/Include/cmsis_gcc.h **** #ifndef   __UNALIGNED_UINT16_WRITE
  79:Drivers/CMSIS/Include/cmsis_gcc.h ****   #pragma GCC diagnostic push
  80:Drivers/CMSIS/Include/cmsis_gcc.h ****   #pragma GCC diagnostic ignored "-Wpacked"
  81:Drivers/CMSIS/Include/cmsis_gcc.h ****   #pragma GCC diagnostic ignored "-Wattributes"
  82:Drivers/CMSIS/Include/cmsis_gcc.h ****   __PACKED_STRUCT T_UINT16_WRITE { uint16_t v; };
  83:Drivers/CMSIS/Include/cmsis_gcc.h ****   #pragma GCC diagnostic pop
  84:Drivers/CMSIS/Include/cmsis_gcc.h ****   #define __UNALIGNED_UINT16_WRITE(addr, val)    (void)((((struct T_UINT16_WRITE *)(void *)(addr))-
  85:Drivers/CMSIS/Include/cmsis_gcc.h **** #endif
  86:Drivers/CMSIS/Include/cmsis_gcc.h **** #ifndef   __UNALIGNED_UINT16_READ
  87:Drivers/CMSIS/Include/cmsis_gcc.h ****   #pragma GCC diagnostic push
  88:Drivers/CMSIS/Include/cmsis_gcc.h ****   #pragma GCC diagnostic ignored "-Wpacked"
  89:Drivers/CMSIS/Include/cmsis_gcc.h ****   #pragma GCC diagnostic ignored "-Wattributes"
  90:Drivers/CMSIS/Include/cmsis_gcc.h ****   __PACKED_STRUCT T_UINT16_READ { uint16_t v; };
  91:Drivers/CMSIS/Include/cmsis_gcc.h ****   #pragma GCC diagnostic pop
  92:Drivers/CMSIS/Include/cmsis_gcc.h ****   #define __UNALIGNED_UINT16_READ(addr)          (((const struct T_UINT16_READ *)(const void *)(add
  93:Drivers/CMSIS/Include/cmsis_gcc.h **** #endif
  94:Drivers/CMSIS/Include/cmsis_gcc.h **** #ifndef   __UNALIGNED_UINT32_WRITE
  95:Drivers/CMSIS/Include/cmsis_gcc.h ****   #pragma GCC diagnostic push
  96:Drivers/CMSIS/Include/cmsis_gcc.h ****   #pragma GCC diagnostic ignored "-Wpacked"
  97:Drivers/CMSIS/Include/cmsis_gcc.h ****   #pragma GCC diagnostic ignored "-Wattributes"
  98:Drivers/CMSIS/Include/cmsis_gcc.h ****   __PACKED_STRUCT T_UINT32_WRITE { uint32_t v; };
  99:Drivers/CMSIS/Include/cmsis_gcc.h ****   #pragma GCC diagnostic pop
 100:Drivers/CMSIS/Include/cmsis_gcc.h ****   #define __UNALIGNED_UINT32_WRITE(addr, val)    (void)((((struct T_UINT32_WRITE *)(void *)(addr))-
 101:Drivers/CMSIS/Include/cmsis_gcc.h **** #endif
 102:Drivers/CMSIS/Include/cmsis_gcc.h **** #ifndef   __UNALIGNED_UINT32_READ
 103:Drivers/CMSIS/Include/cmsis_gcc.h ****   #pragma GCC diagnostic push
 104:Drivers/CMSIS/Include/cmsis_gcc.h ****   #pragma GCC diagnostic ignored "-Wpacked"
 105:Drivers/CMSIS/Include/cmsis_gcc.h ****   #pragma GCC diagnostic ignored "-Wattributes"
 106:Drivers/CMSIS/Include/cmsis_gcc.h ****   __PACKED_STRUCT T_UINT32_READ { uint32_t v; };
 107:Drivers/CMSIS/Include/cmsis_gcc.h ****   #pragma GCC diagnostic pop
 108:Drivers/CMSIS/Include/cmsis_gcc.h ****   #define __UNALIGNED_UINT32_READ(addr)          (((const struct T_UINT32_READ *)(const void *)(add
 109:Drivers/CMSIS/Include/cmsis_gcc.h **** #endif
 110:Drivers/CMSIS/Include/cmsis_gcc.h **** #ifndef   __ALIGNED
 111:Drivers/CMSIS/Include/cmsis_gcc.h ****   #define __ALIGNED(x)                           __attribute__((aligned(x)))
 112:Drivers/CMSIS/Include/cmsis_gcc.h **** #endif
ARM GAS  D:\software\msy64\tmp\ccgo8084.s 			page 8


 113:Drivers/CMSIS/Include/cmsis_gcc.h **** #ifndef   __RESTRICT
 114:Drivers/CMSIS/Include/cmsis_gcc.h ****   #define __RESTRICT                             __restrict
 115:Drivers/CMSIS/Include/cmsis_gcc.h **** #endif
 116:Drivers/CMSIS/Include/cmsis_gcc.h **** 
 117:Drivers/CMSIS/Include/cmsis_gcc.h **** 
 118:Drivers/CMSIS/Include/cmsis_gcc.h **** /* ###########################  Core Function Access  ########################### */
 119:Drivers/CMSIS/Include/cmsis_gcc.h **** /** \ingroup  CMSIS_Core_FunctionInterface
 120:Drivers/CMSIS/Include/cmsis_gcc.h ****     \defgroup CMSIS_Core_RegAccFunctions CMSIS Core Register Access Functions
 121:Drivers/CMSIS/Include/cmsis_gcc.h ****   @{
 122:Drivers/CMSIS/Include/cmsis_gcc.h ****  */
 123:Drivers/CMSIS/Include/cmsis_gcc.h **** 
 124:Drivers/CMSIS/Include/cmsis_gcc.h **** /**
 125:Drivers/CMSIS/Include/cmsis_gcc.h ****   \brief   Enable IRQ Interrupts
 126:Drivers/CMSIS/Include/cmsis_gcc.h ****   \details Enables IRQ interrupts by clearing the I-bit in the CPSR.
 127:Drivers/CMSIS/Include/cmsis_gcc.h ****            Can only be executed in Privileged modes.
 128:Drivers/CMSIS/Include/cmsis_gcc.h ****  */
 129:Drivers/CMSIS/Include/cmsis_gcc.h **** __STATIC_FORCEINLINE void __enable_irq(void)
 130:Drivers/CMSIS/Include/cmsis_gcc.h **** {
 131:Drivers/CMSIS/Include/cmsis_gcc.h ****   __ASM volatile ("cpsie i" : : : "memory");
 132:Drivers/CMSIS/Include/cmsis_gcc.h **** }
 133:Drivers/CMSIS/Include/cmsis_gcc.h **** 
 134:Drivers/CMSIS/Include/cmsis_gcc.h **** 
 135:Drivers/CMSIS/Include/cmsis_gcc.h **** /**
 136:Drivers/CMSIS/Include/cmsis_gcc.h ****   \brief   Disable IRQ Interrupts
 137:Drivers/CMSIS/Include/cmsis_gcc.h ****   \details Disables IRQ interrupts by setting the I-bit in the CPSR.
 138:Drivers/CMSIS/Include/cmsis_gcc.h ****            Can only be executed in Privileged modes.
 139:Drivers/CMSIS/Include/cmsis_gcc.h ****  */
 140:Drivers/CMSIS/Include/cmsis_gcc.h **** __STATIC_FORCEINLINE void __disable_irq(void)
  82              		.loc 2 140 27 view .LVU10
  83              	.LBB5:
 141:Drivers/CMSIS/Include/cmsis_gcc.h **** {
 142:Drivers/CMSIS/Include/cmsis_gcc.h ****   __ASM volatile ("cpsid i" : : : "memory");
  84              		.loc 2 142 3 view .LVU11
  85              		.syntax unified
  86              	@ 142 "Drivers/CMSIS/Include/cmsis_gcc.h" 1
  87 0000 72B6     		cpsid i
  88              	@ 0 "" 2
  89              		.thumb
  90              		.syntax unified
  91              	.L8:
  92              	.LBE5:
  93              	.LBE4:
 209:Core/Src/main.c ****   while (1)
  94              		.loc 1 209 3 view .LVU12
 210:Core/Src/main.c ****   {
 211:Core/Src/main.c ****   }
  95              		.loc 1 211 3 view .LVU13
 209:Core/Src/main.c ****   while (1)
  96              		.loc 1 209 9 view .LVU14
  97 0002 FEE7     		b	.L8
  98              		.cfi_endproc
  99              	.LFE73:
 101              		.section	.text.SystemClock_Config,"ax",%progbits
 102              		.align	1
 103              		.global	SystemClock_Config
 104              		.syntax unified
 105              		.thumb
ARM GAS  D:\software\msy64\tmp\ccgo8084.s 			page 9


 106              		.thumb_func
 108              	SystemClock_Config:
 109              	.LFB71:
 134:Core/Src/main.c ****   RCC_OscInitTypeDef RCC_OscInitStruct = {0};
 110              		.loc 1 134 1 view -0
 111              		.cfi_startproc
 112              		@ args = 0, pretend = 0, frame = 80
 113              		@ frame_needed = 0, uses_anonymous_args = 0
 114 0000 00B5     		push	{lr}
 115              	.LCFI1:
 116              		.cfi_def_cfa_offset 4
 117              		.cfi_offset 14, -4
 118 0002 95B0     		sub	sp, sp, #84
 119              	.LCFI2:
 120              		.cfi_def_cfa_offset 88
 135:Core/Src/main.c ****   RCC_ClkInitTypeDef RCC_ClkInitStruct = {0};
 121              		.loc 1 135 3 view .LVU16
 135:Core/Src/main.c ****   RCC_ClkInitTypeDef RCC_ClkInitStruct = {0};
 122              		.loc 1 135 22 is_stmt 0 view .LVU17
 123 0004 2822     		movs	r2, #40
 124 0006 0021     		movs	r1, #0
 125 0008 0DEB0200 		add	r0, sp, r2
 126 000c FFF7FEFF 		bl	memset
 127              	.LVL4:
 136:Core/Src/main.c ****   RCC_PeriphCLKInitTypeDef PeriphClkInit = {0};
 128              		.loc 1 136 3 is_stmt 1 view .LVU18
 136:Core/Src/main.c ****   RCC_PeriphCLKInitTypeDef PeriphClkInit = {0};
 129              		.loc 1 136 22 is_stmt 0 view .LVU19
 130 0010 0023     		movs	r3, #0
 131 0012 0593     		str	r3, [sp, #20]
 132 0014 0693     		str	r3, [sp, #24]
 133 0016 0793     		str	r3, [sp, #28]
 134 0018 0893     		str	r3, [sp, #32]
 135 001a 0993     		str	r3, [sp, #36]
 137:Core/Src/main.c **** 
 136              		.loc 1 137 3 is_stmt 1 view .LVU20
 137:Core/Src/main.c **** 
 137              		.loc 1 137 28 is_stmt 0 view .LVU21
 138 001c 0193     		str	r3, [sp, #4]
 139 001e 0293     		str	r3, [sp, #8]
 140 0020 0393     		str	r3, [sp, #12]
 141 0022 0493     		str	r3, [sp, #16]
 142:Core/Src/main.c ****   RCC_OscInitStruct.HSEState = RCC_HSE_ON;
 142              		.loc 1 142 3 is_stmt 1 view .LVU22
 142:Core/Src/main.c ****   RCC_OscInitStruct.HSEState = RCC_HSE_ON;
 143              		.loc 1 142 36 is_stmt 0 view .LVU23
 144 0024 0122     		movs	r2, #1
 145 0026 0A92     		str	r2, [sp, #40]
 143:Core/Src/main.c ****   RCC_OscInitStruct.HSEPredivValue = RCC_HSE_PREDIV_DIV1;
 146              		.loc 1 143 3 is_stmt 1 view .LVU24
 143:Core/Src/main.c ****   RCC_OscInitStruct.HSEPredivValue = RCC_HSE_PREDIV_DIV1;
 147              		.loc 1 143 30 is_stmt 0 view .LVU25
 148 0028 4FF48033 		mov	r3, #65536
 149 002c 0B93     		str	r3, [sp, #44]
 144:Core/Src/main.c ****   RCC_OscInitStruct.HSIState = RCC_HSI_ON;
 150              		.loc 1 144 3 is_stmt 1 view .LVU26
 145:Core/Src/main.c ****   RCC_OscInitStruct.PLL.PLLState = RCC_PLL_ON;
ARM GAS  D:\software\msy64\tmp\ccgo8084.s 			page 10


 151              		.loc 1 145 3 view .LVU27
 145:Core/Src/main.c ****   RCC_OscInitStruct.PLL.PLLState = RCC_PLL_ON;
 152              		.loc 1 145 30 is_stmt 0 view .LVU28
 153 002e 0E92     		str	r2, [sp, #56]
 146:Core/Src/main.c ****   RCC_OscInitStruct.PLL.PLLSource = RCC_PLLSOURCE_HSE;
 154              		.loc 1 146 3 is_stmt 1 view .LVU29
 146:Core/Src/main.c ****   RCC_OscInitStruct.PLL.PLLSource = RCC_PLLSOURCE_HSE;
 155              		.loc 1 146 34 is_stmt 0 view .LVU30
 156 0030 0222     		movs	r2, #2
 157 0032 1192     		str	r2, [sp, #68]
 147:Core/Src/main.c ****   RCC_OscInitStruct.PLL.PLLMUL = RCC_PLL_MUL9;
 158              		.loc 1 147 3 is_stmt 1 view .LVU31
 147:Core/Src/main.c ****   RCC_OscInitStruct.PLL.PLLMUL = RCC_PLL_MUL9;
 159              		.loc 1 147 35 is_stmt 0 view .LVU32
 160 0034 1293     		str	r3, [sp, #72]
 148:Core/Src/main.c ****   if (HAL_RCC_OscConfig(&RCC_OscInitStruct) != HAL_OK)
 161              		.loc 1 148 3 is_stmt 1 view .LVU33
 148:Core/Src/main.c ****   if (HAL_RCC_OscConfig(&RCC_OscInitStruct) != HAL_OK)
 162              		.loc 1 148 32 is_stmt 0 view .LVU34
 163 0036 4FF4E013 		mov	r3, #1835008
 164 003a 1393     		str	r3, [sp, #76]
 149:Core/Src/main.c ****   {
 165              		.loc 1 149 3 is_stmt 1 view .LVU35
 149:Core/Src/main.c ****   {
 166              		.loc 1 149 7 is_stmt 0 view .LVU36
 167 003c 0AA8     		add	r0, sp, #40
 168 003e FFF7FEFF 		bl	HAL_RCC_OscConfig
 169              	.LVL5:
 149:Core/Src/main.c ****   {
 170              		.loc 1 149 6 discriminator 1 view .LVU37
 171 0042 C8B9     		cbnz	r0, .L14
 156:Core/Src/main.c ****   RCC_ClkInitStruct.SYSCLKSource = RCC_SYSCLKSOURCE_PLLCLK;
 172              		.loc 1 156 3 is_stmt 1 view .LVU38
 156:Core/Src/main.c ****   RCC_ClkInitStruct.SYSCLKSource = RCC_SYSCLKSOURCE_PLLCLK;
 173              		.loc 1 156 31 is_stmt 0 view .LVU39
 174 0044 0F23     		movs	r3, #15
 175 0046 0593     		str	r3, [sp, #20]
 157:Core/Src/main.c ****   RCC_ClkInitStruct.AHBCLKDivider = RCC_SYSCLK_DIV1;
 176              		.loc 1 157 3 is_stmt 1 view .LVU40
 157:Core/Src/main.c ****   RCC_ClkInitStruct.AHBCLKDivider = RCC_SYSCLK_DIV1;
 177              		.loc 1 157 34 is_stmt 0 view .LVU41
 178 0048 0221     		movs	r1, #2
 179 004a 0691     		str	r1, [sp, #24]
 158:Core/Src/main.c ****   RCC_ClkInitStruct.APB1CLKDivider = RCC_HCLK_DIV2;
 180              		.loc 1 158 3 is_stmt 1 view .LVU42
 158:Core/Src/main.c ****   RCC_ClkInitStruct.APB1CLKDivider = RCC_HCLK_DIV2;
 181              		.loc 1 158 35 is_stmt 0 view .LVU43
 182 004c 0023     		movs	r3, #0
 183 004e 0793     		str	r3, [sp, #28]
 159:Core/Src/main.c ****   RCC_ClkInitStruct.APB2CLKDivider = RCC_HCLK_DIV1;
 184              		.loc 1 159 3 is_stmt 1 view .LVU44
 159:Core/Src/main.c ****   RCC_ClkInitStruct.APB2CLKDivider = RCC_HCLK_DIV1;
 185              		.loc 1 159 36 is_stmt 0 view .LVU45
 186 0050 4FF48062 		mov	r2, #1024
 187 0054 0892     		str	r2, [sp, #32]
 160:Core/Src/main.c **** 
 188              		.loc 1 160 3 is_stmt 1 view .LVU46
ARM GAS  D:\software\msy64\tmp\ccgo8084.s 			page 11


 160:Core/Src/main.c **** 
 189              		.loc 1 160 36 is_stmt 0 view .LVU47
 190 0056 0993     		str	r3, [sp, #36]
 162:Core/Src/main.c ****   {
 191              		.loc 1 162 3 is_stmt 1 view .LVU48
 162:Core/Src/main.c ****   {
 192              		.loc 1 162 7 is_stmt 0 view .LVU49
 193 0058 05A8     		add	r0, sp, #20
 194 005a FFF7FEFF 		bl	HAL_RCC_ClockConfig
 195              	.LVL6:
 162:Core/Src/main.c ****   {
 196              		.loc 1 162 6 discriminator 1 view .LVU50
 197 005e 68B9     		cbnz	r0, .L15
 166:Core/Src/main.c ****   PeriphClkInit.AdcClockSelection = RCC_ADCPCLK2_DIV8;
 198              		.loc 1 166 3 is_stmt 1 view .LVU51
 166:Core/Src/main.c ****   PeriphClkInit.AdcClockSelection = RCC_ADCPCLK2_DIV8;
 199              		.loc 1 166 38 is_stmt 0 view .LVU52
 200 0060 0223     		movs	r3, #2
 201 0062 0193     		str	r3, [sp, #4]
 167:Core/Src/main.c ****   if (HAL_RCCEx_PeriphCLKConfig(&PeriphClkInit) != HAL_OK)
 202              		.loc 1 167 3 is_stmt 1 view .LVU53
 167:Core/Src/main.c ****   if (HAL_RCCEx_PeriphCLKConfig(&PeriphClkInit) != HAL_OK)
 203              		.loc 1 167 35 is_stmt 0 view .LVU54
 204 0064 4FF44043 		mov	r3, #49152
 205 0068 0393     		str	r3, [sp, #12]
 168:Core/Src/main.c ****   {
 206              		.loc 1 168 3 is_stmt 1 view .LVU55
 168:Core/Src/main.c ****   {
 207              		.loc 1 168 7 is_stmt 0 view .LVU56
 208 006a 01A8     		add	r0, sp, #4
 209 006c FFF7FEFF 		bl	HAL_RCCEx_PeriphCLKConfig
 210              	.LVL7:
 168:Core/Src/main.c ****   {
 211              		.loc 1 168 6 discriminator 1 view .LVU57
 212 0070 30B9     		cbnz	r0, .L16
 172:Core/Src/main.c **** 
 213              		.loc 1 172 1 view .LVU58
 214 0072 15B0     		add	sp, sp, #84
 215              	.LCFI3:
 216              		.cfi_remember_state
 217              		.cfi_def_cfa_offset 4
 218              		@ sp needed
 219 0074 5DF804FB 		ldr	pc, [sp], #4
 220              	.L14:
 221              	.LCFI4:
 222              		.cfi_restore_state
 151:Core/Src/main.c ****   }
 223              		.loc 1 151 5 is_stmt 1 view .LVU59
 224 0078 FFF7FEFF 		bl	Error_Handler
 225              	.LVL8:
 226              	.L15:
 164:Core/Src/main.c ****   }
 227              		.loc 1 164 5 view .LVU60
 228 007c FFF7FEFF 		bl	Error_Handler
 229              	.LVL9:
 230              	.L16:
 170:Core/Src/main.c ****   }
ARM GAS  D:\software\msy64\tmp\ccgo8084.s 			page 12


 231              		.loc 1 170 5 view .LVU61
 232 0080 FFF7FEFF 		bl	Error_Handler
 233              	.LVL10:
 234              		.cfi_endproc
 235              	.LFE71:
 237              		.section	.text.main,"ax",%progbits
 238              		.align	1
 239              		.global	main
 240              		.syntax unified
 241              		.thumb
 242              		.thumb_func
 244              	main:
 245              	.LFB70:
  76:Core/Src/main.c **** 
 246              		.loc 1 76 1 view -0
 247              		.cfi_startproc
 248              		@ Volatile: function does not return.
 249              		@ args = 0, pretend = 0, frame = 0
 250              		@ frame_needed = 0, uses_anonymous_args = 0
 251 0000 08B5     		push	{r3, lr}
 252              	.LCFI5:
 253              		.cfi_def_cfa_offset 8
 254              		.cfi_offset 3, -8
 255              		.cfi_offset 14, -4
  85:Core/Src/main.c **** 
 256              		.loc 1 85 3 view .LVU63
 257 0002 FFF7FEFF 		bl	HAL_Init
 258              	.LVL11:
  92:Core/Src/main.c **** 
 259              		.loc 1 92 3 view .LVU64
 260 0006 FFF7FEFF 		bl	SystemClock_Config
 261              	.LVL12:
  99:Core/Src/main.c ****   MX_DMA_Init();
 262              		.loc 1 99 3 view .LVU65
 263 000a FFF7FEFF 		bl	MX_GPIO_Init
 264              	.LVL13:
 100:Core/Src/main.c ****   MX_ADC1_Init();
 265              		.loc 1 100 3 view .LVU66
 266 000e FFF7FEFF 		bl	MX_DMA_Init
 267              	.LVL14:
 101:Core/Src/main.c ****   MX_TIM3_Init();
 268              		.loc 1 101 3 view .LVU67
 269 0012 FFF7FEFF 		bl	MX_ADC1_Init
 270              	.LVL15:
 102:Core/Src/main.c ****   MX_USART1_UART_Init();
 271              		.loc 1 102 3 view .LVU68
 272 0016 FFF7FEFF 		bl	MX_TIM3_Init
 273              	.LVL16:
 103:Core/Src/main.c ****   MX_USART2_UART_Init();
 274              		.loc 1 103 3 view .LVU69
 275 001a FFF7FEFF 		bl	MX_USART1_UART_Init
 276              	.LVL17:
 104:Core/Src/main.c ****   MX_I2C1_Init();
 277              		.loc 1 104 3 view .LVU70
 278 001e FFF7FEFF 		bl	MX_USART2_UART_Init
 279              	.LVL18:
 105:Core/Src/main.c ****   /* USER CODE BEGIN 2 */
ARM GAS  D:\software\msy64\tmp\ccgo8084.s 			page 13


 280              		.loc 1 105 3 view .LVU71
 281 0022 FFF7FEFF 		bl	MX_I2C1_Init
 282              	.LVL19:
 107:Core/Src/main.c ****   /* USER CODE END 2 */
 283              		.loc 1 107 3 view .LVU72
 284 0026 FFF7FEFF 		bl	AngleDataInit
 285              	.LVL20:
 111:Core/Src/main.c **** 
 286              		.loc 1 111 3 view .LVU73
 287 002a FFF7FEFF 		bl	MX_FREERTOS_Init
 288              	.LVL21:
 114:Core/Src/main.c **** 
 289              		.loc 1 114 3 view .LVU74
 290 002e FFF7FEFF 		bl	osKernelStart
 291              	.LVL22:
 292              	.L18:
 120:Core/Src/main.c ****   {
 293              		.loc 1 120 3 view .LVU75
 125:Core/Src/main.c ****   /* USER CODE END 3 */
 294              		.loc 1 125 3 view .LVU76
 120:Core/Src/main.c ****   {
 295              		.loc 1 120 9 view .LVU77
 296 0032 FEE7     		b	.L18
 297              		.cfi_endproc
 298              	.LFE70:
 300              		.text
 301              	.Letext0:
 302              		.file 3 "D:/software/msy64/mingw64/arm-none-eabi/include/machine/_default_types.h"
 303              		.file 4 "D:/software/msy64/mingw64/arm-none-eabi/include/sys/_stdint.h"
 304              		.file 5 "Drivers/CMSIS/Device/ST/STM32F1xx/Include/stm32f103xb.h"
 305              		.file 6 "Drivers/STM32F1xx_HAL_Driver/Inc/stm32f1xx_hal_def.h"
 306              		.file 7 "Drivers/STM32F1xx_HAL_Driver/Inc/stm32f1xx_hal_rcc.h"
 307              		.file 8 "Drivers/STM32F1xx_HAL_Driver/Inc/stm32f1xx_hal_rcc_ex.h"
 308              		.file 9 "Drivers/STM32F1xx_HAL_Driver/Inc/stm32f1xx_hal_dma.h"
 309              		.file 10 "Drivers/STM32F1xx_HAL_Driver/Inc/stm32f1xx_hal_tim.h"
 310              		.file 11 "Middlewares/Third_Party/FreeRTOS/Source/CMSIS_RTOS/cmsis_os.h"
 311              		.file 12 "Drivers/STM32F1xx_HAL_Driver/Inc/stm32f1xx_hal.h"
 312              		.file 13 "Core/Inc/calculate.h"
 313              		.file 14 "Core/Inc/i2c.h"
 314              		.file 15 "Core/Inc/usart.h"
 315              		.file 16 "Core/Inc/tim.h"
 316              		.file 17 "Core/Inc/adc.h"
 317              		.file 18 "Core/Inc/dma.h"
 318              		.file 19 "Core/Inc/gpio.h"
 319              		.file 20 "<built-in>"
ARM GAS  D:\software\msy64\tmp\ccgo8084.s 			page 14


DEFINED SYMBOLS
                            *ABS*:00000000 main.c
D:\software\msy64\tmp\ccgo8084.s:19     .text.HAL_TIM_PeriodElapsedCallback:00000000 $t
D:\software\msy64\tmp\ccgo8084.s:25     .text.HAL_TIM_PeriodElapsedCallback:00000000 HAL_TIM_PeriodElapsedCallback
D:\software\msy64\tmp\ccgo8084.s:59     .text.HAL_TIM_PeriodElapsedCallback:00000014 $d
D:\software\msy64\tmp\ccgo8084.s:64     .text.Error_Handler:00000000 $t
D:\software\msy64\tmp\ccgo8084.s:70     .text.Error_Handler:00000000 Error_Handler
D:\software\msy64\tmp\ccgo8084.s:102    .text.SystemClock_Config:00000000 $t
D:\software\msy64\tmp\ccgo8084.s:108    .text.SystemClock_Config:00000000 SystemClock_Config
D:\software\msy64\tmp\ccgo8084.s:238    .text.main:00000000 $t
D:\software\msy64\tmp\ccgo8084.s:244    .text.main:00000000 main

UNDEFINED SYMBOLS
HAL_IncTick
memset
HAL_RCC_OscConfig
HAL_RCC_ClockConfig
HAL_RCCEx_PeriphCLKConfig
HAL_Init
MX_GPIO_Init
MX_DMA_Init
MX_ADC1_Init
MX_TIM3_Init
MX_USART1_UART_Init
MX_USART2_UART_Init
MX_I2C1_Init
AngleDataInit
MX_FREERTOS_Init
osKernelStart
