Archive member included to satisfy reference by file (symbol)

D:/software/msy64/mingw64/bin/../lib/gcc/arm-none-eabi/13.3.0/../../../../arm-none-eabi/lib/thumb/v7-m/nofp\libc_nano.a(libc_a-atexit.o)
                              D:/software/msy64/mingw64/bin/../lib/gcc/arm-none-eabi/13.3.0/../../../../arm-none-eabi/lib/thumb/v7-m/nofp/crt0.o (atexit)
D:/software/msy64/mingw64/bin/../lib/gcc/arm-none-eabi/13.3.0/../../../../arm-none-eabi/lib/thumb/v7-m/nofp\libc_nano.a(libc_a-exit.o)
                              D:/software/msy64/mingw64/bin/../lib/gcc/arm-none-eabi/13.3.0/../../../../arm-none-eabi/lib/thumb/v7-m/nofp/crt0.o (exit)
D:/software/msy64/mingw64/bin/../lib/gcc/arm-none-eabi/13.3.0/../../../../arm-none-eabi/lib/thumb/v7-m/nofp\libc_nano.a(libc_a-findfp.o)
                              D:/software/msy64/mingw64/bin/../lib/gcc/arm-none-eabi/13.3.0/../../../../arm-none-eabi/lib/thumb/v7-m/nofp\libc_nano.a(libc_a-exit.o) (__stdio_exit_handler)
D:/software/msy64/mingw64/bin/../lib/gcc/arm-none-eabi/13.3.0/../../../../arm-none-eabi/lib/thumb/v7-m/nofp\libc_nano.a(libc_a-fwalk.o)
                              D:/software/msy64/mingw64/bin/../lib/gcc/arm-none-eabi/13.3.0/../../../../arm-none-eabi/lib/thumb/v7-m/nofp\libc_nano.a(libc_a-findfp.o) (_fwalk_sglue)
D:/software/msy64/mingw64/bin/../lib/gcc/arm-none-eabi/13.3.0/../../../../arm-none-eabi/lib/thumb/v7-m/nofp\libc_nano.a(libc_a-stdio.o)
                              D:/software/msy64/mingw64/bin/../lib/gcc/arm-none-eabi/13.3.0/../../../../arm-none-eabi/lib/thumb/v7-m/nofp\libc_nano.a(libc_a-findfp.o) (__sread)
D:/software/msy64/mingw64/bin/../lib/gcc/arm-none-eabi/13.3.0/../../../../arm-none-eabi/lib/thumb/v7-m/nofp\libc_nano.a(libc_a-memset.o)
                              D:/software/msy64/mingw64/bin/../lib/gcc/arm-none-eabi/13.3.0/../../../../arm-none-eabi/lib/thumb/v7-m/nofp/crt0.o (memset)
D:/software/msy64/mingw64/bin/../lib/gcc/arm-none-eabi/13.3.0/../../../../arm-none-eabi/lib/thumb/v7-m/nofp\libc_nano.a(libc_a-closer.o)
                              D:/software/msy64/mingw64/bin/../lib/gcc/arm-none-eabi/13.3.0/../../../../arm-none-eabi/lib/thumb/v7-m/nofp\libc_nano.a(libc_a-stdio.o) (_close_r)
D:/software/msy64/mingw64/bin/../lib/gcc/arm-none-eabi/13.3.0/../../../../arm-none-eabi/lib/thumb/v7-m/nofp\libc_nano.a(libc_a-reent.o)
                              D:/software/msy64/mingw64/bin/../lib/gcc/arm-none-eabi/13.3.0/../../../../arm-none-eabi/lib/thumb/v7-m/nofp\libc_nano.a(libc_a-closer.o) (errno)
D:/software/msy64/mingw64/bin/../lib/gcc/arm-none-eabi/13.3.0/../../../../arm-none-eabi/lib/thumb/v7-m/nofp\libc_nano.a(libc_a-impure.o)
                              D:/software/msy64/mingw64/bin/../lib/gcc/arm-none-eabi/13.3.0/../../../../arm-none-eabi/lib/thumb/v7-m/nofp\libc_nano.a(libc_a-reent.o) (_impure_ptr)
D:/software/msy64/mingw64/bin/../lib/gcc/arm-none-eabi/13.3.0/../../../../arm-none-eabi/lib/thumb/v7-m/nofp\libc_nano.a(libc_a-lseekr.o)
                              D:/software/msy64/mingw64/bin/../lib/gcc/arm-none-eabi/13.3.0/../../../../arm-none-eabi/lib/thumb/v7-m/nofp\libc_nano.a(libc_a-stdio.o) (_lseek_r)
D:/software/msy64/mingw64/bin/../lib/gcc/arm-none-eabi/13.3.0/../../../../arm-none-eabi/lib/thumb/v7-m/nofp\libc_nano.a(libc_a-readr.o)
                              D:/software/msy64/mingw64/bin/../lib/gcc/arm-none-eabi/13.3.0/../../../../arm-none-eabi/lib/thumb/v7-m/nofp\libc_nano.a(libc_a-stdio.o) (_read_r)
D:/software/msy64/mingw64/bin/../lib/gcc/arm-none-eabi/13.3.0/../../../../arm-none-eabi/lib/thumb/v7-m/nofp\libc_nano.a(libc_a-writer.o)
                              D:/software/msy64/mingw64/bin/../lib/gcc/arm-none-eabi/13.3.0/../../../../arm-none-eabi/lib/thumb/v7-m/nofp\libc_nano.a(libc_a-stdio.o) (_write_r)
D:/software/msy64/mingw64/bin/../lib/gcc/arm-none-eabi/13.3.0/../../../../arm-none-eabi/lib/thumb/v7-m/nofp\libc_nano.a(libc_a-init.o)
                              D:/software/msy64/mingw64/bin/../lib/gcc/arm-none-eabi/13.3.0/../../../../arm-none-eabi/lib/thumb/v7-m/nofp/crt0.o (__libc_init_array)
D:/software/msy64/mingw64/bin/../lib/gcc/arm-none-eabi/13.3.0/../../../../arm-none-eabi/lib/thumb/v7-m/nofp\libc_nano.a(libc_a-fini.o)
                              D:/software/msy64/mingw64/bin/../lib/gcc/arm-none-eabi/13.3.0/../../../../arm-none-eabi/lib/thumb/v7-m/nofp/crt0.o (__libc_fini_array)
D:/software/msy64/mingw64/bin/../lib/gcc/arm-none-eabi/13.3.0/../../../../arm-none-eabi/lib/thumb/v7-m/nofp\libc_nano.a(libc_a-lock.o)
                              D:/software/msy64/mingw64/bin/../lib/gcc/arm-none-eabi/13.3.0/../../../../arm-none-eabi/lib/thumb/v7-m/nofp\libc_nano.a(libc_a-findfp.o) (__retarget_lock_init_recursive)
D:/software/msy64/mingw64/bin/../lib/gcc/arm-none-eabi/13.3.0/../../../../arm-none-eabi/lib/thumb/v7-m/nofp\libc_nano.a(libc_a-memcpy.o)
                              build/queue.o (memcpy)
[...]
Memory Configuration

Name             Origin             Length             Attributes
RAM              0x20000000         0x00005000         xrw
FLASH            0x08000000         0x00010000         xr
*default*        0x00000000         0xffffffff

Linker script and memory map

LOAD D:/software/msy64/mingw64/bin/../lib/gcc/arm-none-eabi/13.3.0/thumb/v7-m/nofp/crti.o
LOAD D:/software/msy64/mingw64/bin/../lib/gcc/arm-none-eabi/13.3.0/thumb/v7-m/nofp/crtbegin.o
LOAD D:/software/msy64/mingw64/bin/../lib/gcc/arm-none-eabi/13.3.0/../../../../arm-none-eabi/lib/thumb/v7-m/nofp/crt0.o
LOAD build/main.o
LOAD build/gpio.o
LOAD build/freertos.o
LOAD build/adc.o
LOAD build/dma.o
LOAD build/tim.o
LOAD build/usart.o
LOAD build/stm32f1xx_it.o
LOAD build/stm32f1xx_hal_msp.o
LOAD build/stm32f1xx_hal_timebase_tim.o
LOAD build/oled.o
LOAD build/temperature.o
LOAD build/encouder.o
LOAD build/myiic.o
LOAD build/ci.o
LOAD build/calculate.o
LOAD build/stm32f1xx_hal_gpio_ex.o
LOAD build/stm32f1xx_hal_tim.o
LOAD build/stm32f1xx_hal_tim_ex.o
LOAD build/stm32f1xx_hal_adc.o
LOAD build/stm32f1xx_hal_adc_ex.o
LOAD build/stm32f1xx_hal.o
LOAD build/stm32f1xx_hal_rcc.o
LOAD build/stm32f1xx_hal_rcc_ex.o
LOAD build/stm32f1xx_hal_gpio.o
LOAD build/stm32f1xx_hal_dma.o
LOAD build/stm32f1xx_hal_cortex.o
LOAD build/stm32f1xx_hal_pwr.o
LOAD build/stm32f1xx_hal_flash.o
LOAD build/stm32f1xx_hal_flash_ex.o
LOAD build/stm32f1xx_hal_exti.o
LOAD build/stm32f1xx_hal_uart.o
LOAD build/system_stm32f1xx.o
LOAD build/croutine.o
LOAD build/event_groups.o
LOAD build/list.o
LOAD build/queue.o
LOAD build/stream_buffer.o
LOAD build/tasks.o
LOAD build/timers.o
LOAD build/cmsis_os.o
LOAD build/heap_4.o
LOAD build/port.o
LOAD build/i2c.o
LOAD build/stm32f1xx_hal_i2c.o
LOAD build/startup_stm32f103xb.o
LOAD D:/software/msy64/mingw64/bin/../lib/gcc/arm-none-eabi/13.3.0/../../../../arm-none-eabi/lib/thumb/v7-m/nofp\libc_nano.a
LOAD D:/software/msy64/mingw64/bin/../lib/gcc/arm-none-eabi/13.3.0/../../../../arm-none-eabi/lib/thumb/v7-m/nofp\libm.a
LOAD D:/software/msy64/mingw64/bin/../lib/gcc/arm-none-eabi/13.3.0/../../../../arm-none-eabi/lib/thumb/v7-m/nofp\libnosys.a
START GROUP
LOAD D:/software/msy64/mingw64/bin/../lib/gcc/arm-none-eabi/13.3.0/thumb/v7-m/nofp\libgcc.a
LOAD D:/software/msy64/mingw64/bin/../lib/gcc/arm-none-eabi/13.3.0/../../../../arm-none-eabi/lib/thumb/v7-m/nofp\libc_nano.a
END GROUP
START GROUP
LOAD D:/software/msy64/mingw64/bin/../lib/gcc/arm-none-eabi/13.3.0/thumb/v7-m/nofp\libgcc.a
LOAD D:/software/msy64/mingw64/bin/../lib/gcc/arm-none-eabi/13.3.0/../../../../arm-none-eabi/lib/thumb/v7-m/nofp\libc_nano.a
END GROUP
LOAD D:/software/msy64/mingw64/bin/../lib/gcc/arm-none-eabi/13.3.0/thumb/v7-m/nofp/crtend.o
LOAD D:/software/msy64/mingw64/bin/../lib/gcc/arm-none-eabi/13.3.0/thumb/v7-m/nofp/crtn.o
                0x20005000                        _estack = (ORIGIN (RAM) + LENGTH (RAM))
                0x00000200                        _Min_Heap_Size = 0x200
                0x00000400                        _Min_Stack_Size = 0x400

.isr_vector     0x08000000      0x10c
                0x08000000                        . = ALIGN (0x4)
 *(.isr_vector)
 .isr_vector    0x08000000      0x10c build/startup_stm32f103xb.o
                0x08000000                g_pfnVectors
                0x0800010c                        . = ALIGN (0x4)

.text           0x08000110     0x52ec
                0x08000110                        . = ALIGN (0x4)
 *(.text)
 .text          0x08000110       0xa0 D:/software/msy64/mingw64/bin/../lib/gcc/arm-none-eabi/13.3.0/../../../../arm-none-eabi/lib/thumb/v7-m/nofp\libc_nano.a(libc_a-memset.o)
                0x08000110                memset
 .text          0x080001b0       0x50 D:/software/msy64/mingw64/bin/../lib/gcc/arm-none-eabi/13.3.0/../../../../arm-none-eabi/lib/thumb/v7-m/nofp\libc_nano.a(libc_a-init.o)
                0x080001b0                __libc_init_array
 .text          0x08000200      0x21c D:/software/msy64/mingw64/bin/../lib/gcc/arm-none-eabi/13.3.0/thumb/v7-m/nofp\libgcc.a(_arm_addsubsf3.o)
                0x08000200                __aeabi_frsub
                0x08000208                __subsf3
                0x08000208                __aeabi_fsub
                0x0800020c                __aeabi_fadd
                0x0800020c                __addsf3
                0x0800036c                __aeabi_ui2f
                0x0800036c                __floatunsisf
                0x08000374                __aeabi_i2f
                0x08000374                __floatsisf
                0x08000390                __aeabi_ul2f
                0x08000390                __floatundisf
                0x080003a0                __aeabi_l2f
                0x080003a0                __floatdisf
 .text          0x0800041c      0x2a0 D:/software/msy64/mingw64/bin/../lib/gcc/arm-none-eabi/13.3.0/thumb/v7-m/nofp\libgcc.a(_arm_muldivsf3.o)
                0x0800041c                __mulsf3
                0x0800041c                __aeabi_fmul
                0x08000584                __aeabi_fdiv
                0x08000584                __divsf3
 .text          0x080006bc       0xec D:/software/msy64/mingw64/bin/../lib/gcc/arm-none-eabi/13.3.0/thumb/v7-m/nofp\libgcc.a(_arm_cmpsf2.o)
                0x080006bc                __gesf2
                0x080006bc                __gtsf2
                0x080006c4                __lesf2
                0x080006c4                __ltsf2
                0x080006cc                __nesf2
                0x080006cc                __eqsf2
                0x080006cc                __cmpsf2
                0x0800072c                __aeabi_cfrcmple
                0x08000734                __aeabi_cfcmpeq
                0x08000734                __aeabi_cfcmple
                0x08000744                __aeabi_fcmpeq
                0x08000758                __aeabi_fcmplt
                0x0800076c                __aeabi_fcmple
                0x08000780                __aeabi_fcmpge
                0x08000794                __aeabi_fcmpgt
 *(.text*)
 .text.__do_global_dtors_aux
                0x080007a8       0x24 D:/software/msy64/mingw64/bin/../lib/gcc/arm-none-eabi/13.3.0/thumb/v7-m/nofp/crtbegin.o
 .text.frame_dummy
                0x080007cc       0x1c D:/software/msy64/mingw64/bin/../lib/gcc/arm-none-eabi/13.3.0/thumb/v7-m/nofp/crtbegin.o
 .text.HAL_TIM_PeriodElapsedCallback
                0x080007e8       0x18 build/main.o
                0x080007e8                HAL_TIM_PeriodElapsedCallback
 .text.Error_Handler
                0x08000800        0x4 build/main.o
                0x08000800                Error_Handler
 .text.SystemClock_Config
                0x08000804       0x84 build/main.o
                0x08000804                SystemClock_Config
 .text.main     0x08000888       0x34 build/main.o
                0x08000888                main
 .text.MX_GPIO_Init
                0x080008bc       0x78 build/gpio.o
                0x080008bc                MX_GPIO_Init
 .text.LedTask  0x08000934       0x1c build/freertos.o
                0x08000934                LedTask
 .text.SpeedCalTask
                0x08000950       0x14 build/freertos.o
                0x08000950                SpeedCalTask
 .text.vApplicationGetIdleTaskMemory
                0x08000964       0x18 build/freertos.o
                0x08000964                vApplicationGetIdleTaskMemory
 .text.MX_FREERTOS_Init
                0x0800097c       0x5c build/freertos.o
                0x0800097c                MX_FREERTOS_Init
 .text.MX_ADC1_Init
                0x080009d8       0x5c build/adc.o
                0x080009d8                MX_ADC1_Init
 .text.HAL_ADC_MspInit
                0x08000a34       0x98 build/adc.o
                0x08000a34                HAL_ADC_MspInit
 .text.MX_DMA_Init
                0x08000acc       0x34 build/dma.o
                0x08000acc                MX_DMA_Init
 .text.HAL_TIM_PWM_MspInit
                0x08000b00       0x2c build/tim.o
                0x08000b00                HAL_TIM_PWM_MspInit
 .text.HAL_TIM_MspPostInit
                0x08000b2c       0x74 build/tim.o
                0x08000b2c                HAL_TIM_MspPostInit
 .text.MX_TIM3_Init
                0x08000ba0       0xbc build/tim.o
                0x08000ba0                MX_TIM3_Init
 .text.MX_USART1_UART_Init
                0x08000c5c       0x34 build/usart.o
                0x08000c5c                MX_USART1_UART_Init
 .text.MX_USART2_UART_Init
                0x08000c90       0x34 build/usart.o
                0x08000c90                MX_USART2_UART_Init
 .text.HAL_UART_MspInit
                0x08000cc4       0xe4 build/usart.o
                0x08000cc4                HAL_UART_MspInit
 .text.NMI_Handler
                0x08000da8        0x2 build/stm32f1xx_it.o
                0x08000da8                NMI_Handler
 .text.HardFault_Handler
                0x08000daa        0x2 build/stm32f1xx_it.o
                0x08000daa                HardFault_Handler
 .text.MemManage_Handler
                0x08000dac        0x2 build/stm32f1xx_it.o
                0x08000dac                MemManage_Handler
 .text.BusFault_Handler
                0x08000dae        0x2 build/stm32f1xx_it.o
                0x08000dae                BusFault_Handler
 .text.UsageFault_Handler
                0x08000db0        0x2 build/stm32f1xx_it.o
                0x08000db0                UsageFault_Handler
 .text.DebugMon_Handler
                0x08000db2        0x2 build/stm32f1xx_it.o
                0x08000db2                DebugMon_Handler
 .text.DMA1_Channel1_IRQHandler
                0x08000db4       0x10 build/stm32f1xx_it.o
                0x08000db4                DMA1_Channel1_IRQHandler
 .text.TIM4_IRQHandler
                0x08000dc4       0x10 build/stm32f1xx_it.o
                0x08000dc4                TIM4_IRQHandler
 .text.I2C1_EV_IRQHandler
                0x08000dd4       0x10 build/stm32f1xx_it.o
                0x08000dd4                I2C1_EV_IRQHandler
 .text.USART1_IRQHandler
                0x08000de4       0x10 build/stm32f1xx_it.o
                0x08000de4                USART1_IRQHandler
 .text.HAL_MspInit
                0x08000df4       0x54 build/stm32f1xx_hal_msp.o
                0x08000df4                HAL_MspInit
 .text.HAL_InitTick
                0x08000e48       0xa0 build/stm32f1xx_hal_timebase_tim.o
                0x08000e48                HAL_InitTick
 .text.IIC_Read
                0x08000ee8       0x44 build/myiic.o
                0x08000ee8                IIC_Read
 .text.Get_Angle
                0x08000f2c       0x58 build/ci.o
                0x08000f2c                Get_Angle
 .text.AngleDataInit
                0x08000f84       0x1c build/calculate.o
                0x08000f84                AngleDataInit
 .text.AngleDataUpdate
                0x08000fa0       0xd0 build/calculate.o
                0x08000fa0                AngleDataUpdate
 .text.TIM_OC1_SetConfig
                0x08001070       0x54 build/stm32f1xx_hal_tim.o
 .text.TIM_OC3_SetConfig
                0x080010c4       0x5c build/stm32f1xx_hal_tim.o
 .text.TIM_OC4_SetConfig
                0x08001120       0x48 build/stm32f1xx_hal_tim.o
 .text.HAL_TIM_Base_MspInit
                0x08001168        0x2 build/stm32f1xx_hal_tim.o
                0x08001168                HAL_TIM_Base_MspInit
 *fill*         0x0800116a        0x2 
 .text.HAL_TIM_Base_Start_IT
                0x0800116c       0x68 build/stm32f1xx_hal_tim.o
                0x0800116c                HAL_TIM_Base_Start_IT
 .text.HAL_TIM_OC_DelayElapsedCallback
                0x080011d4        0x2 build/stm32f1xx_hal_tim.o
                0x080011d4                HAL_TIM_OC_DelayElapsedCallback
 .text.HAL_TIM_IC_CaptureCallback
                0x080011d6        0x2 build/stm32f1xx_hal_tim.o
                0x080011d6                HAL_TIM_IC_CaptureCallback
 .text.HAL_TIM_PWM_PulseFinishedCallback
                0x080011d8        0x2 build/stm32f1xx_hal_tim.o
                0x080011d8                HAL_TIM_PWM_PulseFinishedCallback
 .text.HAL_TIM_TriggerCallback
                0x080011da        0x2 build/stm32f1xx_hal_tim.o
                0x080011da                HAL_TIM_TriggerCallback
 .text.HAL_TIM_IRQHandler
                0x080011dc      0x15e build/stm32f1xx_hal_tim.o
                0x080011dc                HAL_TIM_IRQHandler
 *fill*         0x0800133a        0x2 
 .text.TIM_Base_SetConfig
                0x0800133c       0x84 build/stm32f1xx_hal_tim.o
                0x0800133c                TIM_Base_SetConfig
 .text.HAL_TIM_Base_Init
                0x080013c0       0x58 build/stm32f1xx_hal_tim.o
                0x080013c0                HAL_TIM_Base_Init
 .text.HAL_TIM_PWM_Init
                0x08001418       0x58 build/stm32f1xx_hal_tim.o
                0x08001418                HAL_TIM_PWM_Init
 .text.TIM_OC2_SetConfig
                0x08001470       0x5c build/stm32f1xx_hal_tim.o
                0x08001470                TIM_OC2_SetConfig
 .text.HAL_TIM_PWM_ConfigChannel
                0x080014cc       0xdc build/stm32f1xx_hal_tim.o
                0x080014cc                HAL_TIM_PWM_ConfigChannel
 .text.HAL_TIMEx_MasterConfigSynchronization
                0x080015a8       0x6c build/stm32f1xx_hal_tim_ex.o
                0x080015a8                HAL_TIMEx_MasterConfigSynchronization
 .text.HAL_TIMEx_CommutCallback
                0x08001614        0x2 build/stm32f1xx_hal_tim_ex.o
                0x08001614                HAL_TIMEx_CommutCallback
 .text.HAL_TIMEx_BreakCallback
                0x08001616        0x2 build/stm32f1xx_hal_tim_ex.o
                0x08001616                HAL_TIMEx_BreakCallback
 .text.HAL_ADC_ConfigChannel
                0x08001618      0x140 build/stm32f1xx_hal_adc.o
                0x08001618                HAL_ADC_ConfigChannel
 .text.ADC_ConversionStop_Disable
                0x08001758       0x56 build/stm32f1xx_hal_adc.o
                0x08001758                ADC_ConversionStop_Disable
 *fill*         0x080017ae        0x2 
 .text.HAL_ADC_Init
                0x080017b0      0x108 build/stm32f1xx_hal_adc.o
                0x080017b0                HAL_ADC_Init
 .text.HAL_Init
                0x080018b8       0x24 build/stm32f1xx_hal.o
                0x080018b8                HAL_Init
 .text.HAL_IncTick
                0x080018dc       0x18 build/stm32f1xx_hal.o
                0x080018dc                HAL_IncTick
 .text.HAL_GetTick
                0x080018f4        0xc build/stm32f1xx_hal.o
                0x080018f4                HAL_GetTick
 .text.RCC_Delay
                0x08001900       0x2c build/stm32f1xx_hal_rcc.o
 .text.HAL_RCC_OscConfig
                0x0800192c      0x410 build/stm32f1xx_hal_rcc.o
                0x0800192c                HAL_RCC_OscConfig
 .text.HAL_RCC_GetSysClockFreq
                0x08001d3c       0x54 build/stm32f1xx_hal_rcc.o
                0x08001d3c                HAL_RCC_GetSysClockFreq
 .text.HAL_RCC_ClockConfig
                0x08001d90      0x16c build/stm32f1xx_hal_rcc.o
                0x08001d90                HAL_RCC_ClockConfig
 .text.HAL_RCC_GetHCLKFreq
                0x08001efc        0xc build/stm32f1xx_hal_rcc.o
                0x08001efc                HAL_RCC_GetHCLKFreq
 .text.HAL_RCC_GetPCLK1Freq
                0x08001f08       0x20 build/stm32f1xx_hal_rcc.o
                0x08001f08                HAL_RCC_GetPCLK1Freq
 .text.HAL_RCC_GetPCLK2Freq
                0x08001f28       0x20 build/stm32f1xx_hal_rcc.o
                0x08001f28                HAL_RCC_GetPCLK2Freq
 .text.HAL_RCC_GetClockConfig
                0x08001f48       0x3c build/stm32f1xx_hal_rcc.o
                0x08001f48                HAL_RCC_GetClockConfig
 .text.HAL_RCCEx_PeriphCLKConfig
                0x08001f84      0x118 build/stm32f1xx_hal_rcc_ex.o
                0x08001f84                HAL_RCCEx_PeriphCLKConfig
 .text.HAL_GPIO_Init
                0x0800209c      0x21c build/stm32f1xx_hal_gpio.o
                0x0800209c                HAL_GPIO_Init
 .text.HAL_GPIO_WritePin
                0x080022b8        0xc build/stm32f1xx_hal_gpio.o
                0x080022b8                HAL_GPIO_WritePin
 .text.HAL_GPIO_TogglePin
                0x080022c4       0x12 build/stm32f1xx_hal_gpio.o
                0x080022c4                HAL_GPIO_TogglePin
 *fill*         0x080022d6        0x2 
 .text.HAL_DMA_Init
                0x080022d8       0x68 build/stm32f1xx_hal_dma.o
                0x080022d8                HAL_DMA_Init
 .text.HAL_DMA_Abort
                0x08002340       0x46 build/stm32f1xx_hal_dma.o
                0x08002340                HAL_DMA_Abort
 *fill*         0x08002386        0x2 
 .text.HAL_DMA_Abort_IT
                0x08002388       0x98 build/stm32f1xx_hal_dma.o
                0x08002388                HAL_DMA_Abort_IT
 .text.HAL_DMA_IRQHandler
                0x08002420      0x144 build/stm32f1xx_hal_dma.o
                0x08002420                HAL_DMA_IRQHandler
 .text.HAL_DMA_GetState
                0x08002564        0x6 build/stm32f1xx_hal_dma.o
                0x08002564                HAL_DMA_GetState
 *fill*         0x0800256a        0x2 
 .text.__NVIC_SetPriority
                0x0800256c       0x28 build/stm32f1xx_hal_cortex.o
 .text.NVIC_EncodePriority
                0x08002594       0x3e build/stm32f1xx_hal_cortex.o
 *fill*         0x080025d2        0x2 
 .text.HAL_NVIC_SetPriorityGrouping
                0x080025d4       0x24 build/stm32f1xx_hal_cortex.o
                0x080025d4                HAL_NVIC_SetPriorityGrouping
 .text.HAL_NVIC_SetPriority
                0x080025f8       0x20 build/stm32f1xx_hal_cortex.o
                0x080025f8                HAL_NVIC_SetPriority
 .text.HAL_NVIC_EnableIRQ
                0x08002618       0x1c build/stm32f1xx_hal_cortex.o
                0x08002618                HAL_NVIC_EnableIRQ
 .text.UART_EndRxTransfer
                0x08002634       0x5c build/stm32f1xx_hal_uart.o
 .text.UART_Transmit_IT
                0x08002690       0x60 build/stm32f1xx_hal_uart.o
 .text.UART_SetConfig
                0x080026f0       0x94 build/stm32f1xx_hal_uart.o
 .text.HAL_UART_Init
                0x08002784       0x60 build/stm32f1xx_hal_uart.o
                0x08002784                HAL_UART_Init
 .text.HAL_UART_TxCpltCallback
                0x080027e4        0x2 build/stm32f1xx_hal_uart.o
                0x080027e4                HAL_UART_TxCpltCallback
 .text.UART_EndTransmit_IT
                0x080027e6       0x1a build/stm32f1xx_hal_uart.o
 .text.HAL_UART_RxCpltCallback
                0x08002800        0x2 build/stm32f1xx_hal_uart.o
                0x08002800                HAL_UART_RxCpltCallback
 .text.HAL_UART_ErrorCallback
                0x08002802        0x2 build/stm32f1xx_hal_uart.o
                0x08002802                HAL_UART_ErrorCallback
 .text.UART_DMAAbortOnError
                0x08002804       0x10 build/stm32f1xx_hal_uart.o
 .text.HAL_UARTEx_RxEventCallback
                0x08002814        0x2 build/stm32f1xx_hal_uart.o
                0x08002814                HAL_UARTEx_RxEventCallback
 .text.UART_Receive_IT
                0x08002816       0xe6 build/stm32f1xx_hal_uart.o
 .text.HAL_UART_IRQHandler
                0x080028fc      0x284 build/stm32f1xx_hal_uart.o
                0x080028fc                HAL_UART_IRQHandler
 .text.SystemInit
                0x08002b80        0x2 build/system_stm32f1xx.o
                0x08002b80                SystemInit
 .text.vListInitialise
                0x08002b82       0x16 build/list.o
                0x08002b82                vListInitialise
 .text.vListInitialiseItem
                0x08002b98        0x6 build/list.o
                0x08002b98                vListInitialiseItem
 .text.vListInsertEnd
                0x08002b9e       0x16 build/list.o
                0x08002b9e                vListInsertEnd
 .text.vListInsert
                0x08002bb4       0x32 build/list.o
                0x08002bb4                vListInsert
 .text.uxListRemove
                0x08002be6       0x26 build/list.o
                0x08002be6                uxListRemove
 .text.prvResetNextTaskUnblockTime
                0x08002c0c       0x2c build/tasks.o
 .text.prvInitialiseNewTask
                0x08002c38       0x9c build/tasks.o
 .text.prvInitialiseTaskLists
                0x08002cd4       0x68 build/tasks.o
 .text.prvAddNewTaskToReadyList
                0x08002d3c       0xa8 build/tasks.o
 .text.prvDeleteTCB
                0x08002de4       0x38 build/tasks.o
 .text.prvCheckTasksWaitingTermination
                0x08002e1c       0x4c build/tasks.o
 .text.prvIdleTask
                0x08002e68       0x28 build/tasks.o
 .text.prvAddCurrentTaskToDelayedList
                0x08002e90       0x98 build/tasks.o
 .text.xTaskCreateStatic
                0x08002f28       0x76 build/tasks.o
                0x08002f28                xTaskCreateStatic
 .text.xTaskCreate
                0x08002f9e       0x64 build/tasks.o
                0x08002f9e                xTaskCreate
 *fill*         0x08003002        0x2 
 .text.vTaskStartScheduler
                0x08003004       0x74 build/tasks.o
                0x08003004                vTaskStartScheduler
 .text.vTaskSuspendAll
                0x08003078       0x10 build/tasks.o
                0x08003078                vTaskSuspendAll
 .text.xTaskIncrementTick
                0x08003088      0x118 build/tasks.o
                0x08003088                xTaskIncrementTick
 .text.xTaskResumeAll
                0x080031a0       0xf8 build/tasks.o
                0x080031a0                xTaskResumeAll
 .text.vTaskDelay
                0x08003298       0x4c build/tasks.o
                0x08003298                vTaskDelay
 .text.vTaskSwitchContext
                0x080032e4       0x98 build/tasks.o
                0x080032e4                vTaskSwitchContext
 .text.makeFreeRtosPriority
                0x0800337c        0xc build/cmsis_os.o
 .text.osKernelStart
                0x08003388        0xa build/cmsis_os.o
                0x08003388                osKernelStart
 .text.osThreadCreate
                0x08003392       0x66 build/cmsis_os.o
                0x08003392                osThreadCreate
 .text.osDelay  0x080033f8        0xe build/cmsis_os.o
                0x080033f8                osDelay
 *fill*         0x08003406        0x2 
 .text.prvHeapInit
                0x08003408       0x64 build/heap_4.o
 .text.prvInsertBlockIntoFreeList
                0x0800346c       0x60 build/heap_4.o
 .text.pvPortMalloc
                0x080034cc      0x104 build/heap_4.o
                0x080034cc                pvPortMalloc
 .text.vPortFree
                0x080035d0       0x7c build/heap_4.o
                0x080035d0                vPortFree
 .text.prvTaskExitError
                0x0800364c       0x40 build/port.o
 .text.prvPortStartFirstTask
                0x0800368c       0x20 build/port.o
 .text.pxPortInitialiseStack
                0x080036ac       0x24 build/port.o
                0x080036ac                pxPortInitialiseStack
 .text.SVC_Handler
                0x080036d0       0x24 build/port.o
                0x080036d0                SVC_Handler
 .text.vPortEnterCritical
                0x080036f4       0x44 build/port.o
                0x080036f4                vPortEnterCritical
 .text.vPortExitCritical
                0x08003738       0x2c build/port.o
                0x08003738                vPortExitCritical
 *fill*         0x08003764        0xc 
 .text.PendSV_Handler
                0x08003770       0x44 build/port.o
                0x08003770                PendSV_Handler
 .text.SysTick_Handler
                0x080037b4       0x2c build/port.o
                0x080037b4                SysTick_Handler
 .text.vPortSetupTimerInterrupt
                0x080037e0       0x28 build/port.o
                0x080037e0                vPortSetupTimerInterrupt
 .text.xPortStartScheduler
                0x08003808       0xc0 build/port.o
                0x08003808                xPortStartScheduler
 .text.MX_I2C1_Init
                0x080038c8       0x3c build/i2c.o
                0x080038c8                MX_I2C1_Init
 .text.HAL_I2C_MspInit
                0x08003904       0x74 build/i2c.o
                0x08003904                HAL_I2C_MspInit
 .text.I2C_Flush_DR
                0x08003978       0x10 build/stm32f1xx_hal_i2c.o
 .text.I2C_Master_SB
                0x08003988       0xa8 build/stm32f1xx_hal_i2c.o
 .text.I2C_Master_ADD10
                0x08003a30       0x2a build/stm32f1xx_hal_i2c.o
 *fill*         0x08003a5a        0x2 
 .text.I2C_Master_ADDR
                0x08003a5c      0x244 build/stm32f1xx_hal_i2c.o
 .text.I2C_SlaveTransmit_BTF
                0x08003ca0       0x20 build/stm32f1xx_hal_i2c.o
 .text.I2C_SlaveReceive_BTF
                0x08003cc0       0x20 build/stm32f1xx_hal_i2c.o
 .text.I2C_WaitOnSTOPRequestThroughIT
                0x08003ce0       0x48 build/stm32f1xx_hal_i2c.o
 .text.I2C_IsAcknowledgeFailed
                0x08003d28       0x32 build/stm32f1xx_hal_i2c.o
 .text.I2C_ConvertOtherXferOptions
                0x08003d5a       0x1e build/stm32f1xx_hal_i2c.o
 .text.I2C_WaitOnFlagUntilTimeout
                0x08003d78       0xaa build/stm32f1xx_hal_i2c.o
 .text.I2C_WaitOnMasterAddressFlagUntilTimeout
                0x08003e22       0xd6 build/stm32f1xx_hal_i2c.o
 .text.I2C_MasterRequestWrite
                0x08003ef8       0xb4 build/stm32f1xx_hal_i2c.o
 .text.I2C_MasterRequestRead
                0x08003fac      0x120 build/stm32f1xx_hal_i2c.o
 .text.I2C_WaitOnTXEFlagUntilTimeout
                0x080040cc       0x5e build/stm32f1xx_hal_i2c.o
 .text.I2C_WaitOnBTFFlagUntilTimeout
                0x0800412a       0x5e build/stm32f1xx_hal_i2c.o
 .text.I2C_WaitOnRXNEFlagUntilTimeout
                0x08004188       0x78 build/stm32f1xx_hal_i2c.o
 .text.HAL_I2C_Init
                0x08004200      0x1bc build/stm32f1xx_hal_i2c.o
                0x08004200                HAL_I2C_Init
 .text.HAL_I2C_Master_Transmit
                0x080043bc      0x178 build/stm32f1xx_hal_i2c.o
                0x080043bc                HAL_I2C_Master_Transmit
 .text.HAL_I2C_Master_Receive
                0x08004534      0x358 build/stm32f1xx_hal_i2c.o
                0x08004534                HAL_I2C_Master_Receive
 .text.HAL_I2C_MasterTxCpltCallback
                0x0800488c        0x2 build/stm32f1xx_hal_i2c.o
                0x0800488c                HAL_I2C_MasterTxCpltCallback
 .text.HAL_I2C_MasterRxCpltCallback
                0x0800488e        0x2 build/stm32f1xx_hal_i2c.o
                0x0800488e                HAL_I2C_MasterRxCpltCallback
 .text.HAL_I2C_SlaveTxCpltCallback
                0x08004890        0x2 build/stm32f1xx_hal_i2c.o
                0x08004890                HAL_I2C_SlaveTxCpltCallback
 .text.I2C_SlaveTransmit_TXE
                0x08004892       0x4c build/stm32f1xx_hal_i2c.o
 .text.HAL_I2C_SlaveRxCpltCallback
                0x080048de        0x2 build/stm32f1xx_hal_i2c.o
                0x080048de                HAL_I2C_SlaveRxCpltCallback
 .text.I2C_SlaveReceive_RXNE
                0x080048e0       0x4c build/stm32f1xx_hal_i2c.o
 .text.HAL_I2C_AddrCallback
                0x0800492c        0x2 build/stm32f1xx_hal_i2c.o
                0x0800492c                HAL_I2C_AddrCallback
 .text.I2C_Slave_ADDR
                0x0800492e       0x5a build/stm32f1xx_hal_i2c.o
 .text.HAL_I2C_ListenCpltCallback
                0x08004988        0x2 build/stm32f1xx_hal_i2c.o
                0x08004988                HAL_I2C_ListenCpltCallback
 .text.HAL_I2C_MemTxCpltCallback
                0x0800498a        0x2 build/stm32f1xx_hal_i2c.o
                0x0800498a                HAL_I2C_MemTxCpltCallback
 .text.I2C_MasterTransmit_BTF
                0x0800498c       0x9e build/stm32f1xx_hal_i2c.o
 .text.I2C_MemoryTransmit_TXE_BTF
                0x08004a2a       0xc4 build/stm32f1xx_hal_i2c.o
 .text.I2C_MasterTransmit_TXE
                0x08004aee       0xd4 build/stm32f1xx_hal_i2c.o
 .text.HAL_I2C_MemRxCpltCallback
                0x08004bc2        0x2 build/stm32f1xx_hal_i2c.o
                0x08004bc2                HAL_I2C_MemRxCpltCallback
 .text.I2C_MasterReceive_BTF
                0x08004bc4      0x140 build/stm32f1xx_hal_i2c.o
 .text.HAL_I2C_ErrorCallback
                0x08004d04        0x2 build/stm32f1xx_hal_i2c.o
                0x08004d04                HAL_I2C_ErrorCallback
 .text.I2C_MasterReceive_RXNE
                0x08004d06      0x106 build/stm32f1xx_hal_i2c.o
 .text.HAL_I2C_AbortCpltCallback
                0x08004e0c        0x2 build/stm32f1xx_hal_i2c.o
                0x08004e0c                HAL_I2C_AbortCpltCallback
 *fill*         0x08004e0e        0x2 
 .text.I2C_DMAAbort
                0x08004e10       0xe4 build/stm32f1xx_hal_i2c.o
 .text.I2C_ITError
                0x08004ef4      0x178 build/stm32f1xx_hal_i2c.o
 .text.I2C_Slave_STOPF
                0x0800506c      0x18c build/stm32f1xx_hal_i2c.o
 .text.HAL_I2C_EV_IRQHandler
                0x080051f8      0x1a0 build/stm32f1xx_hal_i2c.o
                0x080051f8                HAL_I2C_EV_IRQHandler
 .text.Reset_Handler
                0x08005398       0x48 build/startup_stm32f103xb.o
                0x08005398                Reset_Handler
 .text.Default_Handler
                0x080053e0        0x2 build/startup_stm32f103xb.o
                0x080053e0                RTC_Alarm_IRQHandler
                0x080053e0                EXTI2_IRQHandler
                0x080053e0                TIM1_CC_IRQHandler
                0x080053e0                PVD_IRQHandler
                0x080053e0                EXTI3_IRQHandler
                0x080053e0                EXTI0_IRQHandler
                0x080053e0                I2C2_EV_IRQHandler
                0x080053e0                ADC1_2_IRQHandler
                0x080053e0                SPI1_IRQHandler
                0x080053e0                TAMPER_IRQHandler
                0x080053e0                DMA1_Channel4_IRQHandler
                0x080053e0                USART3_IRQHandler
                0x080053e0                RTC_IRQHandler
                0x080053e0                DMA1_Channel7_IRQHandler
                0x080053e0                CAN1_RX1_IRQHandler
                0x080053e0                DMA1_Channel6_IRQHandler
                0x080053e0                TIM3_IRQHandler
                0x080053e0                RCC_IRQHandler
                0x080053e0                TIM1_TRG_COM_IRQHandler
                0x080053e0                Default_Handler
                0x080053e0                EXTI15_10_IRQHandler
                0x080053e0                EXTI9_5_IRQHandler
                0x080053e0                SPI2_IRQHandler
                0x080053e0                DMA1_Channel5_IRQHandler
                0x080053e0                EXTI4_IRQHandler
                0x080053e0                USB_LP_CAN1_RX0_IRQHandler
                0x080053e0                USB_HP_CAN1_TX_IRQHandler
                0x080053e0                DMA1_Channel3_IRQHandler
                0x080053e0                TIM1_UP_IRQHandler
                0x080053e0                WWDG_IRQHandler
                0x080053e0                TIM2_IRQHandler
                0x080053e0                TIM1_BRK_IRQHandler
                0x080053e0                EXTI1_IRQHandler
                0x080053e0                USART2_IRQHandler
                0x080053e0                I2C2_ER_IRQHandler
                0x080053e0                DMA1_Channel2_IRQHandler
                0x080053e0                CAN1_SCE_IRQHandler
                0x080053e0                FLASH_IRQHandler
                0x080053e0                I2C1_ER_IRQHandler
                0x080053e0                USBWakeUp_IRQHandler
 *(.glue_7)
 .glue_7        0x080053e2        0x0 linker stubs
 *(.glue_7t)
 .glue_7t       0x080053e2        0x0 linker stubs
 *(.eh_frame)
 *fill*         0x080053e2        0x2 
 .eh_frame      0x080053e4        0x0 D:/software/msy64/mingw64/bin/../lib/gcc/arm-none-eabi/13.3.0/thumb/v7-m/nofp/crtbegin.o
 *(.init)
 .init          0x080053e4        0x4 D:/software/msy64/mingw64/bin/../lib/gcc/arm-none-eabi/13.3.0/thumb/v7-m/nofp/crti.o
                0x080053e4                _init
 .init          0x080053e8        0x8 D:/software/msy64/mingw64/bin/../lib/gcc/arm-none-eabi/13.3.0/thumb/v7-m/nofp/crtn.o
 *(.fini)
 .fini          0x080053f0        0x4 D:/software/msy64/mingw64/bin/../lib/gcc/arm-none-eabi/13.3.0/thumb/v7-m/nofp/crti.o
                0x080053f0                _fini
 .fini          0x080053f4        0x8 D:/software/msy64/mingw64/bin/../lib/gcc/arm-none-eabi/13.3.0/thumb/v7-m/nofp/crtn.o
                0x080053fc                        . = ALIGN (0x4)
                0x080053fc                        _etext = .

.vfp11_veneer   0x080053fc        0x0
 .vfp11_veneer  0x080053fc        0x0 linker stubs

.v4_bx          0x080053fc        0x0
 .v4_bx         0x080053fc        0x0 linker stubs

.iplt           0x080053fc        0x0
 .iplt          0x080053fc        0x0 D:/software/msy64/mingw64/bin/../lib/gcc/arm-none-eabi/13.3.0/thumb/v7-m/nofp/crtbegin.o

.rodata         0x080053fc       0x84
                0x080053fc                        . = ALIGN (0x4)
 *(.rodata)
 .rodata        0x080053fc       0x38 build/freertos.o
 *(.rodata*)
 .rodata.str1.4
                0x08005434       0x1d build/freertos.o
                                 0x18 (size before relaxing)
 *fill*         0x08005451        0x3 
 .rodata.aPredivFactorTable.0
                0x08005454        0x2 build/stm32f1xx_hal_rcc.o
 *fill*         0x08005456        0x2 
 .rodata.aPLLMULFactorTable.1
                0x08005458       0x10 build/stm32f1xx_hal_rcc.o
 .rodata.APBPrescTable
                0x08005468        0x8 build/system_stm32f1xx.o
                0x08005468                APBPrescTable
 .rodata.AHBPrescTable
                0x08005470       0x10 build/system_stm32f1xx.o
                0x08005470                AHBPrescTable
 .rodata.vTaskStartScheduler.str1.4
                0x08005480        0x5 build/tasks.o
                0x08005488                        . = ALIGN (0x4)

.ARM.extab      0x08005480        0x0
                0x08005480                        . = ALIGN (0x4)
 *(.ARM.extab* .gnu.linkonce.armextab.*)
                0x08005480                        . = ALIGN (0x4)

.ARM            0x08005480        0x0
                0x08005480                        . = ALIGN (0x4)
                0x08005480                        __exidx_start = .
 *(.ARM.exidx*)
                0x08005480                        __exidx_end = .
                0x08005480                        . = ALIGN (0x4)

.preinit_array  0x08005480        0x0
                0x08005480                        . = ALIGN (0x4)
                0x08005480                        PROVIDE (__preinit_array_start = .)
 *(.preinit_array*)
                0x08005480                        PROVIDE (__preinit_array_end = .)
                0x08005480                        . = ALIGN (0x4)

.init_array     0x08005480        0x4
                0x08005480                        . = ALIGN (0x4)
                0x08005480                        PROVIDE (__init_array_start = .)
 *(SORT_BY_NAME(.init_array.*))
 *(.init_array*)
 .init_array    0x08005480        0x4 D:/software/msy64/mingw64/bin/../lib/gcc/arm-none-eabi/13.3.0/thumb/v7-m/nofp/crtbegin.o
                0x08005484                        PROVIDE (__init_array_end = .)
                0x08005484                        . = ALIGN (0x4)

.fini_array     0x08005484        0x4
                0x08005484                        . = ALIGN (0x4)
                0x08005484                        PROVIDE (__fini_array_start = .)
 *(SORT_BY_NAME(.fini_array.*))
 *(.fini_array*)
 .fini_array    0x08005484        0x4 D:/software/msy64/mingw64/bin/../lib/gcc/arm-none-eabi/13.3.0/thumb/v7-m/nofp/crtbegin.o
                0x08005488                        PROVIDE (__fini_array_end = .)
                0x08005488                        . = ALIGN (0x4)
                0x08005488                        _sidata = LOADADDR (.data)

.rel.dyn        0x08005488        0x0
 .rel.iplt      0x08005488        0x0 D:/software/msy64/mingw64/bin/../lib/gcc/arm-none-eabi/13.3.0/thumb/v7-m/nofp/crtbegin.o

.data           0x20000000       0x10 load address 0x08005488
                0x20000000                        . = ALIGN (0x4)
                0x20000000                        _sdata = .
 *(.data)
 *(.data*)
 .data.uwTickFreq
                0x20000000        0x1 build/stm32f1xx_hal.o
                0x20000000                uwTickFreq
 *fill*         0x20000001        0x3 
 .data.uwTickPrio
                0x20000004        0x4 build/stm32f1xx_hal.o
                0x20000004                uwTickPrio
 .data.SystemCoreClock
                0x20000008        0x4 build/system_stm32f1xx.o
                0x20000008                SystemCoreClock
 .data.uxCriticalNesting
                0x2000000c        0x4 build/port.o
 *(.RamFunc)
 *(.RamFunc*)
                0x20000010                        . = ALIGN (0x4)
                0x20000010                        _edata = .

.igot.plt       0x20000010        0x0 load address 0x08005498
 .igot.plt      0x20000010        0x0 D:/software/msy64/mingw64/bin/../lib/gcc/arm-none-eabi/13.3.0/thumb/v7-m/nofp/crtbegin.o
                0x20000010                        . = ALIGN (0x4)

.bss            0x20000010     0x11d8 load address 0x08005498
                0x20000010                        _sbss = .
                0x20000010                        __bss_start__ = _sbss
 *(.bss)
 *(.bss*)
 .bss.completed.1
                0x20000010        0x1 D:/software/msy64/mingw64/bin/../lib/gcc/arm-none-eabi/13.3.0/thumb/v7-m/nofp/crtbegin.o
 *fill*         0x20000011        0x3 
 .bss.object.0  0x20000014       0x18 D:/software/msy64/mingw64/bin/../lib/gcc/arm-none-eabi/13.3.0/thumb/v7-m/nofp/crtbegin.o
 .bss.xIdleStack
                0x2000002c      0x200 build/freertos.o
 .bss.xIdleTaskTCBBuffer
                0x2000022c       0x54 build/freertos.o
 .bss.SPEEDCALTaskHandle
                0x20000280        0x4 build/freertos.o
                0x20000280                SPEEDCALTaskHandle
 .bss.LEDTaskHandle
                0x20000284        0x4 build/freertos.o
                0x20000284                LEDTaskHandle
 .bss.hdma_adc1
                0x20000288       0x44 build/adc.o
                0x20000288                hdma_adc1
 .bss.hadc1     0x200002cc       0x30 build/adc.o
                0x200002cc                hadc1
 .bss.htim3     0x200002fc       0x48 build/tim.o
                0x200002fc                htim3
 .bss.huart2    0x20000344       0x48 build/usart.o
                0x20000344                huart2
 .bss.huart1    0x2000038c       0x48 build/usart.o
                0x2000038c                huart1
 .bss.htim4     0x200003d4       0x48 build/stm32f1xx_hal_timebase_tim.o
                0x200003d4                htim4
 .bss.AngleData
                0x2000041c       0x20 build/calculate.o
                0x2000041c                AngleData
 .bss.uwTick    0x2000043c        0x4 build/stm32f1xx_hal.o
                0x2000043c                uwTick
 .bss.uxSchedulerSuspended
                0x20000440        0x4 build/tasks.o
 .bss.xIdleTaskHandle
                0x20000444        0x4 build/tasks.o
 .bss.xNextTaskUnblockTime
                0x20000448        0x4 build/tasks.o
 .bss.uxTaskNumber
                0x2000044c        0x4 build/tasks.o
 .bss.xNumOfOverflows
                0x20000450        0x4 build/tasks.o
 .bss.xYieldPending
                0x20000454        0x4 build/tasks.o
 .bss.xPendedTicks
                0x20000458        0x4 build/tasks.o
 .bss.xSchedulerRunning
                0x2000045c        0x4 build/tasks.o
 .bss.uxTopReadyPriority
                0x20000460        0x4 build/tasks.o
 .bss.xTickCount
                0x20000464        0x4 build/tasks.o
 .bss.uxCurrentNumberOfTasks
                0x20000468        0x4 build/tasks.o
 .bss.xSuspendedTaskList
                0x2000046c       0x14 build/tasks.o
 .bss.uxDeletedTasksWaitingCleanUp
                0x20000480        0x4 build/tasks.o
 .bss.xTasksWaitingTermination
                0x20000484       0x14 build/tasks.o
 .bss.xPendingReadyList
                0x20000498       0x14 build/tasks.o
 .bss.pxOverflowDelayedTaskList
                0x200004ac        0x4 build/tasks.o
 .bss.pxDelayedTaskList
                0x200004b0        0x4 build/tasks.o
 .bss.xDelayedTaskList2
                0x200004b4       0x14 build/tasks.o
 .bss.xDelayedTaskList1
                0x200004c8       0x14 build/tasks.o
 .bss.pxReadyTasksLists
                0x200004dc       0x8c build/tasks.o
 .bss.pxCurrentTCB
                0x20000568        0x4 build/tasks.o
                0x20000568                pxCurrentTCB
 .bss.xBlockAllocatedBit
                0x2000056c        0x4 build/heap_4.o
 .bss.xNumberOfSuccessfulFrees
                0x20000570        0x4 build/heap_4.o
 .bss.xNumberOfSuccessfulAllocations
                0x20000574        0x4 build/heap_4.o
 .bss.xMinimumEverFreeBytesRemaining
                0x20000578        0x4 build/heap_4.o
 .bss.xFreeBytesRemaining
                0x2000057c        0x4 build/heap_4.o
 .bss.pxEnd     0x20000580        0x4 build/heap_4.o
 .bss.xStart    0x20000584        0x8 build/heap_4.o
 .bss.ucHeap    0x2000058c      0xc00 build/heap_4.o
 .bss.ulMaxPRIGROUPValue
                0x2000118c        0x4 build/port.o
 .bss.ucMaxSysCallPriority
                0x20001190        0x1 build/port.o
 *fill*         0x20001191        0x3 
 .bss.hi2c1     0x20001194       0x54 build/i2c.o
                0x20001194                hi2c1
 *(COMMON)
                0x200011e8                        . = ALIGN (0x4)
                0x200011e8                        _ebss = .
                0x200011e8                        __bss_end__ = _ebss

._user_heap_stack
                0x200011e8      0x600 load address 0x08005498
                0x200011e8                        . = ALIGN (0x8)
                0x200011e8                        PROVIDE (end = .)
                [!provide]                        PROVIDE (_end = .)
                0x200013e8                        . = (. + _Min_Heap_Size)
 *fill*         0x200011e8      0x200 
                0x200017e8                        . = (. + _Min_Stack_Size)
 *fill*         0x200013e8      0x400 
                0x200017e8                        . = ALIGN (0x8)

/DISCARD/
 libc.a(*)
 libm.a(*)
 libgcc.a(*)
OUTPUT(build/SoftProjrct.elf elf32-littlearm)
LOAD linker stubs
LOAD D:/software/msy64/mingw64/bin/../lib/gcc/arm-none-eabi/13.3.0/../../../../arm-none-eabi/lib/thumb/v7-m/nofp\libc.a
LOAD D:/software/msy64/mingw64/bin/../lib/gcc/arm-none-eabi/13.3.0/../../../../arm-none-eabi/lib/thumb/v7-m/nofp\libm.a
LOAD D:/software/msy64/mingw64/bin/../lib/gcc/arm-none-eabi/13.3.0/thumb/v7-m/nofp\libgcc.a

.ARM.attributes
                0x00000000       0x29
 .ARM.attributes
                0x00000000       0x1d D:/software/msy64/mingw64/bin/../lib/gcc/arm-none-eabi/13.3.0/thumb/v7-m/nofp/crti.o
 .ARM.attributes
                0x0000001d       0x2d D:/software/msy64/mingw64/bin/../lib/gcc/arm-none-eabi/13.3.0/thumb/v7-m/nofp/crtbegin.o
 .ARM.attributes
                0x0000004a       0x2d build/main.o
 .ARM.attributes
                0x00000077       0x2d build/gpio.o
 .ARM.attributes
                0x000000a4       0x2d build/freertos.o
 .ARM.attributes
                0x000000d1       0x2d build/adc.o
 .ARM.attributes
                0x000000fe       0x2d build/dma.o
 .ARM.attributes
                0x0000012b       0x2d build/tim.o
 .ARM.attributes
                0x00000158       0x2d build/usart.o
 .ARM.attributes
                0x00000185       0x2d build/stm32f1xx_it.o
 .ARM.attributes
                0x000001b2       0x2d build/stm32f1xx_hal_msp.o
 .ARM.attributes
                0x000001df       0x2d build/stm32f1xx_hal_timebase_tim.o
 .ARM.attributes
                0x0000020c       0x2d build/myiic.o
 .ARM.attributes
                0x00000239       0x2d build/ci.o
 .ARM.attributes
                0x00000266       0x2d build/calculate.o
 .ARM.attributes
                0x00000293       0x2d build/stm32f1xx_hal_tim.o
 .ARM.attributes
                0x000002c0       0x2d build/stm32f1xx_hal_tim_ex.o
 .ARM.attributes
                0x000002ed       0x2d build/stm32f1xx_hal_adc.o
 .ARM.attributes
                0x0000031a       0x2d build/stm32f1xx_hal.o
 .ARM.attributes
                0x00000347       0x2d build/stm32f1xx_hal_rcc.o
 .ARM.attributes
                0x00000374       0x2d build/stm32f1xx_hal_rcc_ex.o
 .ARM.attributes
                0x000003a1       0x2d build/stm32f1xx_hal_gpio.o
 .ARM.attributes
                0x000003ce       0x2d build/stm32f1xx_hal_dma.o
 .ARM.attributes
                0x000003fb       0x2d build/stm32f1xx_hal_cortex.o
 .ARM.attributes
                0x00000428       0x2d build/stm32f1xx_hal_uart.o
 .ARM.attributes
                0x00000455       0x2d build/system_stm32f1xx.o
 .ARM.attributes
                0x00000482       0x2d build/list.o
 .ARM.attributes
                0x000004af       0x2d build/tasks.o
 .ARM.attributes
                0x000004dc       0x2d build/cmsis_os.o
 .ARM.attributes
                0x00000509       0x2d build/heap_4.o
 .ARM.attributes
                0x00000536       0x2d build/port.o
 .ARM.attributes
                0x00000563       0x2d build/i2c.o
 .ARM.attributes
                0x00000590       0x2d build/stm32f1xx_hal_i2c.o
 .ARM.attributes
                0x000005bd       0x21 build/startup_stm32f103xb.o
 .ARM.attributes
                0x000005de       0x2d D:/software/msy64/mingw64/bin/../lib/gcc/arm-none-eabi/13.3.0/../../../../arm-none-eabi/lib/thumb/v7-m/nofp\libc_nano.a(libc_a-memset.o)
 .ARM.attributes
                0x0000060b       0x2d D:/software/msy64/mingw64/bin/../lib/gcc/arm-none-eabi/13.3.0/../../../../arm-none-eabi/lib/thumb/v7-m/nofp\libc_nano.a(libc_a-init.o)
 .ARM.attributes
                0x00000638       0x1d D:/software/msy64/mingw64/bin/../lib/gcc/arm-none-eabi/13.3.0/thumb/v7-m/nofp\libgcc.a(_arm_addsubsf3.o)
 .ARM.attributes
                0x00000655       0x1d D:/software/msy64/mingw64/bin/../lib/gcc/arm-none-eabi/13.3.0/thumb/v7-m/nofp\libgcc.a(_arm_muldivsf3.o)
 .ARM.attributes
                0x00000672       0x1d D:/software/msy64/mingw64/bin/../lib/gcc/arm-none-eabi/13.3.0/thumb/v7-m/nofp\libgcc.a(_arm_cmpsf2.o)
 .ARM.attributes
                0x0000068f       0x1d D:/software/msy64/mingw64/bin/../lib/gcc/arm-none-eabi/13.3.0/thumb/v7-m/nofp/crtn.o

.comment        0x00000000       0x24
 .comment       0x00000000       0x24 build/main.o
                                 0x13 (size before relaxing)
 .comment       0x00000024       0x13 build/gpio.o
 .comment       0x00000024       0x13 build/freertos.o
 .comment       0x00000024       0x13 build/adc.o
 .comment       0x00000024       0x13 build/dma.o
 .comment       0x00000024       0x13 build/tim.o
 .comment       0x00000024       0x13 build/usart.o
 .comment       0x00000024       0x13 build/stm32f1xx_it.o
 .comment       0x00000024       0x13 build/stm32f1xx_hal_msp.o
 .comment       0x00000024       0x13 build/stm32f1xx_hal_timebase_tim.o
 .comment       0x00000024       0x13 build/myiic.o
 .comment       0x00000024       0x13 build/ci.o
 .comment       0x00000024       0x13 build/calculate.o
 .comment       0x00000024       0x13 build/stm32f1xx_hal_tim.o
 .comment       0x00000024       0x13 build/stm32f1xx_hal_tim_ex.o
 .comment       0x00000024       0x13 build/stm32f1xx_hal_adc.o
 .comment       0x00000024       0x13 build/stm32f1xx_hal.o
 .comment       0x00000024       0x13 build/stm32f1xx_hal_rcc.o
 .comment       0x00000024       0x13 build/stm32f1xx_hal_rcc_ex.o
 .comment       0x00000024       0x13 build/stm32f1xx_hal_gpio.o
 .comment       0x00000024       0x13 build/stm32f1xx_hal_dma.o
 .comment       0x00000024       0x13 build/stm32f1xx_hal_cortex.o
 .comment       0x00000024       0x13 build/stm32f1xx_hal_uart.o
 .comment       0x00000024       0x13 build/system_stm32f1xx.o
 .comment       0x00000024       0x13 build/list.o
 .comment       0x00000024       0x13 build/tasks.o
 .comment       0x00000024       0x13 build/cmsis_os.o
 .comment       0x00000024       0x13 build/heap_4.o
 .comment       0x00000024       0x13 build/port.o
 .comment       0x00000024       0x13 build/i2c.o
 .comment       0x00000024       0x13 build/stm32f1xx_hal_i2c.o
 .comment       0x00000024       0x13 D:/software/msy64/mingw64/bin/../lib/gcc/arm-none-eabi/13.3.0/../../../../arm-none-eabi/lib/thumb/v7-m/nofp\libc_nano.a(libc_a-memset.o)
 .comment       0x00000024       0x13 D:/software/msy64/mingw64/bin/../lib/gcc/arm-none-eabi/13.3.0/../../../../arm-none-eabi/lib/thumb/v7-m/nofp\libc_nano.a(libc_a-init.o)

.debug_info     0x00000000    0x1fea3
 .debug_info    0x00000000      0xb9a build/main.o
 .debug_info    0x00000b9a      0x35e build/gpio.o
 .debug_info    0x00000ef8      0x77d build/freertos.o
 .debug_info    0x00001675      0x9e6 build/adc.o
 .debug_info    0x0000205b      0x335 build/dma.o
 .debug_info    0x00002390      0xc36 build/tim.o
 .debug_info    0x00002fc6      0xc07 build/usart.o
 .debug_info    0x00003bcd      0xdf9 build/stm32f1xx_it.o
 .debug_info    0x000049c6      0x3c9 build/stm32f1xx_hal_msp.o
 .debug_info    0x00004d8f      0xb5c build/stm32f1xx_hal_timebase_tim.o
 .debug_info    0x000058eb      0x8f8 build/myiic.o
 .debug_info    0x000061e3      0x1f6 build/ci.o
 .debug_info    0x000063d9      0x26a build/calculate.o
 .debug_info    0x00006643     0x4146 build/stm32f1xx_hal_tim.o
 .debug_info    0x0000a789     0x1d4f build/stm32f1xx_hal_tim_ex.o
 .debug_info    0x0000c4d8     0x108e build/stm32f1xx_hal_adc.o
 .debug_info    0x0000d566      0x880 build/stm32f1xx_hal.o
 .debug_info    0x0000dde6      0xb10 build/stm32f1xx_hal_rcc.o
 .debug_info    0x0000e8f6      0x47d build/stm32f1xx_hal_rcc_ex.o
 .debug_info    0x0000ed73      0x6d7 build/stm32f1xx_hal_gpio.o
 .debug_info    0x0000f44a      0x8d5 build/stm32f1xx_hal_dma.o
 .debug_info    0x0000fd1f      0xe3f build/stm32f1xx_hal_cortex.o
 .debug_info    0x00010b5e     0x430f build/stm32f1xx_hal_uart.o
 .debug_info    0x00014e6d      0x26e build/system_stm32f1xx.o
 .debug_info    0x000150db      0x30f build/list.o
 .debug_info    0x000153ea     0x2b24 build/tasks.o
 .debug_info    0x00017f0e     0x271b build/cmsis_os.o
 .debug_info    0x0001a629      0x60c build/heap_4.o
 .debug_info    0x0001ac35      0x563 build/port.o
 .debug_info    0x0001b198      0xb78 build/i2c.o
 .debug_info    0x0001bd10     0x3d27 build/stm32f1xx_hal_i2c.o
 .debug_info    0x0001fa37       0x30 build/startup_stm32f103xb.o
 .debug_info    0x0001fa67      0x135 D:/software/msy64/mingw64/bin/../lib/gcc/arm-none-eabi/13.3.0/../../../../arm-none-eabi/lib/thumb/v7-m/nofp\libc_nano.a(libc_a-memset.o)
 .debug_info    0x0001fb9c      0x10b D:/software/msy64/mingw64/bin/../lib/gcc/arm-none-eabi/13.3.0/../../../../arm-none-eabi/lib/thumb/v7-m/nofp\libc_nano.a(libc_a-init.o)
 .debug_info    0x0001fca7       0xca D:/software/msy64/mingw64/bin/../lib/gcc/arm-none-eabi/13.3.0/thumb/v7-m/nofp\libgcc.a(_arm_addsubsf3.o)
 .debug_info    0x0001fd71       0x57 D:/software/msy64/mingw64/bin/../lib/gcc/arm-none-eabi/13.3.0/thumb/v7-m/nofp\libgcc.a(_arm_muldivsf3.o)
 .debug_info    0x0001fdc8       0xdb D:/software/msy64/mingw64/bin/../lib/gcc/arm-none-eabi/13.3.0/thumb/v7-m/nofp\libgcc.a(_arm_cmpsf2.o)

.debug_abbrev   0x00000000     0x470f
 .debug_abbrev  0x00000000      0x258 build/main.o
 .debug_abbrev  0x00000258      0x14e build/gpio.o
 .debug_abbrev  0x000003a6      0x219 build/freertos.o
 .debug_abbrev  0x000005bf      0x1fe build/adc.o
 .debug_abbrev  0x000007bd      0x11d build/dma.o
 .debug_abbrev  0x000008da      0x26f build/tim.o
 .debug_abbrev  0x00000b49      0x21b build/usart.o
 .debug_abbrev  0x00000d64      0x184 build/stm32f1xx_it.o
 .debug_abbrev  0x00000ee8      0x136 build/stm32f1xx_hal_msp.o
 .debug_abbrev  0x0000101e      0x22d build/stm32f1xx_hal_timebase_tim.o
 .debug_abbrev  0x0000124b      0x198 build/myiic.o
 .debug_abbrev  0x000013e3       0xfb build/ci.o
 .debug_abbrev  0x000014de      0x114 build/calculate.o
 .debug_abbrev  0x000015f2      0x2bd build/stm32f1xx_hal_tim.o
 .debug_abbrev  0x000018af      0x2b7 build/stm32f1xx_hal_tim_ex.o
 .debug_abbrev  0x00001b66      0x282 build/stm32f1xx_hal_adc.o
 .debug_abbrev  0x00001de8      0x232 build/stm32f1xx_hal.o
 .debug_abbrev  0x0000201a      0x2d6 build/stm32f1xx_hal_rcc.o
 .debug_abbrev  0x000022f0      0x1d4 build/stm32f1xx_hal_rcc_ex.o
 .debug_abbrev  0x000024c4      0x222 build/stm32f1xx_hal_gpio.o
 .debug_abbrev  0x000026e6      0x261 build/stm32f1xx_hal_dma.o
 .debug_abbrev  0x00002947      0x3aa build/stm32f1xx_hal_cortex.o
 .debug_abbrev  0x00002cf1      0x35f build/stm32f1xx_hal_uart.o
 .debug_abbrev  0x00003050      0x140 build/system_stm32f1xx.o
 .debug_abbrev  0x00003190      0x124 build/list.o
 .debug_abbrev  0x000032b4      0x3dd build/tasks.o
 .debug_abbrev  0x00003691      0x3fb build/cmsis_os.o
 .debug_abbrev  0x00003a8c      0x27a build/heap_4.o
 .debug_abbrev  0x00003d06      0x2c2 build/port.o
 .debug_abbrev  0x00003fc8      0x214 build/i2c.o
 .debug_abbrev  0x000041dc      0x31e build/stm32f1xx_hal_i2c.o
 .debug_abbrev  0x000044fa       0x1d build/startup_stm32f103xb.o
 .debug_abbrev  0x00004517       0xb7 D:/software/msy64/mingw64/bin/../lib/gcc/arm-none-eabi/13.3.0/../../../../arm-none-eabi/lib/thumb/v7-m/nofp\libc_nano.a(libc_a-memset.o)
 .debug_abbrev  0x000045ce       0xc9 D:/software/msy64/mingw64/bin/../lib/gcc/arm-none-eabi/13.3.0/../../../../arm-none-eabi/lib/thumb/v7-m/nofp\libc_nano.a(libc_a-init.o)
 .debug_abbrev  0x00004697       0x28 D:/software/msy64/mingw64/bin/../lib/gcc/arm-none-eabi/13.3.0/thumb/v7-m/nofp\libgcc.a(_arm_addsubsf3.o)
 .debug_abbrev  0x000046bf       0x28 D:/software/msy64/mingw64/bin/../lib/gcc/arm-none-eabi/13.3.0/thumb/v7-m/nofp\libgcc.a(_arm_muldivsf3.o)
 .debug_abbrev  0x000046e7       0x28 D:/software/msy64/mingw64/bin/../lib/gcc/arm-none-eabi/13.3.0/thumb/v7-m/nofp\libgcc.a(_arm_cmpsf2.o)

.debug_loc      0x00000000    0x1b317
 .debug_loc     0x00000000       0xd4 build/main.o
 .debug_loc     0x000000d4       0x38 build/gpio.o
 .debug_loc     0x0000010c       0xcf build/freertos.o
 .debug_loc     0x000001db      0x125 build/adc.o
 .debug_loc     0x00000300       0x38 build/dma.o
 .debug_loc     0x00000338      0x102 build/tim.o
 .debug_loc     0x0000043a      0x186 build/usart.o
 .debug_loc     0x000005c0       0x80 build/stm32f1xx_it.o
 .debug_loc     0x00000640       0x4d build/stm32f1xx_hal_msp.o
 .debug_loc     0x0000068d      0x179 build/stm32f1xx_hal_timebase_tim.o
 .debug_loc     0x00000806      0x2e7 build/myiic.o
 .debug_loc     0x00000aed       0xcb build/ci.o
 .debug_loc     0x00000bb8       0x69 build/calculate.o
 .debug_loc     0x00000c21     0x6168 build/stm32f1xx_hal_tim.o
 .debug_loc     0x00006d89     0x227b build/stm32f1xx_hal_tim_ex.o
 .debug_loc     0x00009004      0xf1c build/stm32f1xx_hal_adc.o
 .debug_loc     0x00009f20      0x1f9 build/stm32f1xx_hal.o
 .debug_loc     0x0000a119      0x7c6 build/stm32f1xx_hal_rcc.o
 .debug_loc     0x0000a8df      0x4a9 build/stm32f1xx_hal_rcc_ex.o
 .debug_loc     0x0000ad88      0x56c build/stm32f1xx_hal_gpio.o
 .debug_loc     0x0000b2f4      0x990 build/stm32f1xx_hal_dma.o
 .debug_loc     0x0000bc84      0x8b4 build/stm32f1xx_hal_cortex.o
 .debug_loc     0x0000c538     0x4ff4 build/stm32f1xx_hal_uart.o
 .debug_loc     0x0001152c      0x11b build/system_stm32f1xx.o
 .debug_loc     0x00011647       0xeb build/list.o
 .debug_loc     0x00011732     0x23c1 build/tasks.o
 .debug_loc     0x00013af3     0x1bc6 build/cmsis_os.o
 .debug_loc     0x000156b9      0x51c build/heap_4.o
 .debug_loc     0x00015bd5      0x172 build/port.o
 .debug_loc     0x00015d47       0xfd build/i2c.o
 .debug_loc     0x00015e44     0x54d3 build/stm32f1xx_hal_i2c.o

.debug_aranges  0x00000000     0x1650
 .debug_aranges
                0x00000000       0x38 build/main.o
 .debug_aranges
                0x00000038       0x20 build/gpio.o
 .debug_aranges
                0x00000058       0x38 build/freertos.o
 .debug_aranges
                0x00000090       0x30 build/adc.o
 .debug_aranges
                0x000000c0       0x20 build/dma.o
 .debug_aranges
                0x000000e0       0x38 build/tim.o
 .debug_aranges
                0x00000118       0x38 build/usart.o
 .debug_aranges
                0x00000150       0x68 build/stm32f1xx_it.o
 .debug_aranges
                0x000001b8       0x20 build/stm32f1xx_hal_msp.o
 .debug_aranges
                0x000001d8       0x30 build/stm32f1xx_hal_timebase_tim.o
 .debug_aranges
                0x00000208       0x30 build/myiic.o
 .debug_aranges
                0x00000238       0x20 build/ci.o
 .debug_aranges
                0x00000258       0x28 build/calculate.o
 .debug_aranges
                0x00000280      0x3d0 build/stm32f1xx_hal_tim.o
 .debug_aranges
                0x00000650      0x168 build/stm32f1xx_hal_tim_ex.o
 .debug_aranges
                0x000007b8       0xf0 build/stm32f1xx_hal_adc.o
 .debug_aranges
                0x000008a8       0xe0 build/stm32f1xx_hal.o
 .debug_aranges
                0x00000988       0x90 build/stm32f1xx_hal_rcc.o
 .debug_aranges
                0x00000a18       0x30 build/stm32f1xx_hal_rcc_ex.o
 .debug_aranges
                0x00000a48       0x58 build/stm32f1xx_hal_gpio.o
 .debug_aranges
                0x00000aa0       0x80 build/stm32f1xx_hal_dma.o
 .debug_aranges
                0x00000b20       0xc0 build/stm32f1xx_hal_cortex.o
 .debug_aranges
                0x00000be0      0x208 build/stm32f1xx_hal_uart.o
 .debug_aranges
                0x00000de8       0x28 build/system_stm32f1xx.o
 .debug_aranges
                0x00000e10       0x40 build/list.o
 .debug_aranges
                0x00000e50      0x1b8 build/tasks.o
 .debug_aranges
                0x00001008      0x1d8 build/cmsis_os.o
 .debug_aranges
                0x000011e0       0x58 build/heap_4.o
 .debug_aranges
                0x00001238       0x78 build/port.o
 .debug_aranges
                0x000012b0       0x30 build/i2c.o
 .debug_aranges
                0x000012e0      0x2a8 build/stm32f1xx_hal_i2c.o
 .debug_aranges
                0x00001588       0x28 build/startup_stm32f103xb.o
 .debug_aranges
                0x000015b0       0x20 D:/software/msy64/mingw64/bin/../lib/gcc/arm-none-eabi/13.3.0/../../../../arm-none-eabi/lib/thumb/v7-m/nofp\libc_nano.a(libc_a-memset.o)
 .debug_aranges
                0x000015d0       0x20 D:/software/msy64/mingw64/bin/../lib/gcc/arm-none-eabi/13.3.0/../../../../arm-none-eabi/lib/thumb/v7-m/nofp\libc_nano.a(libc_a-init.o)
 .debug_aranges
                0x000015f0       0x20 D:/software/msy64/mingw64/bin/../lib/gcc/arm-none-eabi/13.3.0/thumb/v7-m/nofp\libgcc.a(_arm_addsubsf3.o)
 .debug_aranges
                0x00001610       0x20 D:/software/msy64/mingw64/bin/../lib/gcc/arm-none-eabi/13.3.0/thumb/v7-m/nofp\libgcc.a(_arm_muldivsf3.o)
 .debug_aranges
                0x00001630       0x20 D:/software/msy64/mingw64/bin/../lib/gcc/arm-none-eabi/13.3.0/thumb/v7-m/nofp\libgcc.a(_arm_cmpsf2.o)

.debug_ranges   0x00000000     0x14f8
 .debug_ranges  0x00000000       0x28 build/main.o
 .debug_ranges  0x00000028       0x10 build/gpio.o
 .debug_ranges  0x00000038       0x28 build/freertos.o
 .debug_ranges  0x00000060       0x20 build/adc.o
 .debug_ranges  0x00000080       0x10 build/dma.o
 .debug_ranges  0x00000090       0x28 build/tim.o
 .debug_ranges  0x000000b8       0x28 build/usart.o
 .debug_ranges  0x000000e0       0x58 build/stm32f1xx_it.o
 .debug_ranges  0x00000138       0x10 build/stm32f1xx_hal_msp.o
 .debug_ranges  0x00000148       0x20 build/stm32f1xx_hal_timebase_tim.o
 .debug_ranges  0x00000168       0x20 build/myiic.o
 .debug_ranges  0x00000188       0x10 build/ci.o
 .debug_ranges  0x00000198       0x18 build/calculate.o
 .debug_ranges  0x000001b0      0x3c0 build/stm32f1xx_hal_tim.o
 .debug_ranges  0x00000570      0x158 build/stm32f1xx_hal_tim_ex.o
 .debug_ranges  0x000006c8       0xe0 build/stm32f1xx_hal_adc.o
 .debug_ranges  0x000007a8       0xd0 build/stm32f1xx_hal.o
 .debug_ranges  0x00000878       0xa0 build/stm32f1xx_hal_rcc.o
 .debug_ranges  0x00000918       0x38 build/stm32f1xx_hal_rcc_ex.o
 .debug_ranges  0x00000950       0x48 build/stm32f1xx_hal_gpio.o
 .debug_ranges  0x00000998       0x70 build/stm32f1xx_hal_dma.o
 .debug_ranges  0x00000a08       0xb0 build/stm32f1xx_hal_cortex.o
 .debug_ranges  0x00000ab8      0x210 build/stm32f1xx_hal_uart.o
 .debug_ranges  0x00000cc8       0x18 build/system_stm32f1xx.o
 .debug_ranges  0x00000ce0       0x30 build/list.o
 .debug_ranges  0x00000d10      0x280 build/tasks.o
 .debug_ranges  0x00000f90      0x1c8 build/cmsis_os.o
 .debug_ranges  0x00001158       0x48 build/heap_4.o
 .debug_ranges  0x000011a0       0x68 build/port.o
 .debug_ranges  0x00001208       0x20 build/i2c.o
 .debug_ranges  0x00001228      0x2b0 build/stm32f1xx_hal_i2c.o
 .debug_ranges  0x000014d8       0x20 build/startup_stm32f103xb.o

.debug_line     0x00000000    0x19034
 .debug_line    0x00000000      0x3ae build/main.o
 .debug_line    0x000003ae      0x184 build/gpio.o
 .debug_line    0x00000532      0x2ca build/freertos.o
 .debug_line    0x000007fc      0x316 build/adc.o
 .debug_line    0x00000b12      0x151 build/dma.o
 .debug_line    0x00000c63      0x367 build/tim.o
 .debug_line    0x00000fca      0x393 build/usart.o
 .debug_line    0x0000135d      0x28b build/stm32f1xx_it.o
 .debug_line    0x000015e8      0x16a build/stm32f1xx_hal_msp.o
 .debug_line    0x00001752      0x2c0 build/stm32f1xx_hal_timebase_tim.o
 .debug_line    0x00001a12      0x1d8 build/myiic.o
 .debug_line    0x00001bea      0x11f build/ci.o
 .debug_line    0x00001d09      0x243 build/calculate.o
 .debug_line    0x00001f4c     0x45a1 build/stm32f1xx_hal_tim.o
 .debug_line    0x000064ed     0x199e build/stm32f1xx_hal_tim_ex.o
 .debug_line    0x00007e8b      0xe36 build/stm32f1xx_hal_adc.o
 .debug_line    0x00008cc1      0x4e0 build/stm32f1xx_hal.o
 .debug_line    0x000091a1      0xc5c build/stm32f1xx_hal_rcc.o
 .debug_line    0x00009dfd      0x45c build/stm32f1xx_hal_rcc_ex.o
 .debug_line    0x0000a259      0x582 build/stm32f1xx_hal_gpio.o
 .debug_line    0x0000a7db      0xaa1 build/stm32f1xx_hal_dma.o
 .debug_line    0x0000b27c      0x659 build/stm32f1xx_hal_cortex.o
 .debug_line    0x0000b8d5     0x3451 build/stm32f1xx_hal_uart.o
 .debug_line    0x0000ed26      0x1f7 build/system_stm32f1xx.o
 .debug_line    0x0000ef1d      0x326 build/list.o
 .debug_line    0x0000f243     0x2068 build/tasks.o
 .debug_line    0x000112ab     0x128a build/cmsis_os.o
 .debug_line    0x00012535      0x6bd build/heap_4.o
 .debug_line    0x00012bf2      0x55a build/port.o
 .debug_line    0x0001314c      0x2ac build/i2c.o
 .debug_line    0x000133f8     0x55fa build/stm32f1xx_hal_i2c.o
 .debug_line    0x000189f2       0x71 build/startup_stm32f103xb.o
 .debug_line    0x00018a63      0x1cd D:/software/msy64/mingw64/bin/../lib/gcc/arm-none-eabi/13.3.0/../../../../arm-none-eabi/lib/thumb/v7-m/nofp\libc_nano.a(libc_a-memset.o)
 .debug_line    0x00018c30      0x144 D:/software/msy64/mingw64/bin/../lib/gcc/arm-none-eabi/13.3.0/../../../../arm-none-eabi/lib/thumb/v7-m/nofp\libc_nano.a(libc_a-init.o)
 .debug_line    0x00018d74      0x103 D:/software/msy64/mingw64/bin/../lib/gcc/arm-none-eabi/13.3.0/thumb/v7-m/nofp\libgcc.a(_arm_addsubsf3.o)
 .debug_line    0x00018e77      0x123 D:/software/msy64/mingw64/bin/../lib/gcc/arm-none-eabi/13.3.0/thumb/v7-m/nofp\libgcc.a(_arm_muldivsf3.o)
 .debug_line    0x00018f9a       0x9a D:/software/msy64/mingw64/bin/../lib/gcc/arm-none-eabi/13.3.0/thumb/v7-m/nofp\libgcc.a(_arm_cmpsf2.o)

.debug_str      0x00000000     0x6a3b
 .debug_str     0x00000000     0x6a3b build/main.o
                                0xa0a (size before relaxing)
 .debug_str     0x00006a3b      0x24a build/gpio.o
 .debug_str     0x00006a3b      0x638 build/freertos.o
 .debug_str     0x00006a3b      0x616 build/adc.o
 .debug_str     0x00006a3b      0x4a9 build/dma.o
 .debug_str     0x00006a3b      0x85e build/tim.o
 .debug_str     0x00006a3b      0x9c7 build/usart.o
 .debug_str     0x00006a3b      0xbc1 build/stm32f1xx_it.o
 .debug_str     0x00006a3b      0x4d2 build/stm32f1xx_hal_msp.o
 .debug_str     0x00006a3b      0xadb build/stm32f1xx_hal_timebase_tim.o
 .debug_str     0x00006a3b      0x699 build/myiic.o
 .debug_str     0x00006a3b      0x1c3 build/ci.o
 .debug_str     0x00006a3b      0x24b build/calculate.o
 .debug_str     0x00006a3b     0x1644 build/stm32f1xx_hal_tim.o
 .debug_str     0x00006a3b      0xe50 build/stm32f1xx_hal_tim_ex.o
 .debug_str     0x00006a3b      0x899 build/stm32f1xx_hal_adc.o
 .debug_str     0x00006a3b      0x7ed build/stm32f1xx_hal.o
 .debug_str     0x00006a3b      0x5ea build/stm32f1xx_hal_rcc.o
 .debug_str     0x00006a3b      0x392 build/stm32f1xx_hal_rcc_ex.o
 .debug_str     0x00006a3b      0x3bf build/stm32f1xx_hal_gpio.o
 .debug_str     0x00006a3b      0x5bc build/stm32f1xx_hal_dma.o
 .debug_str     0x00006a3b      0x892 build/stm32f1xx_hal_cortex.o
 .debug_str     0x00006a3b      0xcb3 build/stm32f1xx_hal_uart.o
 .debug_str     0x00006a3b      0x213 build/system_stm32f1xx.o
 .debug_str     0x00006a3b      0x2b4 build/list.o
 .debug_str     0x00006a3b      0xfcd build/tasks.o
 .debug_str     0x00006a3b     0x1037 build/cmsis_os.o
 .debug_str     0x00006a3b      0x4cd build/heap_4.o
 .debug_str     0x00006a3b      0x420 build/port.o
 .debug_str     0x00006a3b      0xa20 build/i2c.o
 .debug_str     0x00006a3b      0xf84 build/stm32f1xx_hal_i2c.o
 .debug_str     0x00006a3b       0x53 build/startup_stm32f103xb.o
 .debug_str     0x00006a3b      0x193 D:/software/msy64/mingw64/bin/../lib/gcc/arm-none-eabi/13.3.0/../../../../arm-none-eabi/lib/thumb/v7-m/nofp\libc_nano.a(libc_a-memset.o)
 .debug_str     0x00006a3b      0x1e0 D:/software/msy64/mingw64/bin/../lib/gcc/arm-none-eabi/13.3.0/../../../../arm-none-eabi/lib/thumb/v7-m/nofp\libc_nano.a(libc_a-init.o)
 .debug_str     0x00006a3b      0x11f D:/software/msy64/mingw64/bin/../lib/gcc/arm-none-eabi/13.3.0/thumb/v7-m/nofp\libgcc.a(_arm_addsubsf3.o)
 .debug_str     0x00006a3b       0xab D:/software/msy64/mingw64/bin/../lib/gcc/arm-none-eabi/13.3.0/thumb/v7-m/nofp\libgcc.a(_arm_muldivsf3.o)
 .debug_str     0x00006a3b      0x134 D:/software/msy64/mingw64/bin/../lib/gcc/arm-none-eabi/13.3.0/thumb/v7-m/nofp\libgcc.a(_arm_cmpsf2.o)

.debug_frame    0x00000000     0x3d1c
 .debug_frame   0x00000000       0x70 build/main.o
 .debug_frame   0x00000070       0x30 build/gpio.o
 .debug_frame   0x000000a0       0x70 build/freertos.o
 .debug_frame   0x00000110       0x68 build/adc.o
 .debug_frame   0x00000178       0x2c build/dma.o
 .debug_frame   0x000001a4       0x7c build/tim.o
 .debug_frame   0x00000220       0x7c build/usart.o
 .debug_frame   0x0000029c       0xd0 build/stm32f1xx_it.o
 .debug_frame   0x0000036c       0x2c build/stm32f1xx_hal_msp.o
 .debug_frame   0x00000398       0x54 build/stm32f1xx_hal_timebase_tim.o
 .debug_frame   0x000003ec       0x70 build/myiic.o
 .debug_frame   0x0000045c       0x2c build/ci.o
 .debug_frame   0x00000488       0x40 build/calculate.o
 .debug_frame   0x000004c8      0xb18 build/stm32f1xx_hal_tim.o
 .debug_frame   0x00000fe0      0x418 build/stm32f1xx_hal_tim_ex.o
 .debug_frame   0x000013f8      0x2c8 build/stm32f1xx_hal_adc.o
 .debug_frame   0x000016c0      0x1cc build/stm32f1xx_hal.o
 .debug_frame   0x0000188c      0x184 build/stm32f1xx_hal_rcc.o
 .debug_frame   0x00001a10       0x5c build/stm32f1xx_hal_rcc_ex.o
 .debug_frame   0x00001a6c       0xe4 build/stm32f1xx_hal_gpio.o
 .debug_frame   0x00001b50      0x144 build/stm32f1xx_hal_dma.o
 .debug_frame   0x00001c94      0x19c build/stm32f1xx_hal_cortex.o
 .debug_frame   0x00001e30      0x5dc build/stm32f1xx_hal_uart.o
 .debug_frame   0x0000240c       0x30 build/system_stm32f1xx.o
 .debug_frame   0x0000243c       0x70 build/list.o
 .debug_frame   0x000024ac      0x598 build/tasks.o
 .debug_frame   0x00002a44      0x58c build/cmsis_os.o
 .debug_frame   0x00002fd0       0xd0 build/heap_4.o
 .debug_frame   0x000030a0       0xf0 build/port.o
 .debug_frame   0x00003190       0x60 build/i2c.o
 .debug_frame   0x000031f0      0x988 build/stm32f1xx_hal_i2c.o
 .debug_frame   0x00003b78       0x2c D:/software/msy64/mingw64/bin/../lib/gcc/arm-none-eabi/13.3.0/../../../../arm-none-eabi/lib/thumb/v7-m/nofp\libc_nano.a(libc_a-memset.o)
 .debug_frame   0x00003ba4       0x2c D:/software/msy64/mingw64/bin/../lib/gcc/arm-none-eabi/13.3.0/../../../../arm-none-eabi/lib/thumb/v7-m/nofp\libc_nano.a(libc_a-init.o)
 .debug_frame   0x00003bd0       0x4c D:/software/msy64/mingw64/bin/../lib/gcc/arm-none-eabi/13.3.0/thumb/v7-m/nofp\libgcc.a(_arm_addsubsf3.o)
 .debug_frame   0x00003c1c       0x38 D:/software/msy64/mingw64/bin/../lib/gcc/arm-none-eabi/13.3.0/thumb/v7-m/nofp\libgcc.a(_arm_muldivsf3.o)
 .debug_frame   0x00003c54       0xc8 D:/software/msy64/mingw64/bin/../lib/gcc/arm-none-eabi/13.3.0/thumb/v7-m/nofp\libgcc.a(_arm_cmpsf2.o)

.debug_loclists
                0x00000000      0x230
 .debug_loclists
                0x00000000      0x1cb D:/software/msy64/mingw64/bin/../lib/gcc/arm-none-eabi/13.3.0/../../../../arm-none-eabi/lib/thumb/v7-m/nofp\libc_nano.a(libc_a-memset.o)
 .debug_loclists
                0x000001cb       0x65 D:/software/msy64/mingw64/bin/../lib/gcc/arm-none-eabi/13.3.0/../../../../arm-none-eabi/lib/thumb/v7-m/nofp\libc_nano.a(libc_a-init.o)

.debug_line_str
                0x00000000       0x73
 .debug_line_str
                0x00000000       0x73 D:/software/msy64/mingw64/bin/../lib/gcc/arm-none-eabi/13.3.0/thumb/v7-m/nofp\libgcc.a(_arm_addsubsf3.o)
 .debug_line_str
                0x00000073       0x73 D:/software/msy64/mingw64/bin/../lib/gcc/arm-none-eabi/13.3.0/thumb/v7-m/nofp\libgcc.a(_arm_muldivsf3.o)
 .debug_line_str
                0x00000073       0x73 D:/software/msy64/mingw64/bin/../lib/gcc/arm-none-eabi/13.3.0/thumb/v7-m/nofp\libgcc.a(_arm_cmpsf2.o)

Cross Reference Table

Symbol                                            File
ADC1_2_IRQHandler                                 build/startup_stm32f103xb.o
ADC_ConversionStop_Disable                        build/stm32f1xx_hal_adc.o
                                                  build/stm32f1xx_hal_adc_ex.o
ADC_DMAConvCplt                                   build/stm32f1xx_hal_adc.o
                                                  build/stm32f1xx_hal_adc_ex.o
ADC_DMAError                                      build/stm32f1xx_hal_adc.o
                                                  build/stm32f1xx_hal_adc_ex.o
ADC_DMAHalfConvCplt                               build/stm32f1xx_hal_adc.o
                                                  build/stm32f1xx_hal_adc_ex.o
ADC_Enable                                        build/stm32f1xx_hal_adc.o
                                                  build/stm32f1xx_hal_adc_ex.o
AHBPrescTable                                     build/system_stm32f1xx.o
                                                  build/stm32f1xx_hal_rcc.o
APBPrescTable                                     build/system_stm32f1xx.o
                                                  build/stm32f1xx_hal_rcc.o
Angle                                             build/freertos.o
AngleData                                         build/calculate.o
                                                  build/freertos.o
AngleDataInit                                     build/calculate.o
                                                  build/main.o
AngleDataUpdate                                   build/calculate.o
                                                  build/freertos.o
AngleSpeed                                        build/freertos.o
BusFault_Handler                                  build/stm32f1xx_it.o
CAN1_RX1_IRQHandler                               build/startup_stm32f103xb.o
CAN1_SCE_IRQHandler                               build/startup_stm32f103xb.o
DMA1_Channel1_IRQHandler                          build/stm32f1xx_it.o
DMA1_Channel2_IRQHandler                          build/startup_stm32f103xb.o
DMA1_Channel3_IRQHandler                          build/startup_stm32f103xb.o
DMA1_Channel4_IRQHandler                          build/startup_stm32f103xb.o
DMA1_Channel5_IRQHandler                          build/startup_stm32f103xb.o
DMA1_Channel6_IRQHandler                          build/startup_stm32f103xb.o
DMA1_Channel7_IRQHandler                          build/startup_stm32f103xb.o
DebugMon_Handler                                  build/stm32f1xx_it.o
Default_Handler                                   build/startup_stm32f103xb.o
EXTI0_IRQHandler                                  build/startup_stm32f103xb.o
EXTI15_10_IRQHandler                              build/startup_stm32f103xb.o
EXTI1_IRQHandler                                  build/startup_stm32f103xb.o
EXTI2_IRQHandler                                  build/startup_stm32f103xb.o
EXTI3_IRQHandler                                  build/startup_stm32f103xb.o
EXTI4_IRQHandler                                  build/startup_stm32f103xb.o
EXTI9_5_IRQHandler                                build/startup_stm32f103xb.o
Error_Handler                                     build/main.o
                                                  build/i2c.o
                                                  build/usart.o
                                                  build/tim.o
                                                  build/adc.o
FLASH_IRQHandler                                  build/startup_stm32f103xb.o
FLASH_PageErase                                   build/stm32f1xx_hal_flash_ex.o
                                                  build/stm32f1xx_hal_flash.o
FLASH_WaitForLastOperation                        build/stm32f1xx_hal_flash.o
                                                  build/stm32f1xx_hal_flash_ex.o
Get_Angle                                         build/ci.o
                                                  build/calculate.o
HAL_ADCEx_Calibration_Start                       build/stm32f1xx_hal_adc_ex.o
HAL_ADCEx_InjectedConfigChannel                   build/stm32f1xx_hal_adc_ex.o
HAL_ADCEx_InjectedConvCpltCallback                build/stm32f1xx_hal_adc_ex.o
                                                  build/stm32f1xx_hal_adc.o
HAL_ADCEx_InjectedGetValue                        build/stm32f1xx_hal_adc_ex.o
HAL_ADCEx_InjectedPollForConversion               build/stm32f1xx_hal_adc_ex.o
HAL_ADCEx_InjectedStart                           build/stm32f1xx_hal_adc_ex.o
HAL_ADCEx_InjectedStart_IT                        build/stm32f1xx_hal_adc_ex.o
HAL_ADCEx_InjectedStop                            build/stm32f1xx_hal_adc_ex.o
HAL_ADCEx_InjectedStop_IT                         build/stm32f1xx_hal_adc_ex.o
HAL_ADCEx_MultiModeConfigChannel                  build/stm32f1xx_hal_adc_ex.o
HAL_ADCEx_MultiModeGetValue                       build/stm32f1xx_hal_adc_ex.o
HAL_ADCEx_MultiModeStart_DMA                      build/stm32f1xx_hal_adc_ex.o
HAL_ADCEx_MultiModeStop_DMA                       build/stm32f1xx_hal_adc_ex.o
HAL_ADC_AnalogWDGConfig                           build/stm32f1xx_hal_adc.o
HAL_ADC_ConfigChannel                             build/stm32f1xx_hal_adc.o
                                                  build/adc.o
HAL_ADC_ConvCpltCallback                          build/stm32f1xx_hal_adc.o
HAL_ADC_ConvHalfCpltCallback                      build/stm32f1xx_hal_adc.o
HAL_ADC_DeInit                                    build/stm32f1xx_hal_adc.o
HAL_ADC_ErrorCallback                             build/stm32f1xx_hal_adc.o
HAL_ADC_GetError                                  build/stm32f1xx_hal_adc.o
HAL_ADC_GetState                                  build/stm32f1xx_hal_adc.o
HAL_ADC_GetValue                                  build/stm32f1xx_hal_adc.o
HAL_ADC_IRQHandler                                build/stm32f1xx_hal_adc.o
HAL_ADC_Init                                      build/stm32f1xx_hal_adc.o
                                                  build/adc.o
HAL_ADC_LevelOutOfWindowCallback                  build/stm32f1xx_hal_adc.o
HAL_ADC_MspDeInit                                 build/adc.o
HAL_ADC_MspInit                                   build/adc.o
HAL_ADC_PollForConversion                         build/stm32f1xx_hal_adc.o
HAL_ADC_PollForEvent                              build/stm32f1xx_hal_adc.o
HAL_ADC_Start                                     build/stm32f1xx_hal_adc.o
HAL_ADC_Start_DMA                                 build/stm32f1xx_hal_adc.o
HAL_ADC_Start_IT                                  build/stm32f1xx_hal_adc.o
HAL_ADC_Stop                                      build/stm32f1xx_hal_adc.o
HAL_ADC_Stop_DMA                                  build/stm32f1xx_hal_adc.o
HAL_ADC_Stop_IT                                   build/stm32f1xx_hal_adc.o
HAL_DBGMCU_DisableDBGSleepMode                    build/stm32f1xx_hal.o
HAL_DBGMCU_DisableDBGStandbyMode                  build/stm32f1xx_hal.o
HAL_DBGMCU_DisableDBGStopMode                     build/stm32f1xx_hal.o
HAL_DBGMCU_EnableDBGSleepMode                     build/stm32f1xx_hal.o
HAL_DBGMCU_EnableDBGStandbyMode                   build/stm32f1xx_hal.o
HAL_DBGMCU_EnableDBGStopMode                      build/stm32f1xx_hal.o
HAL_DMA_Abort                                     build/stm32f1xx_hal_dma.o
                                                  build/stm32f1xx_hal_uart.o
                                                  build/stm32f1xx_hal_adc_ex.o
                                                  build/stm32f1xx_hal_adc.o
HAL_DMA_Abort_IT                                  build/stm32f1xx_hal_dma.o
                                                  build/stm32f1xx_hal_i2c.o
                                                  build/stm32f1xx_hal_uart.o
                                                  build/stm32f1xx_hal_tim_ex.o
                                                  build/stm32f1xx_hal_tim.o
HAL_DMA_DeInit                                    build/stm32f1xx_hal_dma.o
                                                  build/adc.o
HAL_DMA_GetError                                  build/stm32f1xx_hal_dma.o
                                                  build/stm32f1xx_hal_uart.o
HAL_DMA_GetState                                  build/stm32f1xx_hal_dma.o
                                                  build/stm32f1xx_hal_i2c.o
HAL_DMA_IRQHandler                                build/stm32f1xx_hal_dma.o
                                                  build/stm32f1xx_it.o
HAL_DMA_Init                                      build/stm32f1xx_hal_dma.o
                                                  build/adc.o
HAL_DMA_PollForTransfer                           build/stm32f1xx_hal_dma.o
HAL_DMA_RegisterCallback                          build/stm32f1xx_hal_dma.o
HAL_DMA_Start                                     build/stm32f1xx_hal_dma.o
HAL_DMA_Start_IT                                  build/stm32f1xx_hal_dma.o
                                                  build/stm32f1xx_hal_i2c.o
                                                  build/stm32f1xx_hal_uart.o
                                                  build/stm32f1xx_hal_adc_ex.o
                                                  build/stm32f1xx_hal_adc.o
                                                  build/stm32f1xx_hal_tim_ex.o
                                                  build/stm32f1xx_hal_tim.o
HAL_DMA_UnRegisterCallback                        build/stm32f1xx_hal_dma.o
HAL_DeInit                                        build/stm32f1xx_hal.o
HAL_Delay                                         build/stm32f1xx_hal.o
HAL_EXTI_ClearConfigLine                          build/stm32f1xx_hal_exti.o
HAL_EXTI_ClearPending                             build/stm32f1xx_hal_exti.o
HAL_EXTI_GenerateSWI                              build/stm32f1xx_hal_exti.o
HAL_EXTI_GetConfigLine                            build/stm32f1xx_hal_exti.o
HAL_EXTI_GetHandle                                build/stm32f1xx_hal_exti.o
HAL_EXTI_GetPending                               build/stm32f1xx_hal_exti.o
HAL_EXTI_IRQHandler                               build/stm32f1xx_hal_exti.o
HAL_EXTI_RegisterCallback                         build/stm32f1xx_hal_exti.o
HAL_EXTI_SetConfigLine                            build/stm32f1xx_hal_exti.o
HAL_FLASHEx_Erase                                 build/stm32f1xx_hal_flash_ex.o
HAL_FLASHEx_Erase_IT                              build/stm32f1xx_hal_flash_ex.o
HAL_FLASHEx_OBErase                               build/stm32f1xx_hal_flash_ex.o
HAL_FLASHEx_OBGetConfig                           build/stm32f1xx_hal_flash_ex.o
HAL_FLASHEx_OBGetUserData                         build/stm32f1xx_hal_flash_ex.o
HAL_FLASHEx_OBProgram                             build/stm32f1xx_hal_flash_ex.o
HAL_FLASH_EndOfOperationCallback                  build/stm32f1xx_hal_flash.o
HAL_FLASH_GetError                                build/stm32f1xx_hal_flash.o
HAL_FLASH_IRQHandler                              build/stm32f1xx_hal_flash.o
HAL_FLASH_Lock                                    build/stm32f1xx_hal_flash.o
HAL_FLASH_OB_Launch                               build/stm32f1xx_hal_flash.o
HAL_FLASH_OB_Lock                                 build/stm32f1xx_hal_flash.o
HAL_FLASH_OB_Unlock                               build/stm32f1xx_hal_flash.o
HAL_FLASH_OperationErrorCallback                  build/stm32f1xx_hal_flash.o
HAL_FLASH_Program                                 build/stm32f1xx_hal_flash.o
HAL_FLASH_Program_IT                              build/stm32f1xx_hal_flash.o
HAL_FLASH_Unlock                                  build/stm32f1xx_hal_flash.o
HAL_GPIOEx_ConfigEventout                         build/stm32f1xx_hal_gpio_ex.o
HAL_GPIOEx_DisableEventout                        build/stm32f1xx_hal_gpio_ex.o
HAL_GPIOEx_EnableEventout                         build/stm32f1xx_hal_gpio_ex.o
HAL_GPIO_DeInit                                   build/stm32f1xx_hal_gpio.o
                                                  build/i2c.o
                                                  build/usart.o
                                                  build/adc.o
HAL_GPIO_EXTI_Callback                            build/stm32f1xx_hal_gpio.o
HAL_GPIO_EXTI_IRQHandler                          build/stm32f1xx_hal_gpio.o
HAL_GPIO_Init                                     build/stm32f1xx_hal_gpio.o
                                                  build/i2c.o
                                                  build/stm32f1xx_hal_rcc.o
                                                  build/usart.o
                                                  build/tim.o
                                                  build/adc.o
                                                  build/gpio.o
HAL_GPIO_LockPin                                  build/stm32f1xx_hal_gpio.o
HAL_GPIO_ReadPin                                  build/stm32f1xx_hal_gpio.o
HAL_GPIO_TogglePin                                build/stm32f1xx_hal_gpio.o
                                                  build/freertos.o
HAL_GPIO_WritePin                                 build/stm32f1xx_hal_gpio.o
                                                  build/gpio.o
HAL_GetDEVID                                      build/stm32f1xx_hal.o
HAL_GetHalVersion                                 build/stm32f1xx_hal.o
HAL_GetREVID                                      build/stm32f1xx_hal.o
HAL_GetTick                                       build/stm32f1xx_hal.o
                                                  build/stm32f1xx_hal_i2c.o
                                                  build/stm32f1xx_hal_uart.o
                                                  build/stm32f1xx_hal_flash.o
                                                  build/stm32f1xx_hal_dma.o
                                                  build/stm32f1xx_hal_rcc_ex.o
                                                  build/stm32f1xx_hal_rcc.o
                                                  build/stm32f1xx_hal_adc_ex.o
                                                  build/stm32f1xx_hal_adc.o
HAL_GetTickFreq                                   build/stm32f1xx_hal.o
HAL_GetTickPrio                                   build/stm32f1xx_hal.o
HAL_GetUIDw0                                      build/stm32f1xx_hal.o
HAL_GetUIDw1                                      build/stm32f1xx_hal.o
HAL_GetUIDw2                                      build/stm32f1xx_hal.o
HAL_HalfDuplex_EnableReceiver                     build/stm32f1xx_hal_uart.o
HAL_HalfDuplex_EnableTransmitter                  build/stm32f1xx_hal_uart.o
HAL_HalfDuplex_Init                               build/stm32f1xx_hal_uart.o
HAL_I2C_AbortCpltCallback                         build/stm32f1xx_hal_i2c.o
HAL_I2C_AddrCallback                              build/stm32f1xx_hal_i2c.o
HAL_I2C_DeInit                                    build/stm32f1xx_hal_i2c.o
HAL_I2C_DisableListen_IT                          build/stm32f1xx_hal_i2c.o
HAL_I2C_ER_IRQHandler                             build/stm32f1xx_hal_i2c.o
HAL_I2C_EV_IRQHandler                             build/stm32f1xx_hal_i2c.o
                                                  build/stm32f1xx_it.o
HAL_I2C_EnableListen_IT                           build/stm32f1xx_hal_i2c.o
HAL_I2C_ErrorCallback                             build/stm32f1xx_hal_i2c.o
HAL_I2C_GetError                                  build/stm32f1xx_hal_i2c.o
HAL_I2C_GetMode                                   build/stm32f1xx_hal_i2c.o
HAL_I2C_GetState                                  build/stm32f1xx_hal_i2c.o
HAL_I2C_Init                                      build/stm32f1xx_hal_i2c.o
                                                  build/i2c.o
HAL_I2C_IsDeviceReady                             build/stm32f1xx_hal_i2c.o
HAL_I2C_ListenCpltCallback                        build/stm32f1xx_hal_i2c.o
HAL_I2C_MasterRxCpltCallback                      build/stm32f1xx_hal_i2c.o
HAL_I2C_MasterTxCpltCallback                      build/stm32f1xx_hal_i2c.o
HAL_I2C_Master_Abort_IT                           build/stm32f1xx_hal_i2c.o
HAL_I2C_Master_Receive                            build/stm32f1xx_hal_i2c.o
                                                  build/myiic.o
HAL_I2C_Master_Receive_DMA                        build/stm32f1xx_hal_i2c.o
HAL_I2C_Master_Receive_IT                         build/stm32f1xx_hal_i2c.o
HAL_I2C_Master_Seq_Receive_DMA                    build/stm32f1xx_hal_i2c.o
HAL_I2C_Master_Seq_Receive_IT                     build/stm32f1xx_hal_i2c.o
HAL_I2C_Master_Seq_Transmit_DMA                   build/stm32f1xx_hal_i2c.o
HAL_I2C_Master_Seq_Transmit_IT                    build/stm32f1xx_hal_i2c.o
HAL_I2C_Master_Transmit                           build/stm32f1xx_hal_i2c.o
                                                  build/myiic.o
HAL_I2C_Master_Transmit_DMA                       build/stm32f1xx_hal_i2c.o
HAL_I2C_Master_Transmit_IT                        build/stm32f1xx_hal_i2c.o
HAL_I2C_MemRxCpltCallback                         build/stm32f1xx_hal_i2c.o
HAL_I2C_MemTxCpltCallback                         build/stm32f1xx_hal_i2c.o
HAL_I2C_Mem_Read                                  build/stm32f1xx_hal_i2c.o
HAL_I2C_Mem_Read_DMA                              build/stm32f1xx_hal_i2c.o
HAL_I2C_Mem_Read_IT                               build/stm32f1xx_hal_i2c.o
HAL_I2C_Mem_Write                                 build/stm32f1xx_hal_i2c.o
                                                  build/myiic.o
HAL_I2C_Mem_Write_DMA                             build/stm32f1xx_hal_i2c.o
HAL_I2C_Mem_Write_IT                              build/stm32f1xx_hal_i2c.o
HAL_I2C_MspDeInit                                 build/i2c.o
HAL_I2C_MspInit                                   build/i2c.o
HAL_I2C_SlaveRxCpltCallback                       build/stm32f1xx_hal_i2c.o
HAL_I2C_SlaveTxCpltCallback                       build/stm32f1xx_hal_i2c.o
HAL_I2C_Slave_Receive                             build/stm32f1xx_hal_i2c.o
HAL_I2C_Slave_Receive_DMA                         build/stm32f1xx_hal_i2c.o
HAL_I2C_Slave_Receive_IT                          build/stm32f1xx_hal_i2c.o
HAL_I2C_Slave_Seq_Receive_DMA                     build/stm32f1xx_hal_i2c.o
HAL_I2C_Slave_Seq_Receive_IT                      build/stm32f1xx_hal_i2c.o
HAL_I2C_Slave_Seq_Transmit_DMA                    build/stm32f1xx_hal_i2c.o
HAL_I2C_Slave_Seq_Transmit_IT                     build/stm32f1xx_hal_i2c.o
HAL_I2C_Slave_Transmit                            build/stm32f1xx_hal_i2c.o
HAL_I2C_Slave_Transmit_DMA                        build/stm32f1xx_hal_i2c.o
HAL_I2C_Slave_Transmit_IT                         build/stm32f1xx_hal_i2c.o
HAL_IncTick                                       build/stm32f1xx_hal.o
                                                  build/main.o
HAL_Init                                          build/stm32f1xx_hal.o
                                                  build/main.o
HAL_InitTick                                      build/stm32f1xx_hal_timebase_tim.o
                                                  build/stm32f1xx_hal_rcc.o
HAL_LIN_Init                                      build/stm32f1xx_hal_uart.o
HAL_LIN_SendBreak                                 build/stm32f1xx_hal_uart.o
HAL_MspDeInit                                     build/stm32f1xx_hal.o
HAL_MspInit                                       build/stm32f1xx_hal_msp.o
HAL_MultiProcessor_EnterMuteMode                  build/stm32f1xx_hal_uart.o
HAL_MultiProcessor_ExitMuteMode                   build/stm32f1xx_hal_uart.o
HAL_MultiProcessor_Init                           build/stm32f1xx_hal_uart.o
HAL_NVIC_ClearPendingIRQ                          build/stm32f1xx_hal_cortex.o
HAL_NVIC_DisableIRQ                               build/stm32f1xx_hal_cortex.o
                                                  build/i2c.o
                                                  build/usart.o
HAL_NVIC_EnableIRQ                                build/stm32f1xx_hal_cortex.o
                                                  build/i2c.o
                                                  build/stm32f1xx_hal_timebase_tim.o
                                                  build/usart.o
                                                  build/dma.o
HAL_NVIC_GetActive                                build/stm32f1xx_hal_cortex.o
HAL_NVIC_GetPendingIRQ                            build/stm32f1xx_hal_cortex.o
HAL_NVIC_GetPriority                              build/stm32f1xx_hal_cortex.o
HAL_NVIC_GetPriorityGrouping                      build/stm32f1xx_hal_cortex.o
HAL_NVIC_SetPendingIRQ                            build/stm32f1xx_hal_cortex.o
HAL_NVIC_SetPriority                              build/stm32f1xx_hal_cortex.o
                                                  build/i2c.o
                                                  build/stm32f1xx_hal.o
                                                  build/stm32f1xx_hal_timebase_tim.o
                                                  build/stm32f1xx_hal_msp.o
                                                  build/usart.o
                                                  build/dma.o
HAL_NVIC_SetPriorityGrouping                      build/stm32f1xx_hal_cortex.o
                                                  build/stm32f1xx_hal.o
HAL_NVIC_SystemReset                              build/stm32f1xx_hal_cortex.o
                                                  build/stm32f1xx_hal_flash.o
HAL_PWR_ConfigPVD                                 build/stm32f1xx_hal_pwr.o
HAL_PWR_DeInit                                    build/stm32f1xx_hal_pwr.o
HAL_PWR_DisableBkUpAccess                         build/stm32f1xx_hal_pwr.o
HAL_PWR_DisablePVD                                build/stm32f1xx_hal_pwr.o
HAL_PWR_DisableSEVOnPend                          build/stm32f1xx_hal_pwr.o
HAL_PWR_DisableSleepOnExit                        build/stm32f1xx_hal_pwr.o
HAL_PWR_DisableWakeUpPin                          build/stm32f1xx_hal_pwr.o
HAL_PWR_EnableBkUpAccess                          build/stm32f1xx_hal_pwr.o
HAL_PWR_EnablePVD                                 build/stm32f1xx_hal_pwr.o
HAL_PWR_EnableSEVOnPend                           build/stm32f1xx_hal_pwr.o
HAL_PWR_EnableSleepOnExit                         build/stm32f1xx_hal_pwr.o
HAL_PWR_EnableWakeUpPin                           build/stm32f1xx_hal_pwr.o
HAL_PWR_EnterSLEEPMode                            build/stm32f1xx_hal_pwr.o
HAL_PWR_EnterSTANDBYMode                          build/stm32f1xx_hal_pwr.o
HAL_PWR_EnterSTOPMode                             build/stm32f1xx_hal_pwr.o
HAL_PWR_PVDCallback                               build/stm32f1xx_hal_pwr.o
HAL_PWR_PVD_IRQHandler                            build/stm32f1xx_hal_pwr.o
HAL_RCCEx_GetPeriphCLKConfig                      build/stm32f1xx_hal_rcc_ex.o
HAL_RCCEx_GetPeriphCLKFreq                        build/stm32f1xx_hal_rcc_ex.o
                                                  build/stm32f1xx_hal_adc_ex.o
                                                  build/stm32f1xx_hal_adc.o
HAL_RCCEx_PeriphCLKConfig                         build/stm32f1xx_hal_rcc_ex.o
                                                  build/main.o
HAL_RCC_CSSCallback                               build/stm32f1xx_hal_rcc.o
HAL_RCC_ClockConfig                               build/stm32f1xx_hal_rcc.o
                                                  build/main.o
HAL_RCC_DeInit                                    build/stm32f1xx_hal_rcc.o
HAL_RCC_DisableCSS                                build/stm32f1xx_hal_rcc.o
HAL_RCC_EnableCSS                                 build/stm32f1xx_hal_rcc.o
HAL_RCC_GetClockConfig                            build/stm32f1xx_hal_rcc.o
                                                  build/stm32f1xx_hal_timebase_tim.o
HAL_RCC_GetHCLKFreq                               build/stm32f1xx_hal_rcc.o
HAL_RCC_GetOscConfig                              build/stm32f1xx_hal_rcc.o
HAL_RCC_GetPCLK1Freq                              build/stm32f1xx_hal_rcc.o