ARM GAS  D:\software\msy64\tmp\cctjFB8z.s 			page 1


   1              		.cpu cortex-m3
   2              		.arch armv7-m
   3              		.fpu softvfp
   4              		.eabi_attribute 20, 1
   5              		.eabi_attribute 21, 1
   6              		.eabi_attribute 23, 3
   7              		.eabi_attribute 24, 1
   8              		.eabi_attribute 25, 1
   9              		.eabi_attribute 26, 1
  10              		.eabi_attribute 30, 1
  11              		.eabi_attribute 34, 1
  12              		.eabi_attribute 18, 4
  13              		.file	"tim.c"
  14              		.text
  15              	.Ltext0:
  16              		.cfi_sections	.debug_frame
  17              		.file 1 "Core/Src/tim.c"
  18              		.section	.text.HAL_TIM_PWM_MspInit,"ax",%progbits
  19              		.align	1
  20              		.global	HAL_TIM_PWM_MspInit
  21              		.syntax unified
  22              		.thumb
  23              		.thumb_func
  25              	HAL_TIM_PWM_MspInit:
  26              	.LVL0:
  27              	.LFB66:
   1:Core/Src/tim.c **** /* USER CODE BEGIN Header */
   2:Core/Src/tim.c **** /**
   3:Core/Src/tim.c ****   ******************************************************************************
   4:Core/Src/tim.c ****   * @file    tim.c
   5:Core/Src/tim.c ****   * @brief   This file provides code for the configuration
   6:Core/Src/tim.c ****   *          of the TIM instances.
   7:Core/Src/tim.c ****   ******************************************************************************
   8:Core/Src/tim.c ****   * @attention
   9:Core/Src/tim.c ****   *
  10:Core/Src/tim.c ****   * Copyright (c) 2025 STMicroelectronics.
  11:Core/Src/tim.c ****   * All rights reserved.
  12:Core/Src/tim.c ****   *
  13:Core/Src/tim.c ****   * This software is licensed under terms that can be found in the LICENSE file
  14:Core/Src/tim.c ****   * in the root directory of this software component.
  15:Core/Src/tim.c ****   * If no LICENSE file comes with this software, it is provided AS-IS.
  16:Core/Src/tim.c ****   *
  17:Core/Src/tim.c ****   ******************************************************************************
  18:Core/Src/tim.c ****   */
  19:Core/Src/tim.c **** /* USER CODE END Header */
  20:Core/Src/tim.c **** /* Includes ------------------------------------------------------------------*/
  21:Core/Src/tim.c **** #include "tim.h"
  22:Core/Src/tim.c **** 
  23:Core/Src/tim.c **** /* USER CODE BEGIN 0 */
  24:Core/Src/tim.c **** 
  25:Core/Src/tim.c **** /* USER CODE END 0 */
  26:Core/Src/tim.c **** 
  27:Core/Src/tim.c **** TIM_HandleTypeDef htim3;
  28:Core/Src/tim.c **** 
  29:Core/Src/tim.c **** /* TIM3 init function */
  30:Core/Src/tim.c **** void MX_TIM3_Init(void)
  31:Core/Src/tim.c **** {
ARM GAS  D:\software\msy64\tmp\cctjFB8z.s 			page 2


  32:Core/Src/tim.c **** 
  33:Core/Src/tim.c ****   /* USER CODE BEGIN TIM3_Init 0 */
  34:Core/Src/tim.c **** 
  35:Core/Src/tim.c ****   /* USER CODE END TIM3_Init 0 */
  36:Core/Src/tim.c **** 
  37:Core/Src/tim.c ****   TIM_MasterConfigTypeDef sMasterConfig = {0};
  38:Core/Src/tim.c ****   TIM_OC_InitTypeDef sConfigOC = {0};
  39:Core/Src/tim.c **** 
  40:Core/Src/tim.c ****   /* USER CODE BEGIN TIM3_Init 1 */
  41:Core/Src/tim.c **** 
  42:Core/Src/tim.c ****   /* USER CODE END TIM3_Init 1 */
  43:Core/Src/tim.c ****   htim3.Instance = TIM3;
  44:Core/Src/tim.c ****   htim3.Init.Prescaler = 0;
  45:Core/Src/tim.c ****   htim3.Init.CounterMode = TIM_COUNTERMODE_UP;
  46:Core/Src/tim.c ****   htim3.Init.Period = 65535;
  47:Core/Src/tim.c ****   htim3.Init.ClockDivision = TIM_CLOCKDIVISION_DIV2;
  48:Core/Src/tim.c ****   htim3.Init.AutoReloadPreload = TIM_AUTORELOAD_PRELOAD_DISABLE;
  49:Core/Src/tim.c ****   if (HAL_TIM_PWM_Init(&htim3) != HAL_OK)
  50:Core/Src/tim.c ****   {
  51:Core/Src/tim.c ****     Error_Handler();
  52:Core/Src/tim.c ****   }
  53:Core/Src/tim.c ****   sMasterConfig.MasterOutputTrigger = TIM_TRGO_RESET;
  54:Core/Src/tim.c ****   sMasterConfig.MasterSlaveMode = TIM_MASTERSLAVEMODE_DISABLE;
  55:Core/Src/tim.c ****   if (HAL_TIMEx_MasterConfigSynchronization(&htim3, &sMasterConfig) != HAL_OK)
  56:Core/Src/tim.c ****   {
  57:Core/Src/tim.c ****     Error_Handler();
  58:Core/Src/tim.c ****   }
  59:Core/Src/tim.c ****   sConfigOC.OCMode = TIM_OCMODE_PWM1;
  60:Core/Src/tim.c ****   sConfigOC.Pulse = 0;
  61:Core/Src/tim.c ****   sConfigOC.OCPolarity = TIM_OCPOLARITY_HIGH;
  62:Core/Src/tim.c ****   sConfigOC.OCFastMode = TIM_OCFAST_DISABLE;
  63:Core/Src/tim.c ****   if (HAL_TIM_PWM_ConfigChannel(&htim3, &sConfigOC, TIM_CHANNEL_1) != HAL_OK)
  64:Core/Src/tim.c ****   {
  65:Core/Src/tim.c ****     Error_Handler();
  66:Core/Src/tim.c ****   }
  67:Core/Src/tim.c ****   if (HAL_TIM_PWM_ConfigChannel(&htim3, &sConfigOC, TIM_CHANNEL_2) != HAL_OK)
  68:Core/Src/tim.c ****   {
  69:Core/Src/tim.c ****     Error_Handler();
  70:Core/Src/tim.c ****   }
  71:Core/Src/tim.c ****   if (HAL_TIM_PWM_ConfigChannel(&htim3, &sConfigOC, TIM_CHANNEL_3) != HAL_OK)
  72:Core/Src/tim.c ****   {
  73:Core/Src/tim.c ****     Error_Handler();
  74:Core/Src/tim.c ****   }
  75:Core/Src/tim.c ****   if (HAL_TIM_PWM_ConfigChannel(&htim3, &sConfigOC, TIM_CHANNEL_4) != HAL_OK)
  76:Core/Src/tim.c ****   {
  77:Core/Src/tim.c ****     Error_Handler();
  78:Core/Src/tim.c ****   }
  79:Core/Src/tim.c ****   /* USER CODE BEGIN TIM3_Init 2 */
  80:Core/Src/tim.c **** 
  81:Core/Src/tim.c ****   /* USER CODE END TIM3_Init 2 */
  82:Core/Src/tim.c ****   HAL_TIM_MspPostInit(&htim3);
  83:Core/Src/tim.c **** 
  84:Core/Src/tim.c **** }
  85:Core/Src/tim.c **** 
  86:Core/Src/tim.c **** void HAL_TIM_PWM_MspInit(TIM_HandleTypeDef* tim_pwmHandle)
  87:Core/Src/tim.c **** {
  28              		.loc 1 87 1 view -0
ARM GAS  D:\software\msy64\tmp\cctjFB8z.s 			page 3


  29              		.cfi_startproc
  30              		@ args = 0, pretend = 0, frame = 8
  31              		@ frame_needed = 0, uses_anonymous_args = 0
  32              		@ link register save eliminated.
  88:Core/Src/tim.c **** 
  89:Core/Src/tim.c ****   if(tim_pwmHandle->Instance==TIM3)
  33              		.loc 1 89 3 view .LVU1
  34              		.loc 1 89 19 is_stmt 0 view .LVU2
  35 0000 0268     		ldr	r2, [r0]
  36              		.loc 1 89 5 view .LVU3
  37 0002 094B     		ldr	r3, .L8
  38 0004 9A42     		cmp	r2, r3
  39 0006 00D0     		beq	.L7
  40 0008 7047     		bx	lr
  41              	.L7:
  87:Core/Src/tim.c **** 
  42              		.loc 1 87 1 view .LVU4
  43 000a 82B0     		sub	sp, sp, #8
  44              	.LCFI0:
  45              		.cfi_def_cfa_offset 8
  90:Core/Src/tim.c ****   {
  91:Core/Src/tim.c ****   /* USER CODE BEGIN TIM3_MspInit 0 */
  92:Core/Src/tim.c **** 
  93:Core/Src/tim.c ****   /* USER CODE END TIM3_MspInit 0 */
  94:Core/Src/tim.c ****     /* TIM3 clock enable */
  95:Core/Src/tim.c ****     __HAL_RCC_TIM3_CLK_ENABLE();
  46              		.loc 1 95 5 is_stmt 1 view .LVU5
  47              	.LBB2:
  48              		.loc 1 95 5 view .LVU6
  49              		.loc 1 95 5 view .LVU7
  50 000c 03F50333 		add	r3, r3, #134144
  51 0010 DA69     		ldr	r2, [r3, #28]
  52 0012 42F00202 		orr	r2, r2, #2
  53 0016 DA61     		str	r2, [r3, #28]
  54              		.loc 1 95 5 view .LVU8
  55 0018 DB69     		ldr	r3, [r3, #28]
  56 001a 03F00203 		and	r3, r3, #2
  57 001e 0193     		str	r3, [sp, #4]
  58              		.loc 1 95 5 view .LVU9
  59 0020 019B     		ldr	r3, [sp, #4]
  60              	.LBE2:
  61              		.loc 1 95 5 discriminator 1 view .LVU10
  96:Core/Src/tim.c ****   /* USER CODE BEGIN TIM3_MspInit 1 */
  97:Core/Src/tim.c **** 
  98:Core/Src/tim.c ****   /* USER CODE END TIM3_MspInit 1 */
  99:Core/Src/tim.c ****   }
 100:Core/Src/tim.c **** }
  62              		.loc 1 100 1 is_stmt 0 view .LVU11
  63 0022 02B0     		add	sp, sp, #8
  64              	.LCFI1:
  65              		.cfi_def_cfa_offset 0
  66              		@ sp needed
  67 0024 7047     		bx	lr
  68              	.L9:
  69 0026 00BF     		.align	2
  70              	.L8:
  71 0028 00040040 		.word	1073742848
ARM GAS  D:\software\msy64\tmp\cctjFB8z.s 			page 4


  72              		.cfi_endproc
  73              	.LFE66:
  75              		.section	.text.HAL_TIM_MspPostInit,"ax",%progbits
  76              		.align	1
  77              		.global	HAL_TIM_MspPostInit
  78              		.syntax unified
  79              		.thumb
  80              		.thumb_func
  82              	HAL_TIM_MspPostInit:
  83              	.LVL1:
  84              	.LFB67:
 101:Core/Src/tim.c **** void HAL_TIM_MspPostInit(TIM_HandleTypeDef* timHandle)
 102:Core/Src/tim.c **** {
  85              		.loc 1 102 1 is_stmt 1 view -0
  86              		.cfi_startproc
  87              		@ args = 0, pretend = 0, frame = 24
  88              		@ frame_needed = 0, uses_anonymous_args = 0
  89              		.loc 1 102 1 is_stmt 0 view .LVU13
  90 0000 30B5     		push	{r4, r5, lr}
  91              	.LCFI2:
  92              		.cfi_def_cfa_offset 12
  93              		.cfi_offset 4, -12
  94              		.cfi_offset 5, -8
  95              		.cfi_offset 14, -4
  96 0002 87B0     		sub	sp, sp, #28
  97              	.LCFI3:
  98              		.cfi_def_cfa_offset 40
 103:Core/Src/tim.c **** 
 104:Core/Src/tim.c ****   GPIO_InitTypeDef GPIO_InitStruct = {0};
  99              		.loc 1 104 3 is_stmt 1 view .LVU14
 100              		.loc 1 104 20 is_stmt 0 view .LVU15
 101 0004 0023     		movs	r3, #0
 102 0006 0293     		str	r3, [sp, #8]
 103 0008 0393     		str	r3, [sp, #12]
 104 000a 0493     		str	r3, [sp, #16]
 105 000c 0593     		str	r3, [sp, #20]
 105:Core/Src/tim.c ****   if(timHandle->Instance==TIM3)
 106              		.loc 1 105 3 is_stmt 1 view .LVU16
 107              		.loc 1 105 15 is_stmt 0 view .LVU17
 108 000e 0268     		ldr	r2, [r0]
 109              		.loc 1 105 5 view .LVU18
 110 0010 154B     		ldr	r3, .L14
 111 0012 9A42     		cmp	r2, r3
 112 0014 01D0     		beq	.L13
 113              	.LVL2:
 114              	.L10:
 106:Core/Src/tim.c ****   {
 107:Core/Src/tim.c ****   /* USER CODE BEGIN TIM3_MspPostInit 0 */
 108:Core/Src/tim.c **** 
 109:Core/Src/tim.c ****   /* USER CODE END TIM3_MspPostInit 0 */
 110:Core/Src/tim.c **** 
 111:Core/Src/tim.c ****     __HAL_RCC_GPIOA_CLK_ENABLE();
 112:Core/Src/tim.c ****     __HAL_RCC_GPIOB_CLK_ENABLE();
 113:Core/Src/tim.c ****     /**TIM3 GPIO Configuration
 114:Core/Src/tim.c ****     PA6     ------> TIM3_CH1
 115:Core/Src/tim.c ****     PA7     ------> TIM3_CH2
 116:Core/Src/tim.c ****     PB0     ------> TIM3_CH3
ARM GAS  D:\software\msy64\tmp\cctjFB8z.s 			page 5


 117:Core/Src/tim.c ****     PB1     ------> TIM3_CH4
 118:Core/Src/tim.c ****     */
 119:Core/Src/tim.c ****     GPIO_InitStruct.Pin = PWM1_Pin|PWM2_Pin;
 120:Core/Src/tim.c ****     GPIO_InitStruct.Mode = GPIO_MODE_AF_PP;
 121:Core/Src/tim.c ****     GPIO_InitStruct.Speed = GPIO_SPEED_FREQ_HIGH;
 122:Core/Src/tim.c ****     HAL_GPIO_Init(GPIOA, &GPIO_InitStruct);
 123:Core/Src/tim.c **** 
 124:Core/Src/tim.c ****     GPIO_InitStruct.Pin = PWM3_Pin|PWM4_Pin;
 125:Core/Src/tim.c ****     GPIO_InitStruct.Mode = GPIO_MODE_AF_PP;
 126:Core/Src/tim.c ****     GPIO_InitStruct.Speed = GPIO_SPEED_FREQ_HIGH;
 127:Core/Src/tim.c ****     HAL_GPIO_Init(GPIOB, &GPIO_InitStruct);
 128:Core/Src/tim.c **** 
 129:Core/Src/tim.c ****   /* USER CODE BEGIN TIM3_MspPostInit 1 */
 130:Core/Src/tim.c **** 
 131:Core/Src/tim.c ****   /* USER CODE END TIM3_MspPostInit 1 */
 132:Core/Src/tim.c ****   }
 133:Core/Src/tim.c **** 
 134:Core/Src/tim.c **** }
 115              		.loc 1 134 1 view .LVU19
 116 0016 07B0     		add	sp, sp, #28
 117              	.LCFI4:
 118              		.cfi_remember_state
 119              		.cfi_def_cfa_offset 12
 120              		@ sp needed
 121 0018 30BD     		pop	{r4, r5, pc}
 122              	.LVL3:
 123              	.L13:
 124              	.LCFI5:
 125              		.cfi_restore_state
 111:Core/Src/tim.c ****     __HAL_RCC_GPIOB_CLK_ENABLE();
 126              		.loc 1 111 5 is_stmt 1 view .LVU20
 127              	.LBB3:
 111:Core/Src/tim.c ****     __HAL_RCC_GPIOB_CLK_ENABLE();
 128              		.loc 1 111 5 view .LVU21
 111:Core/Src/tim.c ****     __HAL_RCC_GPIOB_CLK_ENABLE();
 129              		.loc 1 111 5 view .LVU22
 130 001a 03F50333 		add	r3, r3, #134144
 131 001e 9A69     		ldr	r2, [r3, #24]
 132 0020 42F00402 		orr	r2, r2, #4
 133 0024 9A61     		str	r2, [r3, #24]
 111:Core/Src/tim.c ****     __HAL_RCC_GPIOB_CLK_ENABLE();
 134              		.loc 1 111 5 view .LVU23
 135 0026 9A69     		ldr	r2, [r3, #24]
 136 0028 02F00402 		and	r2, r2, #4
 137 002c 0092     		str	r2, [sp]
 111:Core/Src/tim.c ****     __HAL_RCC_GPIOB_CLK_ENABLE();
 138              		.loc 1 111 5 view .LVU24
 139 002e 009A     		ldr	r2, [sp]
 140              	.LBE3:
 111:Core/Src/tim.c ****     __HAL_RCC_GPIOB_CLK_ENABLE();
 141              		.loc 1 111 5 view .LVU25
 112:Core/Src/tim.c ****     /**TIM3 GPIO Configuration
 142              		.loc 1 112 5 view .LVU26
 143              	.LBB4:
 112:Core/Src/tim.c ****     /**TIM3 GPIO Configuration
 144              		.loc 1 112 5 view .LVU27
 112:Core/Src/tim.c ****     /**TIM3 GPIO Configuration
ARM GAS  D:\software\msy64\tmp\cctjFB8z.s 			page 6


 145              		.loc 1 112 5 view .LVU28
 146 0030 9A69     		ldr	r2, [r3, #24]
 147 0032 42F00802 		orr	r2, r2, #8
 148 0036 9A61     		str	r2, [r3, #24]
 112:Core/Src/tim.c ****     /**TIM3 GPIO Configuration
 149              		.loc 1 112 5 view .LVU29
 150 0038 9B69     		ldr	r3, [r3, #24]
 151 003a 03F00803 		and	r3, r3, #8
 152 003e 0193     		str	r3, [sp, #4]
 112:Core/Src/tim.c ****     /**TIM3 GPIO Configuration
 153              		.loc 1 112 5 view .LVU30
 154 0040 019B     		ldr	r3, [sp, #4]
 155              	.LBE4:
 112:Core/Src/tim.c ****     /**TIM3 GPIO Configuration
 156              		.loc 1 112 5 view .LVU31
 119:Core/Src/tim.c ****     GPIO_InitStruct.Mode = GPIO_MODE_AF_PP;
 157              		.loc 1 119 5 view .LVU32
 119:Core/Src/tim.c ****     GPIO_InitStruct.Mode = GPIO_MODE_AF_PP;
 158              		.loc 1 119 25 is_stmt 0 view .LVU33
 159 0042 C023     		movs	r3, #192
 160 0044 0293     		str	r3, [sp, #8]
 120:Core/Src/tim.c ****     GPIO_InitStruct.Speed = GPIO_SPEED_FREQ_HIGH;
 161              		.loc 1 120 5 is_stmt 1 view .LVU34
 120:Core/Src/tim.c ****     GPIO_InitStruct.Speed = GPIO_SPEED_FREQ_HIGH;
 162              		.loc 1 120 26 is_stmt 0 view .LVU35
 163 0046 0225     		movs	r5, #2
 164 0048 0395     		str	r5, [sp, #12]
 121:Core/Src/tim.c ****     HAL_GPIO_Init(GPIOA, &GPIO_InitStruct);
 165              		.loc 1 121 5 is_stmt 1 view .LVU36
 121:Core/Src/tim.c ****     HAL_GPIO_Init(GPIOA, &GPIO_InitStruct);
 166              		.loc 1 121 27 is_stmt 0 view .LVU37
 167 004a 0324     		movs	r4, #3
 168 004c 0594     		str	r4, [sp, #20]
 122:Core/Src/tim.c **** 
 169              		.loc 1 122 5 is_stmt 1 view .LVU38
 170 004e 02A9     		add	r1, sp, #8
 171 0050 0648     		ldr	r0, .L14+4
 172              	.LVL4:
 122:Core/Src/tim.c **** 
 173              		.loc 1 122 5 is_stmt 0 view .LVU39
 174 0052 FFF7FEFF 		bl	HAL_GPIO_Init
 175              	.LVL5:
 124:Core/Src/tim.c ****     GPIO_InitStruct.Mode = GPIO_MODE_AF_PP;
 176              		.loc 1 124 5 is_stmt 1 view .LVU40
 124:Core/Src/tim.c ****     GPIO_InitStruct.Mode = GPIO_MODE_AF_PP;
 177              		.loc 1 124 25 is_stmt 0 view .LVU41
 178 0056 0294     		str	r4, [sp, #8]
 125:Core/Src/tim.c ****     GPIO_InitStruct.Speed = GPIO_SPEED_FREQ_HIGH;
 179              		.loc 1 125 5 is_stmt 1 view .LVU42
 125:Core/Src/tim.c ****     GPIO_InitStruct.Speed = GPIO_SPEED_FREQ_HIGH;
 180              		.loc 1 125 26 is_stmt 0 view .LVU43
 181 0058 0395     		str	r5, [sp, #12]
 126:Core/Src/tim.c ****     HAL_GPIO_Init(GPIOB, &GPIO_InitStruct);
 182              		.loc 1 126 5 is_stmt 1 view .LVU44
 126:Core/Src/tim.c ****     HAL_GPIO_Init(GPIOB, &GPIO_InitStruct);
 183              		.loc 1 126 27 is_stmt 0 view .LVU45
 184 005a 0594     		str	r4, [sp, #20]
ARM GAS  D:\software\msy64\tmp\cctjFB8z.s 			page 7


 127:Core/Src/tim.c **** 
 185              		.loc 1 127 5 is_stmt 1 view .LVU46
 186 005c 02A9     		add	r1, sp, #8
 187 005e 0448     		ldr	r0, .L14+8
 188 0060 FFF7FEFF 		bl	HAL_GPIO_Init
 189              	.LVL6:
 190              		.loc 1 134 1 is_stmt 0 view .LVU47
 191 0064 D7E7     		b	.L10
 192              	.L15:
 193 0066 00BF     		.align	2
 194              	.L14:
 195 0068 00040040 		.word	1073742848
 196 006c 00080140 		.word	1073809408
 197 0070 000C0140 		.word	1073810432
 198              		.cfi_endproc
 199              	.LFE67:
 201              		.section	.text.MX_TIM3_Init,"ax",%progbits
 202              		.align	1
 203              		.global	MX_TIM3_Init
 204              		.syntax unified
 205              		.thumb
 206              		.thumb_func
 208              	MX_TIM3_Init:
 209              	.LFB65:
  31:Core/Src/tim.c **** 
 210              		.loc 1 31 1 is_stmt 1 view -0
 211              		.cfi_startproc
 212              		@ args = 0, pretend = 0, frame = 40
 213              		@ frame_needed = 0, uses_anonymous_args = 0
 214 0000 00B5     		push	{lr}
 215              	.LCFI6:
 216              		.cfi_def_cfa_offset 4
 217              		.cfi_offset 14, -4
 218 0002 8BB0     		sub	sp, sp, #44
 219              	.LCFI7:
 220              		.cfi_def_cfa_offset 48
  37:Core/Src/tim.c ****   TIM_OC_InitTypeDef sConfigOC = {0};
 221              		.loc 1 37 3 view .LVU49
  37:Core/Src/tim.c ****   TIM_OC_InitTypeDef sConfigOC = {0};
 222              		.loc 1 37 27 is_stmt 0 view .LVU50
 223 0004 0023     		movs	r3, #0
 224 0006 0893     		str	r3, [sp, #32]
 225 0008 0993     		str	r3, [sp, #36]
  38:Core/Src/tim.c **** 
 226              		.loc 1 38 3 is_stmt 1 view .LVU51
  38:Core/Src/tim.c **** 
 227              		.loc 1 38 22 is_stmt 0 view .LVU52
 228 000a 0193     		str	r3, [sp, #4]
 229 000c 0293     		str	r3, [sp, #8]
 230 000e 0393     		str	r3, [sp, #12]
 231 0010 0493     		str	r3, [sp, #16]
 232 0012 0593     		str	r3, [sp, #20]
 233 0014 0693     		str	r3, [sp, #24]
 234 0016 0793     		str	r3, [sp, #28]
  43:Core/Src/tim.c ****   htim3.Init.Prescaler = 0;
 235              		.loc 1 43 3 is_stmt 1 view .LVU53
  43:Core/Src/tim.c ****   htim3.Init.Prescaler = 0;
ARM GAS  D:\software\msy64\tmp\cctjFB8z.s 			page 8


 236              		.loc 1 43 18 is_stmt 0 view .LVU54
 237 0018 2648     		ldr	r0, .L30
 238 001a 274A     		ldr	r2, .L30+4
 239 001c 0260     		str	r2, [r0]
  44:Core/Src/tim.c ****   htim3.Init.CounterMode = TIM_COUNTERMODE_UP;
 240              		.loc 1 44 3 is_stmt 1 view .LVU55
  44:Core/Src/tim.c ****   htim3.Init.CounterMode = TIM_COUNTERMODE_UP;
 241              		.loc 1 44 24 is_stmt 0 view .LVU56
 242 001e 4360     		str	r3, [r0, #4]
  45:Core/Src/tim.c ****   htim3.Init.Period = 65535;
 243              		.loc 1 45 3 is_stmt 1 view .LVU57
  45:Core/Src/tim.c ****   htim3.Init.Period = 65535;
 244              		.loc 1 45 26 is_stmt 0 view .LVU58
 245 0020 8360     		str	r3, [r0, #8]
  46:Core/Src/tim.c ****   htim3.Init.ClockDivision = TIM_CLOCKDIVISION_DIV2;
 246              		.loc 1 46 3 is_stmt 1 view .LVU59
  46:Core/Src/tim.c ****   htim3.Init.ClockDivision = TIM_CLOCKDIVISION_DIV2;
 247              		.loc 1 46 21 is_stmt 0 view .LVU60
 248 0022 4FF6FF72 		movw	r2, #65535
 249 0026 C260     		str	r2, [r0, #12]
  47:Core/Src/tim.c ****   htim3.Init.AutoReloadPreload = TIM_AUTORELOAD_PRELOAD_DISABLE;
 250              		.loc 1 47 3 is_stmt 1 view .LVU61
  47:Core/Src/tim.c ****   htim3.Init.AutoReloadPreload = TIM_AUTORELOAD_PRELOAD_DISABLE;
 251              		.loc 1 47 28 is_stmt 0 view .LVU62
 252 0028 4FF48072 		mov	r2, #256
 253 002c 0261     		str	r2, [r0, #16]
  48:Core/Src/tim.c ****   if (HAL_TIM_PWM_Init(&htim3) != HAL_OK)
 254              		.loc 1 48 3 is_stmt 1 view .LVU63
  48:Core/Src/tim.c ****   if (HAL_TIM_PWM_Init(&htim3) != HAL_OK)
 255              		.loc 1 48 32 is_stmt 0 view .LVU64
 256 002e 8361     		str	r3, [r0, #24]
  49:Core/Src/tim.c ****   {
 257              		.loc 1 49 3 is_stmt 1 view .LVU65
  49:Core/Src/tim.c ****   {
 258              		.loc 1 49 7 is_stmt 0 view .LVU66
 259 0030 FFF7FEFF 		bl	HAL_TIM_PWM_Init
 260              	.LVL7:
  49:Core/Src/tim.c ****   {
 261              		.loc 1 49 6 discriminator 1 view .LVU67
 262 0034 58BB     		cbnz	r0, .L24
 263              	.L17:
  53:Core/Src/tim.c ****   sMasterConfig.MasterSlaveMode = TIM_MASTERSLAVEMODE_DISABLE;
 264              		.loc 1 53 3 is_stmt 1 view .LVU68
  53:Core/Src/tim.c ****   sMasterConfig.MasterSlaveMode = TIM_MASTERSLAVEMODE_DISABLE;
 265              		.loc 1 53 37 is_stmt 0 view .LVU69
 266 0036 0023     		movs	r3, #0
 267 0038 0893     		str	r3, [sp, #32]
  54:Core/Src/tim.c ****   if (HAL_TIMEx_MasterConfigSynchronization(&htim3, &sMasterConfig) != HAL_OK)
 268              		.loc 1 54 3 is_stmt 1 view .LVU70
  54:Core/Src/tim.c ****   if (HAL_TIMEx_MasterConfigSynchronization(&htim3, &sMasterConfig) != HAL_OK)
 269              		.loc 1 54 33 is_stmt 0 view .LVU71
 270 003a 0993     		str	r3, [sp, #36]
  55:Core/Src/tim.c ****   {
 271              		.loc 1 55 3 is_stmt 1 view .LVU72
  55:Core/Src/tim.c ****   {
 272              		.loc 1 55 7 is_stmt 0 view .LVU73
 273 003c 08A9     		add	r1, sp, #32
ARM GAS  D:\software\msy64\tmp\cctjFB8z.s 			page 9


 274 003e 1D48     		ldr	r0, .L30
 275 0040 FFF7FEFF 		bl	HAL_TIMEx_MasterConfigSynchronization
 276              	.LVL8:
  55:Core/Src/tim.c ****   {
 277              		.loc 1 55 6 discriminator 1 view .LVU74
 278 0044 30BB     		cbnz	r0, .L25
 279              	.L18:
  59:Core/Src/tim.c ****   sConfigOC.Pulse = 0;
 280              		.loc 1 59 3 is_stmt 1 view .LVU75
  59:Core/Src/tim.c ****   sConfigOC.Pulse = 0;
 281              		.loc 1 59 20 is_stmt 0 view .LVU76
 282 0046 6023     		movs	r3, #96
 283 0048 0193     		str	r3, [sp, #4]
  60:Core/Src/tim.c ****   sConfigOC.OCPolarity = TIM_OCPOLARITY_HIGH;
 284              		.loc 1 60 3 is_stmt 1 view .LVU77
  60:Core/Src/tim.c ****   sConfigOC.OCPolarity = TIM_OCPOLARITY_HIGH;
 285              		.loc 1 60 19 is_stmt 0 view .LVU78
 286 004a 0022     		movs	r2, #0
 287 004c 0292     		str	r2, [sp, #8]
  61:Core/Src/tim.c ****   sConfigOC.OCFastMode = TIM_OCFAST_DISABLE;
 288              		.loc 1 61 3 is_stmt 1 view .LVU79
  61:Core/Src/tim.c ****   sConfigOC.OCFastMode = TIM_OCFAST_DISABLE;
 289              		.loc 1 61 24 is_stmt 0 view .LVU80
 290 004e 0392     		str	r2, [sp, #12]
  62:Core/Src/tim.c ****   if (HAL_TIM_PWM_ConfigChannel(&htim3, &sConfigOC, TIM_CHANNEL_1) != HAL_OK)
 291              		.loc 1 62 3 is_stmt 1 view .LVU81
  62:Core/Src/tim.c ****   if (HAL_TIM_PWM_ConfigChannel(&htim3, &sConfigOC, TIM_CHANNEL_1) != HAL_OK)
 292              		.loc 1 62 24 is_stmt 0 view .LVU82
 293 0050 0592     		str	r2, [sp, #20]
  63:Core/Src/tim.c ****   {
 294              		.loc 1 63 3 is_stmt 1 view .LVU83
  63:Core/Src/tim.c ****   {
 295              		.loc 1 63 7 is_stmt 0 view .LVU84
 296 0052 01A9     		add	r1, sp, #4
 297 0054 1748     		ldr	r0, .L30
 298 0056 FFF7FEFF 		bl	HAL_TIM_PWM_ConfigChannel
 299              	.LVL9:
  63:Core/Src/tim.c ****   {
 300              		.loc 1 63 6 discriminator 1 view .LVU85
 301 005a F0B9     		cbnz	r0, .L26
 302              	.L19:
  67:Core/Src/tim.c ****   {
 303              		.loc 1 67 3 is_stmt 1 view .LVU86
  67:Core/Src/tim.c ****   {
 304              		.loc 1 67 7 is_stmt 0 view .LVU87
 305 005c 0422     		movs	r2, #4
 306 005e 0DEB0201 		add	r1, sp, r2
 307 0062 1448     		ldr	r0, .L30
 308 0064 FFF7FEFF 		bl	HAL_TIM_PWM_ConfigChannel
 309              	.LVL10:
  67:Core/Src/tim.c ****   {
 310              		.loc 1 67 6 discriminator 1 view .LVU88
 311 0068 D0B9     		cbnz	r0, .L27
 312              	.L20:
  71:Core/Src/tim.c ****   {
 313              		.loc 1 71 3 is_stmt 1 view .LVU89
  71:Core/Src/tim.c ****   {
ARM GAS  D:\software\msy64\tmp\cctjFB8z.s 			page 10


 314              		.loc 1 71 7 is_stmt 0 view .LVU90
 315 006a 0822     		movs	r2, #8
 316 006c 01A9     		add	r1, sp, #4
 317 006e 1148     		ldr	r0, .L30
 318 0070 FFF7FEFF 		bl	HAL_TIM_PWM_ConfigChannel
 319              	.LVL11:
  71:Core/Src/tim.c ****   {
 320              		.loc 1 71 6 discriminator 1 view .LVU91
 321 0074 B8B9     		cbnz	r0, .L28
 322              	.L21:
  75:Core/Src/tim.c ****   {
 323              		.loc 1 75 3 is_stmt 1 view .LVU92
  75:Core/Src/tim.c ****   {
 324              		.loc 1 75 7 is_stmt 0 view .LVU93
 325 0076 0C22     		movs	r2, #12
 326 0078 01A9     		add	r1, sp, #4
 327 007a 0E48     		ldr	r0, .L30
 328 007c FFF7FEFF 		bl	HAL_TIM_PWM_ConfigChannel
 329              	.LVL12:
  75:Core/Src/tim.c ****   {
 330              		.loc 1 75 6 discriminator 1 view .LVU94
 331 0080 A0B9     		cbnz	r0, .L29
 332              	.L22:
  82:Core/Src/tim.c **** 
 333              		.loc 1 82 3 is_stmt 1 view .LVU95
 334 0082 0C48     		ldr	r0, .L30
 335 0084 FFF7FEFF 		bl	HAL_TIM_MspPostInit
 336              	.LVL13:
  84:Core/Src/tim.c **** 
 337              		.loc 1 84 1 is_stmt 0 view .LVU96
 338 0088 0BB0     		add	sp, sp, #44
 339              	.LCFI8:
 340              		.cfi_remember_state
 341              		.cfi_def_cfa_offset 4
 342              		@ sp needed
 343 008a 5DF804FB 		ldr	pc, [sp], #4
 344              	.L24:
 345              	.LCFI9:
 346              		.cfi_restore_state
  51:Core/Src/tim.c ****   }
 347              		.loc 1 51 5 is_stmt 1 view .LVU97
 348 008e FFF7FEFF 		bl	Error_Handler
 349              	.LVL14:
 350 0092 D0E7     		b	.L17
 351              	.L25:
  57:Core/Src/tim.c ****   }
 352              		.loc 1 57 5 view .LVU98
 353 0094 FFF7FEFF 		bl	Error_Handler
 354              	.LVL15:
 355 0098 D5E7     		b	.L18
 356              	.L26:
  65:Core/Src/tim.c ****   }
 357              		.loc 1 65 5 view .LVU99
 358 009a FFF7FEFF 		bl	Error_Handler
 359              	.LVL16:
 360 009e DDE7     		b	.L19
 361              	.L27:
ARM GAS  D:\software\msy64\tmp\cctjFB8z.s 			page 11


  69:Core/Src/tim.c ****   }
 362              		.loc 1 69 5 view .LVU100
 363 00a0 FFF7FEFF 		bl	Error_Handler
 364              	.LVL17:
 365 00a4 E1E7     		b	.L20
 366              	.L28:
  73:Core/Src/tim.c ****   }
 367              		.loc 1 73 5 view .LVU101
 368 00a6 FFF7FEFF 		bl	Error_Handler
 369              	.LVL18:
 370 00aa E4E7     		b	.L21
 371              	.L29:
  77:Core/Src/tim.c ****   }
 372              		.loc 1 77 5 view .LVU102
 373 00ac FFF7FEFF 		bl	Error_Handler
 374              	.LVL19:
 375 00b0 E7E7     		b	.L22
 376              	.L31:
 377 00b2 00BF     		.align	2
 378              	.L30:
 379 00b4 00000000 		.word	htim3
 380 00b8 00040040 		.word	1073742848
 381              		.cfi_endproc
 382              	.LFE65:
 384              		.section	.text.HAL_TIM_PWM_MspDeInit,"ax",%progbits
 385              		.align	1
 386              		.global	HAL_TIM_PWM_MspDeInit
 387              		.syntax unified
 388              		.thumb
 389              		.thumb_func
 391              	HAL_TIM_PWM_MspDeInit:
 392              	.LVL20:
 393              	.LFB68:
 135:Core/Src/tim.c **** 
 136:Core/Src/tim.c **** void HAL_TIM_PWM_MspDeInit(TIM_HandleTypeDef* tim_pwmHandle)
 137:Core/Src/tim.c **** {
 394              		.loc 1 137 1 view -0
 395              		.cfi_startproc
 396              		@ args = 0, pretend = 0, frame = 0
 397              		@ frame_needed = 0, uses_anonymous_args = 0
 398              		@ link register save eliminated.
 138:Core/Src/tim.c **** 
 139:Core/Src/tim.c ****   if(tim_pwmHandle->Instance==TIM3)
 399              		.loc 1 139 3 view .LVU104
 400              		.loc 1 139 19 is_stmt 0 view .LVU105
 401 0000 0268     		ldr	r2, [r0]
 402              		.loc 1 139 5 view .LVU106
 403 0002 054B     		ldr	r3, .L35
 404 0004 9A42     		cmp	r2, r3
 405 0006 00D0     		beq	.L34
 406              	.L32:
 140:Core/Src/tim.c ****   {
 141:Core/Src/tim.c ****   /* USER CODE BEGIN TIM3_MspDeInit 0 */
 142:Core/Src/tim.c **** 
 143:Core/Src/tim.c ****   /* USER CODE END TIM3_MspDeInit 0 */
 144:Core/Src/tim.c ****     /* Peripheral clock disable */
 145:Core/Src/tim.c ****     __HAL_RCC_TIM3_CLK_DISABLE();
ARM GAS  D:\software\msy64\tmp\cctjFB8z.s 			page 12


 146:Core/Src/tim.c ****   /* USER CODE BEGIN TIM3_MspDeInit 1 */
 147:Core/Src/tim.c **** 
 148:Core/Src/tim.c ****   /* USER CODE END TIM3_MspDeInit 1 */
 149:Core/Src/tim.c ****   }
 150:Core/Src/tim.c **** }
 407              		.loc 1 150 1 view .LVU107
 408 0008 7047     		bx	lr
 409              	.L34:
 145:Core/Src/tim.c ****   /* USER CODE BEGIN TIM3_MspDeInit 1 */
 410              		.loc 1 145 5 is_stmt 1 view .LVU108
 411 000a 044A     		ldr	r2, .L35+4
 412 000c D369     		ldr	r3, [r2, #28]
 413 000e 23F00203 		bic	r3, r3, #2
 414 0012 D361     		str	r3, [r2, #28]
 415              		.loc 1 150 1 is_stmt 0 view .LVU109
 416 0014 F8E7     		b	.L32
 417              	.L36:
 418 0016 00BF     		.align	2
 419              	.L35:
 420 0018 00040040 		.word	1073742848
 421 001c 00100240 		.word	1073876992
 422              		.cfi_endproc
 423              	.LFE68:
 425              		.global	htim3
 426              		.section	.bss.htim3,"aw",%nobits
 427              		.align	2
 430              	htim3:
 431 0000 00000000 		.space	72
 431      00000000 
 431      00000000 
 431      00000000 
 431      00000000 
 432              		.text
 433              	.Letext0:
 434              		.file 2 "D:/software/msy64/mingw64/arm-none-eabi/include/machine/_default_types.h"
 435              		.file 3 "D:/software/msy64/mingw64/arm-none-eabi/include/sys/_stdint.h"
 436              		.file 4 "Drivers/CMSIS/Device/ST/STM32F1xx/Include/stm32f103xb.h"
 437              		.file 5 "Drivers/STM32F1xx_HAL_Driver/Inc/stm32f1xx_hal_def.h"
 438              		.file 6 "Drivers/STM32F1xx_HAL_Driver/Inc/stm32f1xx_hal_gpio.h"
 439              		.file 7 "Drivers/STM32F1xx_HAL_Driver/Inc/stm32f1xx_hal_dma.h"
 440              		.file 8 "Drivers/STM32F1xx_HAL_Driver/Inc/stm32f1xx_hal_tim.h"
 441              		.file 9 "Drivers/STM32F1xx_HAL_Driver/Inc/stm32f1xx_hal_tim_ex.h"
 442              		.file 10 "Core/Inc/tim.h"
 443              		.file 11 "Core/Inc/main.h"
ARM GAS  D:\software\msy64\tmp\cctjFB8z.s 			page 13


DEFINED SYMBOLS
                            *ABS*:00000000 tim.c
D:\software\msy64\tmp\cctjFB8z.s:19     .text.HAL_TIM_PWM_MspInit:00000000 $t
D:\software\msy64\tmp\cctjFB8z.s:25     .text.HAL_TIM_PWM_MspInit:00000000 HAL_TIM_PWM_MspInit
D:\software\msy64\tmp\cctjFB8z.s:71     .text.HAL_TIM_PWM_MspInit:00000028 $d
D:\software\msy64\tmp\cctjFB8z.s:76     .text.HAL_TIM_MspPostInit:00000000 $t
D:\software\msy64\tmp\cctjFB8z.s:82     .text.HAL_TIM_MspPostInit:00000000 HAL_TIM_MspPostInit
D:\software\msy64\tmp\cctjFB8z.s:195    .text.HAL_TIM_MspPostInit:00000068 $d
D:\software\msy64\tmp\cctjFB8z.s:202    .text.MX_TIM3_Init:00000000 $t
D:\software\msy64\tmp\cctjFB8z.s:208    .text.MX_TIM3_Init:00000000 MX_TIM3_Init
D:\software\msy64\tmp\cctjFB8z.s:379    .text.MX_TIM3_Init:000000b4 $d
D:\software\msy64\tmp\cctjFB8z.s:430    .bss.htim3:00000000 htim3
D:\software\msy64\tmp\cctjFB8z.s:385    .text.HAL_TIM_PWM_MspDeInit:00000000 $t
D:\software\msy64\tmp\cctjFB8z.s:391    .text.HAL_TIM_PWM_MspDeInit:00000000 HAL_TIM_PWM_MspDeInit
D:\software\msy64\tmp\cctjFB8z.s:420    .text.HAL_TIM_PWM_MspDeInit:00000018 $d
D:\software\msy64\tmp\cctjFB8z.s:427    .bss.htim3:00000000 $d

UNDEFINED SYMBOLS
HAL_GPIO_Init
HAL_TIM_PWM_Init
HAL_TIMEx_MasterConfigSynchronization
HAL_TIM_PWM_ConfigChannel
Error_Handler
