Component: ARM Compiler 5.06 update 7 (build 960) Tool: armlink [4d3601]

==============================================================================

Section Cross References

    startup_stm32f10x_hd.o(RESET) refers to startup_stm32f10x_hd.o(STACK) for __initial_sp
    startup_stm32f10x_hd.o(RESET) refers to startup_stm32f10x_hd.o(.text) for Reset_Handler
    startup_stm32f10x_hd.o(RESET) refers to stm32f10x_it.o(i.NMI_Handler) for NMI_Handler
    startup_stm32f10x_hd.o(RESET) refers to stm32f10x_it.o(i.HardFault_Handler) for HardFault_Handler
    startup_stm32f10x_hd.o(RESET) refers to stm32f10x_it.o(i.MemManage_Handler) for MemManage_Handler
    startup_stm32f10x_hd.o(RESET) refers to stm32f10x_it.o(i.BusFault_Handler) for BusFault_Handler
    startup_stm32f10x_hd.o(RESET) refers to stm32f10x_it.o(i.UsageFault_Handler) for UsageFault_Handler
    startup_stm32f10x_hd.o(RESET) refers to stm32f10x_it.o(i.SVC_Handler) for SVC_Handler
    startup_stm32f10x_hd.o(RESET) refers to stm32f10x_it.o(i.DebugMon_Handler) for DebugMon_Handler
    startup_stm32f10x_hd.o(RESET) refers to stm32f10x_it.o(i.PendSV_Handler) for PendSV_Handler
    startup_stm32f10x_hd.o(RESET) refers to stm32f10x_it.o(i.SysTick_Handler) for SysTick_Handler
    startup_stm32f10x_hd.o(RESET) refers to control.o(i.TIM2_IRQHandler) for TIM2_IRQHandler
    startup_stm32f10x_hd.o(RESET) refers to main.o(i.USART2_IRQHandler) for USART2_IRQHandler
    startup_stm32f10x_hd.o(.text) refers to system_stm32f10x.o(i.SystemInit) for SystemInit
    startup_stm32f10x_hd.o(.text) refers to entry.o(.ARM.Collect$$$$00000000) for __main
    main.o(i.USART2_IRQHandler) refers to stm32f10x_usart.o(i.USART_GetITStatus) for USART_GetITStatus
    main.o(i.USART2_IRQHandler) refers to cla.o(i.usartReceiveOneData) for usartReceiveOneData
    main.o(i.USART2_IRQHandler) refers to stm32f10x_usart.o(i.USART_ClearITPendingBit) for USART_ClearITPendingBit
    main.o(i.USART2_IRQHandler) refers to motor.o(.data) for frontAngleSet
    main.o(i.main) refers to main.o(i.MY_NVIC_PriorityGroupConfig) for MY_NVIC_PriorityGroupConfig
    main.o(i.main) refers to pwm.o(i.PWM_Init) for PWM_Init
    main.o(i.main) refers to encouder.o(i.Encouder_Init) for Encouder_Init
    main.o(i.main) refers to oled.o(i.OLED_Init) for OLED_Init
    main.o(i.main) refers to mpu6050.o(i.MPU6050_Init) for MPU6050_Init
    main.o(i.main) refers to usart.o(i.USART1_Init) for USART1_Init
    main.o(i.main) refers to usart.o(i.USART2_Init) for USART2_Init
    main.o(i.main) refers to usart.o(i.USART3_Init) for USART3_Init
    main.o(i.main) refers to usart.o(i.USART4_Init) for USART4_Init
    main.o(i.main) refers to encouder.o(i.Get_Speed_right) for Get_Speed_right
    main.o(i.main) refers to oled.o(i.OLED_ShowSignedNum) for OLED_ShowSignedNum
    main.o(i.main) refers to oled.o(i.OLED_ShowString) for OLED_ShowString
    main.o(i.main) refers to delay.o(i.Delay_ms) for Delay_ms
    stm32f10x_adc.o(i.ADC_DeInit) refers to stm32f10x_rcc.o(i.RCC_APB2PeriphResetCmd) for RCC_APB2PeriphResetCmd
    stm32f10x_bkp.o(i.BKP_DeInit) refers to stm32f10x_rcc.o(i.RCC_BackupResetCmd) for RCC_BackupResetCmd
    stm32f10x_can.o(i.CAN_DeInit) refers to stm32f10x_rcc.o(i.RCC_APB1PeriphResetCmd) for RCC_APB1PeriphResetCmd
    stm32f10x_can.o(i.CAN_GetITStatus) refers to stm32f10x_can.o(i.CheckITStatus) for CheckITStatus
    stm32f10x_cec.o(i.CEC_DeInit) refers to stm32f10x_rcc.o(i.RCC_APB1PeriphResetCmd) for RCC_APB1PeriphResetCmd
    stm32f10x_dac.o(i.DAC_DeInit) refers to stm32f10x_rcc.o(i.RCC_APB1PeriphResetCmd) for RCC_APB1PeriphResetCmd
    stm32f10x_flash.o(i.FLASH_EnableWriteProtection) refers to stm32f10x_flash.o(i.FLASH_WaitForLastOperation) for FLASH_WaitForLastOperation
    stm32f10x_flash.o(i.FLASH_EraseAllBank1Pages) refers to stm32f10x_flash.o(i.FLASH_WaitForLastBank1Operation) for FLASH_WaitForLastBank1Operation
    stm32f10x_flash.o(i.FLASH_EraseAllPages) refers to stm32f10x_flash.o(i.FLASH_WaitForLastOperation) for FLASH_WaitForLastOperation
    stm32f10x_flash.o(i.FLASH_EraseOptionBytes) refers to stm32f10x_flash.o(i.FLASH_GetReadOutProtectionStatus) for FLASH_GetReadOutProtectionStatus
    stm32f10x_flash.o(i.FLASH_EraseOptionBytes) refers to stm32f10x_flash.o(i.FLASH_WaitForLastOperation) for FLASH_WaitForLastOperation
    stm32f10x_flash.o(i.FLASH_ErasePage) refers to stm32f10x_flash.o(i.FLASH_WaitForLastOperation) for FLASH_WaitForLastOperation
    stm32f10x_flash.o(i.FLASH_ProgramHalfWord) refers to stm32f10x_flash.o(i.FLASH_WaitForLastOperation) for FLASH_WaitForLastOperation
    stm32f10x_flash.o(i.FLASH_ProgramOptionByteData) refers to stm32f10x_flash.o(i.FLASH_WaitForLastOperation) for FLASH_WaitForLastOperation
    stm32f10x_flash.o(i.FLASH_ProgramWord) refers to stm32f10x_flash.o(i.FLASH_WaitForLastOperation) for FLASH_WaitForLastOperation
    stm32f10x_flash.o(i.FLASH_ReadOutProtection) refers to stm32f10x_flash.o(i.FLASH_WaitForLastOperation) for FLASH_WaitForLastOperation
[...]
    Removing stm32f10x_gpio.o(i.GPIO_PinLockConfig), (18 bytes).
    Removing stm32f10x_gpio.o(i.GPIO_ReadInputData), (8 bytes).
    Removing stm32f10x_gpio.o(i.GPIO_ReadInputDataBit), (18 bytes).
    Removing stm32f10x_gpio.o(i.GPIO_ReadOutputData), (8 bytes).
    Removing stm32f10x_gpio.o(i.GPIO_StructInit), (16 bytes).
    Removing stm32f10x_gpio.o(i.GPIO_Write), (4 bytes).
    Removing stm32f10x_i2c.o(i.I2C_ARPCmd), (24 bytes).
    Removing stm32f10x_i2c.o(i.I2C_CalculatePEC), (24 bytes).
    Removing stm32f10x_i2c.o(i.I2C_ClearFlag), (12 bytes).
    Removing stm32f10x_i2c.o(i.I2C_ClearITPendingBit), (12 bytes).
    Removing stm32f10x_i2c.o(i.I2C_DMACmd), (24 bytes).
    Removing stm32f10x_i2c.o(i.I2C_DMALastTransferCmd), (24 bytes).
    Removing stm32f10x_i2c.o(i.I2C_DeInit), (56 bytes).
    Removing stm32f10x_i2c.o(i.I2C_DualAddressCmd), (24 bytes).
    Removing stm32f10x_i2c.o(i.I2C_FastModeDutyCycleConfig), (28 bytes).
    Removing stm32f10x_i2c.o(i.I2C_GeneralCallCmd), (24 bytes).
    Removing stm32f10x_i2c.o(i.I2C_GetFlagStatus), (58 bytes).
    Removing stm32f10x_i2c.o(i.I2C_GetITStatus), (38 bytes).
    Removing stm32f10x_i2c.o(i.I2C_GetLastEvent), (26 bytes).
    Removing stm32f10x_i2c.o(i.I2C_GetPEC), (8 bytes).
    Removing stm32f10x_i2c.o(i.I2C_ITConfig), (18 bytes).
    Removing stm32f10x_i2c.o(i.I2C_NACKPositionConfig), (28 bytes).
    Removing stm32f10x_i2c.o(i.I2C_OwnAddress2Config), (22 bytes).
    Removing stm32f10x_i2c.o(i.I2C_PECPositionConfig), (28 bytes).
    Removing stm32f10x_i2c.o(i.I2C_ReadRegister), (22 bytes).
    Removing stm32f10x_i2c.o(i.I2C_SMBusAlertConfig), (28 bytes).
    Removing stm32f10x_i2c.o(i.I2C_SoftwareResetCmd), (22 bytes).
    Removing stm32f10x_i2c.o(i.I2C_StretchClockCmd), (24 bytes).
    Removing stm32f10x_i2c.o(i.I2C_StructInit), (30 bytes).
    Removing stm32f10x_i2c.o(i.I2C_TransmitPEC), (24 bytes).
    Removing stm32f10x_iwdg.o(i.IWDG_Enable), (16 bytes).
    Removing stm32f10x_iwdg.o(i.IWDG_GetFlagStatus), (24 bytes).
    Removing stm32f10x_iwdg.o(i.IWDG_ReloadCounter), (16 bytes).
    Removing stm32f10x_iwdg.o(i.IWDG_SetPrescaler), (12 bytes).
    Removing stm32f10x_iwdg.o(i.IWDG_SetReload), (12 bytes).
    Removing stm32f10x_iwdg.o(i.IWDG_WriteAccessCmd), (12 bytes).
    Removing stm32f10x_pwr.o(i.PWR_BackupAccessCmd), (12 bytes).
    Removing stm32f10x_pwr.o(i.PWR_ClearFlag), (20 bytes).
    Removing stm32f10x_pwr.o(i.PWR_DeInit), (22 bytes).
    Removing stm32f10x_pwr.o(i.PWR_EnterSTANDBYMode), (52 bytes).
    Removing stm32f10x_pwr.o(i.PWR_EnterSTOPMode), (64 bytes).
    Removing stm32f10x_pwr.o(i.PWR_GetFlagStatus), (24 bytes).
    Removing stm32f10x_pwr.o(i.PWR_PVDCmd), (12 bytes).
    Removing stm32f10x_pwr.o(i.PWR_PVDLevelConfig), (24 bytes).
    Removing stm32f10x_pwr.o(i.PWR_WakeUpPinCmd), (12 bytes).
    Removing stm32f10x_rcc.o(i.RCC_ADCCLKConfig), (24 bytes).
    Removing stm32f10x_rcc.o(i.RCC_AHBPeriphClockCmd), (32 bytes).
    Removing stm32f10x_rcc.o(i.RCC_APB1PeriphResetCmd), (32 bytes).
    Removing stm32f10x_rcc.o(i.RCC_APB2PeriphResetCmd), (32 bytes).
    Removing stm32f10x_rcc.o(i.RCC_AdjustHSICalibrationValue), (24 bytes).
    Removing stm32f10x_rcc.o(i.RCC_BackupResetCmd), (12 bytes).
    Removing stm32f10x_rcc.o(i.RCC_ClearFlag), (20 bytes).
    Removing stm32f10x_rcc.o(i.RCC_ClearITPendingBit), (12 bytes).
    Removing stm32f10x_rcc.o(i.RCC_ClockSecuritySystemCmd), (12 bytes).
    Removing stm32f10x_rcc.o(i.RCC_DeInit), (76 bytes).
    Removing stm32f10x_rcc.o(i.RCC_GetFlagStatus), (60 bytes).
    Removing stm32f10x_rcc.o(i.RCC_GetITStatus), (24 bytes).
    Removing stm32f10x_rcc.o(i.RCC_GetSYSCLKSource), (16 bytes).
    Removing stm32f10x_rcc.o(i.RCC_HCLKConfig), (24 bytes).
    Removing stm32f10x_rcc.o(i.RCC_HSEConfig), (76 bytes).
    Removing stm32f10x_rcc.o(i.RCC_HSICmd), (12 bytes).
    Removing stm32f10x_rcc.o(i.RCC_ITConfig), (32 bytes).
    Removing stm32f10x_rcc.o(i.RCC_LSEConfig), (52 bytes).
    Removing stm32f10x_rcc.o(i.RCC_LSICmd), (12 bytes).
    Removing stm32f10x_rcc.o(i.RCC_MCOConfig), (12 bytes).
    Removing stm32f10x_rcc.o(i.RCC_PCLK1Config), (24 bytes).
    Removing stm32f10x_rcc.o(i.RCC_PCLK2Config), (24 bytes).
    Removing stm32f10x_rcc.o(i.RCC_PLLCmd), (12 bytes).
    Removing stm32f10x_rcc.o(i.RCC_PLLConfig), (28 bytes).
    Removing stm32f10x_rcc.o(i.RCC_RTCCLKCmd), (12 bytes).
    Removing stm32f10x_rcc.o(i.RCC_RTCCLKConfig), (16 bytes).
    Removing stm32f10x_rcc.o(i.RCC_SYSCLKConfig), (24 bytes).
    Removing stm32f10x_rcc.o(i.RCC_USBCLKConfig), (12 bytes).
    Removing stm32f10x_rcc.o(i.RCC_WaitForHSEStartUp), (56 bytes).
    Removing stm32f10x_rtc.o(i.RTC_ClearFlag), (16 bytes).
    Removing stm32f10x_rtc.o(i.RTC_ClearITPendingBit), (16 bytes).
    Removing stm32f10x_rtc.o(i.RTC_EnterConfigMode), (20 bytes).
    Removing stm32f10x_rtc.o(i.RTC_ExitConfigMode), (20 bytes).
    Removing stm32f10x_rtc.o(i.RTC_GetCounter), (20 bytes).
    Removing stm32f10x_rtc.o(i.RTC_GetDivider), (24 bytes).
    Removing stm32f10x_rtc.o(i.RTC_GetFlagStatus), (24 bytes).
    Removing stm32f10x_rtc.o(i.RTC_GetITStatus), (36 bytes).
    Removing stm32f10x_rtc.o(i.RTC_ITConfig), (32 bytes).
    Removing stm32f10x_rtc.o(i.RTC_SetAlarm), (28 bytes).
    Removing stm32f10x_rtc.o(i.RTC_SetCounter), (28 bytes).
    Removing stm32f10x_rtc.o(i.RTC_SetPrescaler), (32 bytes).
    Removing stm32f10x_rtc.o(i.RTC_WaitForLastTask), (20 bytes).
    Removing stm32f10x_rtc.o(i.RTC_WaitForSynchro), (36 bytes).
    Removing stm32f10x_sdio.o(i.SDIO_CEATAITCmd), (16 bytes).
    Removing stm32f10x_sdio.o(i.SDIO_ClearFlag), (12 bytes).
    Removing stm32f10x_sdio.o(i.SDIO_ClearITPendingBit), (12 bytes).
    Removing stm32f10x_sdio.o(i.SDIO_ClockCmd), (12 bytes).
    Removing stm32f10x_sdio.o(i.SDIO_CmdStructInit), (14 bytes).
    Removing stm32f10x_sdio.o(i.SDIO_CommandCompletionCmd), (12 bytes).
    Removing stm32f10x_sdio.o(i.SDIO_DMACmd), (12 bytes).
    Removing stm32f10x_sdio.o(i.SDIO_DataConfig), (48 bytes).
    Removing stm32f10x_sdio.o(i.SDIO_DataStructInit), (20 bytes).
    Removing stm32f10x_sdio.o(i.SDIO_DeInit), (36 bytes).
    Removing stm32f10x_sdio.o(i.SDIO_GetCommandResponse), (12 bytes).
    Removing stm32f10x_sdio.o(i.SDIO_GetDataCounter), (12 bytes).
    Removing stm32f10x_sdio.o(i.SDIO_GetFIFOCount), (12 bytes).
    Removing stm32f10x_sdio.o(i.SDIO_GetFlagStatus), (24 bytes).
    Removing stm32f10x_sdio.o(i.SDIO_GetITStatus), (24 bytes).
    Removing stm32f10x_sdio.o(i.SDIO_GetPowerState), (16 bytes).
    Removing stm32f10x_sdio.o(i.SDIO_GetResponse), (24 bytes).
    Removing stm32f10x_sdio.o(i.SDIO_ITConfig), (32 bytes).
    Removing stm32f10x_sdio.o(i.SDIO_Init), (48 bytes).
    Removing stm32f10x_sdio.o(i.SDIO_ReadData), (12 bytes).
    Removing stm32f10x_sdio.o(i.SDIO_SendCEATACmd), (12 bytes).
    Removing stm32f10x_sdio.o(i.SDIO_SendCommand), (44 bytes).
    Removing stm32f10x_sdio.o(i.SDIO_SendSDIOSuspendCmd), (12 bytes).
    Removing stm32f10x_sdio.o(i.SDIO_SetPowerState), (28 bytes).
    Removing stm32f10x_sdio.o(i.SDIO_SetSDIOOperation), (12 bytes).
    Removing stm32f10x_sdio.o(i.SDIO_SetSDIOReadWaitMode), (12 bytes).
    Removing stm32f10x_sdio.o(i.SDIO_StartSDIOReadWait), (12 bytes).
    Removing stm32f10x_sdio.o(i.SDIO_StopSDIOReadWait), (12 bytes).
    Removing stm32f10x_sdio.o(i.SDIO_StructInit), (16 bytes).
    Removing stm32f10x_sdio.o(i.SDIO_WriteData), (12 bytes).
    Removing stm32f10x_spi.o(i.I2S_Cmd), (24 bytes).
    Removing stm32f10x_spi.o(i.I2S_Init), (232 bytes).
    Removing stm32f10x_spi.o(i.I2S_StructInit), (20 bytes).
    Removing stm32f10x_spi.o(i.SPI_BiDirectionalLineConfig), (28 bytes).
    Removing stm32f10x_spi.o(i.SPI_CalculateCRC), (24 bytes).
    Removing stm32f10x_spi.o(i.SPI_Cmd), (24 bytes).
    Removing stm32f10x_spi.o(i.SPI_DataSizeConfig), (18 bytes).
    Removing stm32f10x_spi.o(i.SPI_GetCRC), (16 bytes).
    Removing stm32f10x_spi.o(i.SPI_GetCRCPolynomial), (6 bytes).
    Removing stm32f10x_spi.o(i.SPI_I2S_ClearFlag), (6 bytes).
    Removing stm32f10x_spi.o(i.SPI_I2S_ClearITPendingBit), (20 bytes).
    Removing stm32f10x_spi.o(i.SPI_I2S_DMACmd), (18 bytes).
    Removing stm32f10x_spi.o(i.SPI_I2S_DeInit), (88 bytes).
    Removing stm32f10x_spi.o(i.SPI_I2S_GetFlagStatus), (18 bytes).
    Removing stm32f10x_spi.o(i.SPI_I2S_GetITStatus), (52 bytes).
    Removing stm32f10x_spi.o(i.SPI_I2S_ITConfig), (32 bytes).
    Removing stm32f10x_spi.o(i.SPI_I2S_ReceiveData), (6 bytes).
    Removing stm32f10x_spi.o(i.SPI_I2S_SendData), (4 bytes).
    Removing stm32f10x_spi.o(i.SPI_Init), (60 bytes).
    Removing stm32f10x_spi.o(i.SPI_NSSInternalSoftwareConfig), (30 bytes).
    Removing stm32f10x_spi.o(i.SPI_SSOutputCmd), (24 bytes).
    Removing stm32f10x_spi.o(i.SPI_StructInit), (24 bytes).
    Removing stm32f10x_spi.o(i.SPI_TransmitCRC), (10 bytes).
    Removing stm32f10x_tim.o(i.TIM_ARRPreloadConfig), (24 bytes).
    Removing stm32f10x_tim.o(i.TIM_BDTRConfig), (32 bytes).
    Removing stm32f10x_tim.o(i.TIM_BDTRStructInit), (18 bytes).
    Removing stm32f10x_tim.o(i.TIM_CCPreloadControl), (24 bytes).
    Removing stm32f10x_tim.o(i.TIM_CCxCmd), (30 bytes).
    Removing stm32f10x_tim.o(i.TIM_CCxNCmd), (30 bytes).
    Removing stm32f10x_tim.o(i.TIM_ClearFlag), (6 bytes).
    Removing stm32f10x_tim.o(i.TIM_ClearITPendingBit), (6 bytes).
    Removing stm32f10x_tim.o(i.TIM_ClearOC1Ref), (18 bytes).
    Removing stm32f10x_tim.o(i.TIM_ClearOC2Ref), (24 bytes).
    Removing stm32f10x_tim.o(i.TIM_ClearOC3Ref), (18 bytes).
    Removing stm32f10x_tim.o(i.TIM_ClearOC4Ref), (24 bytes).
    Removing stm32f10x_tim.o(i.TIM_CounterModeConfig), (18 bytes).
    Removing stm32f10x_tim.o(i.TIM_CtrlPWMOutputs), (30 bytes).
    Removing stm32f10x_tim.o(i.TIM_DMACmd), (18 bytes).
    Removing stm32f10x_tim.o(i.TIM_DMAConfig), (10 bytes).
    Removing stm32f10x_tim.o(i.TIM_DeInit), (488 bytes).
    Removing stm32f10x_tim.o(i.TIM_ETRClockMode1Config), (54 bytes).
    Removing stm32f10x_tim.o(i.TIM_ETRClockMode2Config), (32 bytes).
    Removing stm32f10x_tim.o(i.TIM_ETRConfig), (28 bytes).
    Removing stm32f10x_tim.o(i.TIM_ForcedOC1Config), (18 bytes).
    Removing stm32f10x_tim.o(i.TIM_ForcedOC2Config), (26 bytes).
    Removing stm32f10x_tim.o(i.TIM_ForcedOC3Config), (18 bytes).
    Removing stm32f10x_tim.o(i.TIM_ForcedOC4Config), (26 bytes).
    Removing stm32f10x_tim.o(i.TIM_GenerateEvent), (4 bytes).
    Removing stm32f10x_tim.o(i.TIM_GetCapture1), (6 bytes).
    Removing stm32f10x_tim.o(i.TIM_GetCapture2), (6 bytes).
    Removing stm32f10x_tim.o(i.TIM_GetCapture3), (6 bytes).
    Removing stm32f10x_tim.o(i.TIM_GetCapture4), (8 bytes).
    Removing stm32f10x_tim.o(i.TIM_GetFlagStatus), (18 bytes).
    Removing stm32f10x_tim.o(i.TIM_GetITStatus), (34 bytes).
    Removing stm32f10x_tim.o(i.TIM_GetPrescaler), (6 bytes).
    Removing stm32f10x_tim.o(i.TIM_ITConfig), (18 bytes).
    Removing stm32f10x_tim.o(i.TIM_ITRxExternalClockConfig), (24 bytes).
    Removing stm32f10x_tim.o(i.TIM_OC1FastConfig), (18 bytes).
    Removing stm32f10x_tim.o(i.TIM_OC1NPolarityConfig), (18 bytes).
    Removing stm32f10x_tim.o(i.TIM_OC1PolarityConfig), (18 bytes).
    Removing stm32f10x_tim.o(i.TIM_OC1PreloadConfig), (18 bytes).
    Removing stm32f10x_tim.o(i.TIM_OC2FastConfig), (26 bytes).
    Removing stm32f10x_tim.o(i.TIM_OC2NPolarityConfig), (26 bytes).
    Removing stm32f10x_tim.o(i.TIM_OC2PolarityConfig), (26 bytes).
    Removing stm32f10x_tim.o(i.TIM_OC2PreloadConfig), (26 bytes).
    Removing stm32f10x_tim.o(i.TIM_OC3FastConfig), (18 bytes).
    Removing stm32f10x_tim.o(i.TIM_OC3Init), (160 bytes).
    Removing stm32f10x_tim.o(i.TIM_OC3NPolarityConfig), (26 bytes).
    Removing stm32f10x_tim.o(i.TIM_OC3PolarityConfig), (26 bytes).
    Removing stm32f10x_tim.o(i.TIM_OC3PreloadConfig), (18 bytes).
    Removing stm32f10x_tim.o(i.TIM_OC4FastConfig), (26 bytes).
    Removing stm32f10x_tim.o(i.TIM_OC4Init), (124 bytes).
    Removing stm32f10x_tim.o(i.TIM_OC4PolarityConfig), (26 bytes).
    Removing stm32f10x_tim.o(i.TIM_OC4PreloadConfig), (26 bytes).
    Removing stm32f10x_tim.o(i.TIM_PWMIConfig), (124 bytes).
    Removing stm32f10x_tim.o(i.TIM_PrescalerConfig), (6 bytes).
    Removing stm32f10x_tim.o(i.TIM_SelectCCDMA), (24 bytes).
    Removing stm32f10x_tim.o(i.TIM_SelectCOM), (24 bytes).
    Removing stm32f10x_tim.o(i.TIM_SelectHallSensor), (24 bytes).
    Removing stm32f10x_tim.o(i.TIM_SelectInputTrigger), (18 bytes).
    Removing stm32f10x_tim.o(i.TIM_SelectMasterSlaveMode), (18 bytes).
    Removing stm32f10x_tim.o(i.TIM_SelectOCxM), (82 bytes).
    Removing stm32f10x_tim.o(i.TIM_SelectOnePulseMode), (18 bytes).
    Removing stm32f10x_tim.o(i.TIM_SelectOutputTrigger), (18 bytes).
    Removing stm32f10x_tim.o(i.TIM_SelectSlaveMode), (18 bytes).
    Removing stm32f10x_tim.o(i.TIM_SetAutoreload), (4 bytes).
    Removing stm32f10x_tim.o(i.TIM_SetClockDivision), (18 bytes).
    Removing stm32f10x_tim.o(i.TIM_SetCompare3), (4 bytes).
    Removing stm32f10x_tim.o(i.TIM_SetCompare4), (6 bytes).
    Removing stm32f10x_tim.o(i.TIM_TIxExternalClockConfig), (62 bytes).
    Removing stm32f10x_tim.o(i.TIM_TimeBaseStructInit), (18 bytes).
    Removing stm32f10x_tim.o(i.TIM_UpdateDisableConfig), (24 bytes).
    Removing stm32f10x_tim.o(i.TIM_UpdateRequestConfig), (24 bytes).
    Removing stm32f10x_usart.o(i.USART_ClearFlag), (18 bytes).
    Removing stm32f10x_usart.o(i.USART_ClockInit), (34 bytes).
    Removing stm32f10x_usart.o(i.USART_ClockStructInit), (12 bytes).
    Removing stm32f10x_usart.o(i.USART_DMACmd), (18 bytes).
    Removing stm32f10x_usart.o(i.USART_DeInit), (156 bytes).
    Removing stm32f10x_usart.o(i.USART_HalfDuplexCmd), (24 bytes).
    Removing stm32f10x_usart.o(i.USART_IrDACmd), (24 bytes).
    Removing stm32f10x_usart.o(i.USART_IrDAConfig), (18 bytes).
    Removing stm32f10x_usart.o(i.USART_LINBreakDetectLengthConfig), (18 bytes).
    Removing stm32f10x_usart.o(i.USART_LINCmd), (24 bytes).
    Removing stm32f10x_usart.o(i.USART_OneBitMethodCmd), (24 bytes).
    Removing stm32f10x_usart.o(i.USART_OverSampling8Cmd), (22 bytes).
    Removing stm32f10x_usart.o(i.USART_ReceiverWakeUpCmd), (24 bytes).
    Removing stm32f10x_usart.o(i.USART_SendBreak), (10 bytes).
    Removing stm32f10x_usart.o(i.USART_SetAddress), (18 bytes).
    Removing stm32f10x_usart.o(i.USART_SetGuardTime), (16 bytes).
    Removing stm32f10x_usart.o(i.USART_SetPrescaler), (16 bytes).
    Removing stm32f10x_usart.o(i.USART_SmartCardCmd), (24 bytes).
    Removing stm32f10x_usart.o(i.USART_SmartCardNACKCmd), (24 bytes).
    Removing stm32f10x_usart.o(i.USART_StructInit), (24 bytes).
    Removing stm32f10x_usart.o(i.USART_WakeUpConfig), (18 bytes).
    Removing stm32f10x_wwdg.o(i.WWDG_ClearFlag), (12 bytes).
    Removing stm32f10x_wwdg.o(i.WWDG_DeInit), (22 bytes).
    Removing stm32f10x_wwdg.o(i.WWDG_Enable), (16 bytes).
    Removing stm32f10x_wwdg.o(i.WWDG_EnableIT), (12 bytes).
    Removing stm32f10x_wwdg.o(i.WWDG_GetFlagStatus), (12 bytes).
    Removing stm32f10x_wwdg.o(i.WWDG_SetCounter), (16 bytes).
    Removing stm32f10x_wwdg.o(i.WWDG_SetPrescaler), (24 bytes).
    Removing stm32f10x_wwdg.o(i.WWDG_SetWindowValue), (40 bytes).
    Removing encouder.o(i.Encoder_Get_L), (28 bytes).
    Removing encouder.o(i.Encoder_Get_R), (28 bytes).
    Removing core_cm3.o(.emb_text), (32 bytes).
    Removing system_stm32f10x.o(i.SystemCoreClockUpdate), (164 bytes).
    Removing system_stm32f10x.o(.data), (20 bytes).
    Removing delay.o(i.Delay_s), (24 bytes).
    Removing pwm.o(i.PWM_L), (20 bytes).
    Removing pwm.o(i.PWM_R), (20 bytes).
    Removing pwm.o(i.Servo_SetAngle), (68 bytes).
    Removing motor.o(i.Motor_Init), (76 bytes).
    Removing timer.o(i.Timer_Init), (118 bytes).
    Removing pid.o(i.PID_Init), (100 bytes).
    Removing cla.o(i.USART_Send_String), (52 bytes).
    Removing cla.o(i.usartSendData), (184 bytes).
    Removing usart.o(i.USART1_Printf), (36 bytes).
    Removing usart.o(i.USART1_SendString), (26 bytes).
    Removing oled.o(i.OLED_Printf), (46 bytes).
    Removing oled.o(i.OLED_ShowBinNum), (62 bytes).
    Removing oled.o(i.OLED_ShowHexNum), (84 bytes).
    Removing oled.o(i.OLED_ShowNum), (68 bytes).
    Removing mpu6050.o(i.MPU6050_Cla), (416 bytes).
    Removing mpu6050.o(i.MPU6050_Get_Data), (492 bytes).
    Removing mpu6050.o(.constdata), (4 bytes).
    Removing fadd.o(.text), (176 bytes).
    Removing fmul.o(.text), (100 bytes).
    Removing fdiv.o(.text), (124 bytes).
    Removing ffixui.o(.text), (40 bytes).
    Removing cdcmple.o(.text), (48 bytes).
    Removing dscalb.o(.text), (46 bytes).

456 unused section(s) (total 19212 bytes) removed from the image.

==============================================================================

Image Symbol Table

    Local Symbols

    Symbol Name                              Value     Ov Type        Size  Object(Section)

    ../clib/microlib/division.c              0x00000000   Number         0  uldiv.o ABSOLUTE
    ../clib/microlib/division.c              0x00000000   Number         0  uidiv.o ABSOLUTE
    ../clib/microlib/errno.c                 0x00000000   Number         0  errno.o ABSOLUTE
    ../clib/microlib/init/entry.s            0x00000000   Number         0  entry11a.o ABSOLUTE
    ../clib/microlib/init/entry.s            0x00000000   Number         0  entry9b.o ABSOLUTE
    ../clib/microlib/init/entry.s            0x00000000   Number         0  entry11b.o ABSOLUTE
    ../clib/microlib/init/entry.s            0x00000000   Number         0  entry7a.o ABSOLUTE
    ../clib/microlib/init/entry.s            0x00000000   Number         0  entry5.o ABSOLUTE
    ../clib/microlib/init/entry.s            0x00000000   Number         0  entry10b.o ABSOLUTE
    ../clib/microlib/init/entry.s            0x00000000   Number         0  entry12b.o ABSOLUTE
    ../clib/microlib/init/entry.s            0x00000000   Number         0  entry2.o ABSOLUTE
    ../clib/microlib/init/entry.s            0x00000000   Number         0  entry.o ABSOLUTE
    ../clib/microlib/init/entry.s            0x00000000   Number         0  entry12a.o ABSOLUTE
    ../clib/microlib/init/entry.s            0x00000000   Number         0  entry10a.o ABSOLUTE
    ../clib/microlib/init/entry.s            0x00000000   Number         0  entry9a.o ABSOLUTE
    ../clib/microlib/init/entry.s            0x00000000   Number         0  entry8b.o ABSOLUTE
    ../clib/microlib/init/entry.s            0x00000000   Number         0  entry8a.o ABSOLUTE
    ../clib/microlib/init/entry.s            0x00000000   Number         0  entry7b.o ABSOLUTE
    ../clib/microlib/longlong.c              0x00000000   Number         0  llshl.o ABSOLUTE
    ../clib/microlib/longlong.c              0x00000000   Number         0  llsshr.o ABSOLUTE
    ../clib/microlib/longlong.c              0x00000000   Number         0  llushr.o ABSOLUTE
    ../clib/microlib/printf/printf.c         0x00000000   Number         0  printfb.o ABSOLUTE
    ../clib/microlib/printf/printf.c         0x00000000   Number         0  printf0.o ABSOLUTE
    ../clib/microlib/printf/printf.c         0x00000000   Number         0  printfa.o ABSOLUTE
    ../clib/microlib/printf/printf.c         0x00000000   Number         0  printf1.o ABSOLUTE
    ../clib/microlib/printf/printf.c         0x00000000   Number         0  printf7.o ABSOLUTE
    ../clib/microlib/printf/printf.c         0x00000000   Number         0  printf2.o ABSOLUTE
    ../clib/microlib/printf/printf.c         0x00000000   Number         0  printf3.o ABSOLUTE
    ../clib/microlib/printf/printf.c         0x00000000   Number         0  printf4.o ABSOLUTE
    ../clib/microlib/printf/printf.c         0x00000000   Number         0  printf5.o ABSOLUTE
    ../clib/microlib/printf/printf.c         0x00000000   Number         0  printf6.o ABSOLUTE
    ../clib/microlib/printf/printf.c         0x00000000   Number         0  printf8.o ABSOLUTE
    ../clib/microlib/stdio/streams.c         0x00000000   Number         0  stdout.o ABSOLUTE
    ../clib/microlib/stubs.s                 0x00000000   Number         0  iusefp.o ABSOLUTE
    ../fplib/microlib/d2f.c                  0x00000000   Number         0  d2f.o ABSOLUTE
    ../fplib/microlib/f2d.c                  0x00000000   Number         0  f2d.o ABSOLUTE
    ../fplib/microlib/fpadd.c                0x00000000   Number         0  fadd.o ABSOLUTE
    ../fplib/microlib/fpadd.c                0x00000000   Number         0  dadd.o ABSOLUTE
    ../fplib/microlib/fpdiv.c                0x00000000   Number         0  fdiv.o ABSOLUTE
    ../fplib/microlib/fpdiv.c                0x00000000   Number         0  ddiv.o ABSOLUTE
    ../fplib/microlib/fpepilogue.c           0x00000000   Number         0  fepilogue.o ABSOLUTE
    ../fplib/microlib/fpepilogue.c           0x00000000   Number         0  depilogue.o ABSOLUTE
    ../fplib/microlib/fpfix.c                0x00000000   Number         0  ffixui.o ABSOLUTE
    ../fplib/microlib/fpfix.c                0x00000000   Number         0  dfixi.o ABSOLUTE
    ../fplib/microlib/fpfix.c                0x00000000   Number         0  ffixi.o ABSOLUTE
    ../fplib/microlib/fpfix.c                0x00000000   Number         0  dfixul.o ABSOLUTE
    ../fplib/microlib/fpflt.c                0x00000000   Number         0  dfltui.o ABSOLUTE
    ../fplib/microlib/fpflt.c                0x00000000   Number         0  fflti.o ABSOLUTE
    ../fplib/microlib/fpflt.c                0x00000000   Number         0  dflti.o ABSOLUTE
    ../fplib/microlib/fpmul.c                0x00000000   Number         0  fmul.o ABSOLUTE
    ../fplib/microlib/fpmul.c                0x00000000   Number         0  dmul.o ABSOLUTE
    ../fplib/microlib/fpscalb.c              0x00000000   Number         0  dscalb.o ABSOLUTE
    ../mathlib/atan.c                        0x00000000   Number         0  atan.o ABSOLUTE
    ../mathlib/atan.c                        0x00000000   Number         0  atan_x.o ABSOLUTE
    ../mathlib/atan2.c                       0x00000000   Number         0  atan2_x.o ABSOLUTE
    ../mathlib/atan2.c                       0x00000000   Number         0  atan2.o ABSOLUTE
    ../mathlib/dunder.c                      0x00000000   Number         0  dunder.o ABSOLUTE
    ../mathlib/fpclassify.c                  0x00000000   Number         0  fpclassify.o ABSOLUTE
    ../mathlib/poly.c                        0x00000000   Number         0  poly.o ABSOLUTE
    ../mathlib/qnan.c                        0x00000000   Number         0  qnan.o ABSOLUTE
    ..\CMSIS\CM3\CoreSupport\core_cm3.c      0x00000000   Number         0  core_cm3.o ABSOLUTE
    ..\CMSIS\CM3\DeviceSupport\ST\STM32F10x\startup\arm\startup_stm32f10x_hd.s 0x00000000   Number         0  startup_stm32f10x_hd.o ABSOLUTE
    ..\CMSIS\CM3\DeviceSupport\ST\STM32F10x\system_stm32f10x.c 0x00000000   Number         0  system_stm32f10x.o ABSOLUTE
    ..\HARDWARE\Cla\Cla.c                    0x00000000   Number         0  cla.o ABSOLUTE
    ..\HARDWARE\Control\Control.c            0x00000000   Number         0  control.o ABSOLUTE
    ..\HARDWARE\MPU6050\mpu6050.c            0x00000000   Number         0  mpu6050.o ABSOLUTE
    ..\HARDWARE\OLED\oled.c                  0x00000000   Number         0  oled.o ABSOLUTE
    ..\HARDWARE\PID\pid.c                    0x00000000   Number         0  pid.o ABSOLUTE
    ..\HARDWARE\PWM\ENCOUDER\encouder.c      0x00000000   Number         0  encouder.o ABSOLUTE
    ..\HARDWARE\PWM\MOTOR\motor.c            0x00000000   Number         0  motor.o ABSOLUTE
    ..\HARDWARE\PWM\PWM\pwm.c                0x00000000   Number         0  pwm.o ABSOLUTE
    ..\HARDWARE\TIMER\timer.c                0x00000000   Number         0  timer.o ABSOLUTE
    ..\HARDWARE\USART\usart.c                0x00000000   Number         0  usart.o ABSOLUTE
    ..\STM32F10x_StdPeriph_Driver\src\misc.c 0x00000000   Number         0  misc.o ABSOLUTE
    ..\STM32F10x_StdPeriph_Driver\src\stm32f10x_adc.c 0x00000000   Number         0  stm32f10x_adc.o ABSOLUTE
    ..\STM32F10x_StdPeriph_Driver\src\stm32f10x_bkp.c 0x00000000   Number         0  stm32f10x_bkp.o ABSOLUTE
    ..\STM32F10x_StdPeriph_Driver\src\stm32f10x_can.c 0x00000000   Number         0  stm32f10x_can.o ABSOLUTE
    ..\STM32F10x_StdPeriph_Driver\src\stm32f10x_cec.c 0x00000000   Number         0  stm32f10x_cec.o ABSOLUTE
    ..\STM32F10x_StdPeriph_Driver\src\stm32f10x_crc.c 0x00000000   Number         0  stm32f10x_crc.o ABSOLUTE
    ..\STM32F10x_StdPeriph_Driver\src\stm32f10x_dac.c 0x00000000   Number         0  stm32f10x_dac.o ABSOLUTE
    ..\STM32F10x_StdPeriph_Driver\src\stm32f10x_dbgmcu.c 0x00000000   Number         0  stm32f10x_dbgmcu.o ABSOLUTE
    ..\STM32F10x_StdPeriph_Driver\src\stm32f10x_dma.c 0x00000000   Number         0  stm32f10x_dma.o ABSOLUTE
    ..\STM32F10x_StdPeriph_Driver\src\stm32f10x_exti.c 0x00000000   Number         0  stm32f10x_exti.o ABSOLUTE
    ..\STM32F10x_StdPeriph_Driver\src\stm32f10x_flash.c 0x00000000   Number         0  stm32f10x_flash.o ABSOLUTE
    ..\STM32F10x_StdPeriph_Driver\src\stm32f10x_fsmc.c 0x00000000   Number         0  stm32f10x_fsmc.o ABSOLUTE
    ..\STM32F10x_StdPeriph_Driver\src\stm32f10x_gpio.c 0x00000000   Number         0  stm32f10x_gpio.o ABSOLUTE
    ..\STM32F10x_StdPeriph_Driver\src\stm32f10x_i2c.c 0x00000000   Number         0  stm32f10x_i2c.o ABSOLUTE
    ..\STM32F10x_StdPeriph_Driver\src\stm32f10x_iwdg.c 0x00000000   Number         0  stm32f10x_iwdg.o ABSOLUTE
    ..\STM32F10x_StdPeriph_Driver\src\stm32f10x_pwr.c 0x00000000   Number         0  stm32f10x_pwr.o ABSOLUTE
    ..\STM32F10x_StdPeriph_Driver\src\stm32f10x_rcc.c 0x00000000   Number         0  stm32f10x_rcc.o ABSOLUTE
    ..\STM32F10x_StdPeriph_Driver\src\stm32f10x_rtc.c 0x00000000   Number         0  stm32f10x_rtc.o ABSOLUTE
    ..\STM32F10x_StdPeriph_Driver\src\stm32f10x_sdio.c 0x00000000   Number         0  stm32f10x_sdio.o ABSOLUTE
    ..\STM32F10x_StdPeriph_Driver\src\stm32f10x_spi.c 0x00000000   Number         0  stm32f10x_spi.o ABSOLUTE
    ..\STM32F10x_StdPeriph_Driver\src\stm32f10x_tim.c 0x00000000   Number         0  stm32f10x_tim.o ABSOLUTE
    ..\STM32F10x_StdPeriph_Driver\src\stm32f10x_usart.c 0x00000000   Number         0  stm32f10x_usart.o ABSOLUTE
    ..\STM32F10x_StdPeriph_Driver\src\stm32f10x_wwdg.c 0x00000000   Number         0  stm32f10x_wwdg.o ABSOLUTE
    ..\SYSTEM\Delay.c                        0x00000000   Number         0  delay.o ABSOLUTE
    ..\USER\main.c                           0x00000000   Number         0  main.o ABSOLUTE
    ..\USER\stm32f10x_it.c                   0x00000000   Number         0  stm32f10x_it.o ABSOLUTE
    ..\\CMSIS\\CM3\\CoreSupport\\core_cm3.c  0x00000000   Number         0  core_cm3.o ABSOLUTE
    cdcmple.s                                0x00000000   Number         0  cdcmple.o ABSOLUTE
    cdrcmple.s                               0x00000000   Number         0  cdrcmple.o ABSOLUTE
    dc.s                                     0x00000000   Number         0  dc.o ABSOLUTE
    handlers.s                               0x00000000   Number         0  handlers.o ABSOLUTE
    init.s                                   0x00000000   Number         0  init.o ABSOLUTE
    RESET                                    0x08000000   Section      304  startup_stm32f10x_hd.o(RESET)
    .ARM.Collect$$$$00000000                 0x08000130   Section        0  entry.o(.ARM.Collect$$$$00000000)
    .ARM.Collect$$$$00000001                 0x08000130   Section        4  entry2.o(.ARM.Collect$$$$00000001)
    .ARM.Collect$$$$00000004                 0x08000134   Section        4  entry5.o(.ARM.Collect$$$$00000004)
    .ARM.Collect$$$$00000008                 0x08000138   Section        0  entry7b.o(.ARM.Collect$$$$00000008)
    .ARM.Collect$$$$0000000A                 0x08000138   Section        0  entry8b.o(.ARM.Collect$$$$0000000A)
    .ARM.Collect$$$$0000000B                 0x08000138   Section        8  entry9a.o(.ARM.Collect$$$$0000000B)
    .ARM.Collect$$$$0000000E                 0x08000140   Section        4  entry12b.o(.ARM.Collect$$$$0000000E)
    .ARM.Collect$$$$0000000F                 0x08000144   Section        0  entry10a.o(.ARM.Collect$$$$0000000F)
    .ARM.Collect$$$$00000011                 0x08000144   Section        0  entry11a.o(.ARM.Collect$$$$00000011)
    .ARM.Collect$$$$00002712                 0x08000144   Section        4  entry2.o(.ARM.Collect$$$$00002712)
    __lit__00000000                          0x08000144   Data           4  entry2.o(.ARM.Collect$$$$00002712)
    .text                                    0x08000148   Section       36  startup_stm32f10x_hd.o(.text)
    .text                                    0x0800016c   Section        0  dadd.o(.text)
    .text                                    0x080002ba   Section        0  dmul.o(.text)
    .text                                    0x0800039e   Section        0  ddiv.o(.text)
    .text                                    0x0800047c   Section        0  fflti.o(.text)
    .text                                    0x0800048e   Section        0  dflti.o(.text)
    .text                                    0x080004b0   Section        0  dfltui.o(.text)
    .text                                    0x080004ca   Section        0  ffixi.o(.text)
    .text                                    0x080004fc   Section        0  dfixi.o(.text)
    .text                                    0x0800053a   Section        0  f2d.o(.text)
    .text                                    0x08000560   Section        0  d2f.o(.text)
    .text                                    0x08000598   Section        0  uidiv.o(.text)
    .text                                    0x080005c4   Section        0  uldiv.o(.text)
    .text                                    0x08000626   Section        0  llshl.o(.text)
    .text                                    0x08000644   Section        0  llushr.o(.text)
    .text                                    0x08000664   Section        0  llsshr.o(.text)
    .text                                    0x08000688   Section        0  iusefp.o(.text)
    .text                                    0x08000688   Section        0  fepilogue.o(.text)
    .text                                    0x080006f6   Section        0  depilogue.o(.text)
    .text                                    0x080007b0   Section        0  dfixul.o(.text)
    .text                                    0x080007e0   Section       48  cdrcmple.o(.text)
    .text                                    0x08000810   Section       36  init.o(.text)
    i.BusFault_Handler                       0x08000834   Section        0  stm32f10x_it.o(i.BusFault_Handler)
    i.DebugMon_Handler                       0x08000838   Section        0  stm32f10x_it.o(i.DebugMon_Handler)
    i.Delay_ms                               0x0800083a   Section        0  delay.o(i.Delay_ms)
    i.Delay_us                               0x08000852   Section        0  delay.o(i.Delay_us)
    i.Encouder_Init                          0x08000880   Section        0  encouder.o(i.Encouder_Init)
    i.GPIO_Init                              0x080009b8   Section        0  stm32f10x_gpio.o(i.GPIO_Init)
    i.GPIO_PinRemapConfig                    0x08000ad0   Section        0  stm32f10x_gpio.o(i.GPIO_PinRemapConfig)
    i.GPIO_ReadOutputDataBit                 0x08000b60   Section        0  stm32f10x_gpio.o(i.GPIO_ReadOutputDataBit)
    i.GPIO_ResetBits                         0x08000b72   Section        0  stm32f10x_gpio.o(i.GPIO_ResetBits)
    i.GPIO_SetBits                           0x08000b76   Section        0  stm32f10x_gpio.o(i.GPIO_SetBits)
    i.GPIO_WriteBit                          0x08000b7a   Section        0  stm32f10x_gpio.o(i.GPIO_WriteBit)
    i.Get_Motor_Dir_left                     0x08000b84   Section        0  motor.o(i.Get_Motor_Dir_left)
    i.Get_Motor_Dir_right                    0x08000bc8   Section        0  motor.o(i.Get_Motor_Dir_right)
    i.Get_Speed_left                         0x08000c0c   Section        0  encouder.o(i.Get_Speed_left)
    i.Get_Speed_right                        0x08000c60   Section        0  encouder.o(i.Get_Speed_right)
    i.Get_Yaw                                0x08000cb8   Section        0  mpu6050.o(i.Get_Yaw)
    i.HardFault_Handler                      0x08000d28   Section        0  stm32f10x_it.o(i.HardFault_Handler)
    i.I2C_AcknowledgeConfig                  0x08000d2c   Section        0  stm32f10x_i2c.o(i.I2C_AcknowledgeConfig)
    i.I2C_CheckEvent                         0x08000d44   Section        0  stm32f10x_i2c.o(i.I2C_CheckEvent)
    i.I2C_Cmd                                0x08000d6e   Section        0  stm32f10x_i2c.o(i.I2C_Cmd)
    i.I2C_GenerateSTART                      0x08000d86   Section        0  stm32f10x_i2c.o(i.I2C_GenerateSTART)
    i.I2C_GenerateSTOP                       0x08000d9e   Section        0  stm32f10x_i2c.o(i.I2C_GenerateSTOP)
    i.I2C_Init                               0x08000db8   Section        0  stm32f10x_i2c.o(i.I2C_Init)
    i.I2C_ReceiveData                        0x08000ea4   Section        0  stm32f10x_i2c.o(i.I2C_ReceiveData)
    i.I2C_Send7bitAddress                    0x08000eac   Section        0  stm32f10x_i2c.o(i.I2C_Send7bitAddress)
    i.I2C_SendData                           0x08000ebe   Section        0  stm32f10x_i2c.o(i.I2C_SendData)
    i.MPU6050_Init                           0x08000ec4   Section        0  mpu6050.o(i.MPU6050_Init)
    i.MPU6050_ReadReg                        0x08000f78   Section        0  mpu6050.o(i.MPU6050_ReadReg)
    i.MPU6050_WaitEvent                      0x08001010   Section        0  mpu6050.o(i.MPU6050_WaitEvent)
    i.MPU6050_WriteReg                       0x08001034   Section        0  mpu6050.o(i.MPU6050_WriteReg)
    i.MY_NVIC_PriorityGroupConfig            0x08001098   Section        0  main.o(i.MY_NVIC_PriorityGroupConfig)
    i.MemManage_Handler                      0x080010c0   Section        0  stm32f10x_it.o(i.MemManage_Handler)
    i.Motor_Set                              0x080010c4   Section        0  motor.o(i.Motor_Set)
    i.NMI_Handler                            0x0800111c   Section        0  stm32f10x_it.o(i.NMI_Handler)
    i.NVIC_Init                              0x08001120   Section        0  misc.o(i.NVIC_Init)
    i.OLED_Clear                             0x08001190   Section        0  oled.o(i.OLED_Clear)
    i.OLED_I2C_Init                          0x080011bc   Section        0  oled.o(i.OLED_I2C_Init)
    i.OLED_I2C_SendByte                      0x0800120c   Section        0  oled.o(i.OLED_I2C_SendByte)
    i.OLED_I2C_Start                         0x08001268   Section        0  oled.o(i.OLED_I2C_Start)
    i.OLED_I2C_Stop                          0x0800129c   Section        0  oled.o(i.OLED_I2C_Stop)
    i.OLED_Init                              0x080012c4   Section        0  oled.o(i.OLED_Init)
    i.OLED_Pow                               0x08001372   Section        0  oled.o(i.OLED_Pow)
    i.OLED_SetCursor                         0x08001386   Section        0  oled.o(i.OLED_SetCursor)
    i.OLED_ShowChar                          0x080013a8   Section        0  oled.o(i.OLED_ShowChar)
    i.OLED_ShowSignedNum                     0x0800141c   Section        0  oled.o(i.OLED_ShowSignedNum)
    i.OLED_ShowString                        0x08001482   Section        0  oled.o(i.OLED_ShowString)
    i.OLED_WriteCommand                      0x080014aa   Section        0  oled.o(i.OLED_WriteCommand)
    i.OLED_WriteData                         0x080014ca   Section        0  oled.o(i.OLED_WriteData)
    i.PID_common                             0x080014ea   Section        0  pid.o(i.PID_common)
    i.PWM_Init                               0x0800153c   Section        0  pwm.o(i.PWM_Init)
    i.PendSV_Handler                         0x08001684   Section        0  stm32f10x_it.o(i.PendSV_Handler)
    i.Pid_Ctrl                               0x08001688   Section        0  pid.o(i.Pid_Ctrl)
    i.Pid_Which                              0x080016b8   Section        0  pid.o(i.Pid_Which)
    i.RCC_APB1PeriphClockCmd                 0x08001710   Section        0  stm32f10x_rcc.o(i.RCC_APB1PeriphClockCmd)
    i.RCC_APB2PeriphClockCmd                 0x08001730   Section        0  stm32f10x_rcc.o(i.RCC_APB2PeriphClockCmd)
    i.RCC_GetClocksFreq                      0x08001750   Section        0  stm32f10x_rcc.o(i.RCC_GetClocksFreq)
    i.SVC_Handler                            0x08001824   Section        0  stm32f10x_it.o(i.SVC_Handler)
    i.SetSysClock                            0x08001826   Section        0  system_stm32f10x.o(i.SetSysClock)
    SetSysClock                              0x08001827   Thumb Code     8  system_stm32f10x.o(i.SetSysClock)
    i.SetSysClockTo72                        0x08001830   Section        0  system_stm32f10x.o(i.SetSysClockTo72)
    SetSysClockTo72                          0x08001831   Thumb Code   214  system_stm32f10x.o(i.SetSysClockTo72)
    i.Set_Pwm                                0x08001910   Section        0  motor.o(i.Set_Pwm)
    i.Steer_Ctrl                             0x08001958   Section        0  motor.o(i.Steer_Ctrl)
    i.SysTick_Handler                        0x080019fc   Section        0  stm32f10x_it.o(i.SysTick_Handler)
    i.SystemInit                             0x08001a00   Section        0  system_stm32f10x.o(i.SystemInit)
    i.TI1_Config                             0x08001a60   Section        0  stm32f10x_tim.o(i.TI1_Config)
    TI1_Config                               0x08001a61   Thumb Code   108  stm32f10x_tim.o(i.TI1_Config)
    i.TI2_Config                             0x08001ae0   Section        0  stm32f10x_tim.o(i.TI2_Config)
    TI2_Config                               0x08001ae1   Thumb Code   130  stm32f10x_tim.o(i.TI2_Config)
    i.TI3_Config                             0x08001b78   Section        0  stm32f10x_tim.o(i.TI3_Config)
    TI3_Config                               0x08001b79   Thumb Code   122  stm32f10x_tim.o(i.TI3_Config)
    i.TI4_Config                             0x08001c08   Section        0  stm32f10x_tim.o(i.TI4_Config)
    TI4_Config                               0x08001c09   Thumb Code   130  stm32f10x_tim.o(i.TI4_Config)
    i.TIM2_IRQHandler                        0x08001ca0   Section        0  control.o(i.TIM2_IRQHandler)
    i.TIM_Cmd                                0x08001d6c   Section        0  stm32f10x_tim.o(i.TIM_Cmd)
    i.TIM_EncoderInterfaceConfig             0x08001d84   Section        0  stm32f10x_tim.o(i.TIM_EncoderInterfaceConfig)
    i.TIM_GetCounter                         0x08001dc6   Section        0  stm32f10x_tim.o(i.TIM_GetCounter)
    i.TIM_ICInit                             0x08001dcc   Section        0  stm32f10x_tim.o(i.TIM_ICInit)
    i.TIM_ICStructInit                       0x08001e78   Section        0  stm32f10x_tim.o(i.TIM_ICStructInit)
    i.TIM_InternalClockConfig                0x08001e8a   Section        0  stm32f10x_tim.o(i.TIM_InternalClockConfig)
    i.TIM_OC1Init                            0x08001e98   Section        0  stm32f10x_tim.o(i.TIM_OC1Init)
    i.TIM_OC2Init                            0x08001f30   Section        0  stm32f10x_tim.o(i.TIM_OC2Init)
    i.TIM_OCStructInit                       0x08001fd4   Section        0  stm32f10x_tim.o(i.TIM_OCStructInit)
    i.TIM_SetCompare1                        0x08001fe8   Section        0  stm32f10x_tim.o(i.TIM_SetCompare1)
    i.TIM_SetCompare2                        0x08001fec   Section        0  stm32f10x_tim.o(i.TIM_SetCompare2)
    i.TIM_SetCounter                         0x08001ff0   Section        0  stm32f10x_tim.o(i.TIM_SetCounter)
    i.TIM_SetIC1Prescaler                    0x08001ff4   Section        0  stm32f10x_tim.o(i.TIM_SetIC1Prescaler)
    i.TIM_SetIC2Prescaler                    0x08002006   Section        0  stm32f10x_tim.o(i.TIM_SetIC2Prescaler)
    i.TIM_SetIC3Prescaler                    0x08002020   Section        0  stm32f10x_tim.o(i.TIM_SetIC3Prescaler)
    i.TIM_SetIC4Prescaler                    0x08002032   Section        0  stm32f10x_tim.o(i.TIM_SetIC4Prescaler)
    i.TIM_TimeBaseInit                       0x0800204c   Section        0  stm32f10x_tim.o(i.TIM_TimeBaseInit)
    i.USART1_Init                            0x080020f0   Section        0  usart.o(i.USART1_Init)
    i.USART1_SendByte                        0x080021a0   Section        0  usart.o(i.USART1_SendByte)
    i.USART2_IRQHandler                      0x080021c0   Section        0  main.o(i.USART2_IRQHandler)
    i.USART2_Init                            0x08002200   Section        0  usart.o(i.USART2_Init)
    i.USART3_Init                            0x080022b4   Section        0  usart.o(i.USART3_Init)
    i.USART4_Init                            0x08002370   Section        0  usart.o(i.USART4_Init)
    i.USART_ClearITPendingBit                0x08002420   Section        0  stm32f10x_usart.o(i.USART_ClearITPendingBit)
    i.USART_Cmd                              0x0800243e   Section        0  stm32f10x_usart.o(i.USART_Cmd)
    i.USART_GetFlagStatus                    0x08002456   Section        0  stm32f10x_usart.o(i.USART_GetFlagStatus)
    i.USART_GetITStatus                      0x08002470   Section        0  stm32f10x_usart.o(i.USART_GetITStatus)
    i.USART_ITConfig                         0x080024c4   Section        0  stm32f10x_usart.o(i.USART_ITConfig)
    i.USART_Init                             0x08002510   Section        0  stm32f10x_usart.o(i.USART_Init)
    i.USART_ReceiveData                      0x080025e8   Section        0  stm32f10x_usart.o(i.USART_ReceiveData)
    i.USART_SendData                         0x080025f2   Section        0  stm32f10x_usart.o(i.USART_SendData)
    i.UsageFault_Handler                     0x080025fa   Section        0  stm32f10x_it.o(i.UsageFault_Handler)
    i.__0printf                              0x08002600   Section        0  printfa.o(i.__0printf)
    i.__scatterload_copy                     0x08002620   Section       14  handlers.o(i.__scatterload_copy)
    i.__scatterload_null                     0x0800262e   Section        2  handlers.o(i.__scatterload_null)
    i.__scatterload_zeroinit                 0x08002630   Section       14  handlers.o(i.__scatterload_zeroinit)
    i._fp_digits                             0x08002640   Section        0  printfa.o(i._fp_digits)
    _fp_digits                               0x08002641   Thumb Code   366  printfa.o(i._fp_digits)
    i._printf_core                           0x080027c4   Section        0  printfa.o(i._printf_core)
    _printf_core                             0x080027c5   Thumb Code  1704  printfa.o(i._printf_core)
    i._printf_post_padding                   0x08002e78   Section        0  printfa.o(i._printf_post_padding)
    _printf_post_padding                     0x08002e79   Thumb Code    36  printfa.o(i._printf_post_padding)
    i._printf_pre_padding                    0x08002e9c   Section        0  printfa.o(i._printf_pre_padding)
    _printf_pre_padding                      0x08002e9d   Thumb Code    46  printfa.o(i._printf_pre_padding)
    i.fputc                                  0x08002eca   Section        0  usart.o(i.fputc)
    i.getCrc8                                0x08002eda   Section        0  cla.o(i.getCrc8)
    i.main                                   0x08002f14   Section        0  main.o(i.main)
    i.myabs                                  0x08002f70   Section        0  motor.o(i.myabs)
    i.reset_Uk                               0x08002f7e   Section        0  pid.o(i.reset_Uk)
    i.usartReceiveOneData                    0x08002f88   Section        0  cla.o(i.usartReceiveOneData)
    .constdata                               0x080031a8   Section        4  cla.o(.constdata)
    .constdata                               0x080031ac   Section     1520  oled.o(.constdata)
    .data                                    0x20000000   Section       20  stm32f10x_rcc.o(.data)
    APBAHBPrescTable                         0x20000000   Data          16  stm32f10x_rcc.o(.data)
    ADCPrescTable                            0x20000010   Data           4  stm32f10x_rcc.o(.data)
    .data                                    0x20000014   Section       32  motor.o(.data)
    .data                                    0x20000034   Section       28  cla.o(.data)
    checkSum                                 0x20000042   Data           1  cla.o(.data)
    USARTBufferIndex                         0x20000043   Data           1  cla.o(.data)
    j                                        0x20000044   Data           2  cla.o(.data)
    k                                        0x20000046   Data           2  cla.o(.data)
    USARTReceiverFront                       0x20000048   Data           1  cla.o(.data)
    Start_Flag                               0x20000049   Data           1  cla.o(.data)
    dataLength                               0x2000004a   Data           2  cla.o(.data)
    length                                   0x2000004c   Data           4  cla.o(.data)
    .data                                    0x20000050   Section        4  control.o(.data)
    .data                                    0x20000054   Section        4  stdout.o(.data)
    .bss                                     0x20000058   Section       72  pid.o(.bss)
    .bss                                     0x200000a0   Section       16  cla.o(.bss)
    STACK                                    0x200000b0   Section     1024  startup_stm32f10x_hd.o(STACK)

    Global Symbols

    Symbol Name                              Value     Ov Type        Size  Object(Section)

    BuildAttributes$$THM_ISAv4$P$D$K$B$S$PE$A:L22UL41UL21$X:L11$S22US41US21$IEEE1$IW$USESV6$~STKCKD$USESV7$~SHL$OTIME$ROPI$IEEEX$EBA8$MICROLIB$REQ8$PRES8$EABIv2 0x00000000   Number         0  anon$$obj.o ABSOLUTE
    __ARM_use_no_argv                        0x00000000   Number         0  main.o ABSOLUTE
    __arm_fini_                               - Undefined Weak Reference
    __cpp_initialize__aeabi_                  - Undefined Weak Reference
    __cxa_finalize                            - Undefined Weak Reference
    __decompress                              - Undefined Weak Reference
    _clock_init                               - Undefined Weak Reference
    _microlib_exit                            - Undefined Weak Reference
    __Vectors_Size                           0x00000130   Number         0  startup_stm32f10x_hd.o ABSOLUTE
    __Vectors                                0x08000000   Data           4  startup_stm32f10x_hd.o(RESET)
    __Vectors_End                            0x08000130   Data           0  startup_stm32f10x_hd.o(RESET)
    __main                                   0x08000131   Thumb Code     0  entry.o(.ARM.Collect$$$$00000000)
    _main_stk                                0x08000131   Thumb Code     0  entry2.o(.ARM.Collect$$$$00000001)
    _main_scatterload                        0x08000135   Thumb Code     0  entry5.o(.ARM.Collect$$$$00000004)
    __main_after_scatterload                 0x08000139   Thumb Code     0  entry5.o(.ARM.Collect$$$$00000004)
    _main_clock                              0x08000139   Thumb Code     0  entry7b.o(.ARM.Collect$$$$00000008)
    _main_cpp_init                           0x08000139   Thumb Code     0  entry8b.o(.ARM.Collect$$$$0000000A)
    _main_init                               0x08000139   Thumb Code     0  entry9a.o(.ARM.Collect$$$$0000000B)
    __rt_lib_shutdown_fini                   0x08000141   Thumb Code     0  entry12b.o(.ARM.Collect$$$$0000000E)
    __rt_final_cpp                           0x08000145   Thumb Code     0  entry10a.o(.ARM.Collect$$$$0000000F)
    __rt_final_exit                          0x08000145   Thumb Code     0  entry11a.o(.ARM.Collect$$$$00000011)
    Reset_Handler                            0x08000149   Thumb Code     8  startup_stm32f10x_hd.o(.text)
    ADC1_2_IRQHandler                        0x08000163   Thumb Code     0  startup_stm32f10x_hd.o(.text)
    ADC3_IRQHandler                          0x08000163   Thumb Code     0  startup_stm32f10x_hd.o(.text)
    CAN1_RX1_IRQHandler                      0x08000163   Thumb Code     0  startup_stm32f10x_hd.o(.text)
    CAN1_SCE_IRQHandler                      0x08000163   Thumb Code     0  startup_stm32f10x_hd.o(.text)
    DMA1_Channel1_IRQHandler                 0x08000163   Thumb Code     0  startup_stm32f10x_hd.o(.text)
    DMA1_Channel2_IRQHandler                 0x08000163   Thumb Code     0  startup_stm32f10x_hd.o(.text)
    DMA1_Channel3_IRQHandler                 0x08000163   Thumb Code     0  startup_stm32f10x_hd.o(.text)
    DMA1_Channel4_IRQHandler                 0x08000163   Thumb Code     0  startup_stm32f10x_hd.o(.text)
    DMA1_Channel5_IRQHandler                 0x08000163   Thumb Code     0  startup_stm32f10x_hd.o(.text)
    DMA1_Channel6_IRQHandler                 0x08000163   Thumb Code     0  startup_stm32f10x_hd.o(.text)
    DMA1_Channel7_IRQHandler                 0x08000163   Thumb Code     0  startup_stm32f10x_hd.o(.text)
    DMA2_Channel1_IRQHandler                 0x08000163   Thumb Code     0  startup_stm32f10x_hd.o(.text)
    DMA2_Channel2_IRQHandler                 0x08000163   Thumb Code     0  startup_stm32f10x_hd.o(.text)
    DMA2_Channel3_IRQHandler                 0x08000163   Thumb Code     0  startup_stm32f10x_hd.o(.text)
    DMA2_Channel4_5_IRQHandler               0x08000163   Thumb Code     0  startup_stm32f10x_hd.o(.text)
    EXTI0_IRQHandler                         0x08000163   Thumb Code     0  startup_stm32f10x_hd.o(.text)
    EXTI15_10_IRQHandler                     0x08000163   Thumb Code     0  startup_stm32f10x_hd.o(.text)
    EXTI1_IRQHandler                         0x08000163   Thumb Code     0  startup_stm32f10x_hd.o(.text)
    EXTI2_IRQHandler                         0x08000163   Thumb Code     0  startup_stm32f10x_hd.o(.text)
    EXTI3_IRQHandler                         0x08000163   Thumb Code     0  startup_stm32f10x_hd.o(.text)
    EXTI4_IRQHandler                         0x08000163   Thumb Code     0  startup_stm32f10x_hd.o(.text)
    EXTI9_5_IRQHandler                       0x08000163   Thumb Code     0  startup_stm32f10x_hd.o(.text)
    FLASH_IRQHandler                         0x08000163   Thumb Code     0  startup_stm32f10x_hd.o(.text)
    FSMC_IRQHandler                          0x08000163   Thumb Code     0  startup_stm32f10x_hd.o(.text)
    I2C1_ER_IRQHandler                       0x08000163   Thumb Code     0  startup_stm32f10x_hd.o(.text)
    I2C1_EV_IRQHandler                       0x08000163   Thumb Code     0  startup_stm32f10x_hd.o(.text)
    I2C2_ER_IRQHandler                       0x08000163   Thumb Code     0  startup_stm32f10x_hd.o(.text)
    I2C2_EV_IRQHandler                       0x08000163   Thumb Code     0  startup_stm32f10x_hd.o(.text)
    PVD_IRQHandler                           0x08000163   Thumb Code     0  startup_stm32f10x_hd.o(.text)
    RCC_IRQHandler                           0x08000163   Thumb Code     0  startup_stm32f10x_hd.o(.text)
    RTCAlarm_IRQHandler                      0x08000163   Thumb Code     0  startup_stm32f10x_hd.o(.text)
    RTC_IRQHandler                           0x08000163   Thumb Code     0  startup_stm32f10x_hd.o(.text)
    SDIO_IRQHandler                          0x08000163   Thumb Code     0  startup_stm32f10x_hd.o(.text)
    SPI1_IRQHandler                          0x08000163   Thumb Code     0  startup_stm32f10x_hd.o(.text)
    SPI2_IRQHandler                          0x08000163   Thumb Code     0  startup_stm32f10x_hd.o(.text)
    SPI3_IRQHandler                          0x08000163   Thumb Code     0  startup_stm32f10x_hd.o(.text)
    TAMPER_IRQHandler                        0x08000163   Thumb Code     0  startup_stm32f10x_hd.o(.text)
    TIM1_BRK_IRQHandler                      0x08000163   Thumb Code     0  startup_stm32f10x_hd.o(.text)
    TIM1_CC_IRQHandler                       0x08000163   Thumb Code     0  startup_stm32f10x_hd.o(.text)
    TIM1_TRG_COM_IRQHandler                  0x08000163   Thumb Code     0  startup_stm32f10x_hd.o(.text)
    TIM1_UP_IRQHandler                       0x08000163   Thumb Code     0  startup_stm32f10x_hd.o(.text)
    TIM3_IRQHandler                          0x08000163   Thumb Code     0  startup_stm32f10x_hd.o(.text)
    TIM4_IRQHandler                          0x08000163   Thumb Code     0  startup_stm32f10x_hd.o(.text)
    TIM5_IRQHandler                          0x08000163   Thumb Code     0  startup_stm32f10x_hd.o(.text)
    TIM6_IRQHandler                          0x08000163   Thumb Code     0  startup_stm32f10x_hd.o(.text)
    TIM7_IRQHandler                          0x08000163   Thumb Code     0  startup_stm32f10x_hd.o(.text)
    TIM8_BRK_IRQHandler                      0x08000163   Thumb Code     0  startup_stm32f10x_hd.o(.text)
    TIM8_CC_IRQHandler                       0x08000163   Thumb Code     0  startup_stm32f10x_hd.o(.text)
    TIM8_TRG_COM_IRQHandler                  0x08000163   Thumb Code     0  startup_stm32f10x_hd.o(.text)
    TIM8_UP_IRQHandler                       0x08000163   Thumb Code     0  startup_stm32f10x_hd.o(.text)
    UART4_IRQHandler                         0x08000163   Thumb Code     0  startup_stm32f10x_hd.o(.text)
    UART5_IRQHandler                         0x08000163   Thumb Code     0  startup_stm32f10x_hd.o(.text)
    USART1_IRQHandler                        0x08000163   Thumb Code     0  startup_stm32f10x_hd.o(.text)
    USART3_IRQHandler                        0x08000163   Thumb Code     0  startup_stm32f10x_hd.o(.text)
    USBWakeUp_IRQHandler                     0x08000163   Thumb Code     0  startup_stm32f10x_hd.o(.text)
    USB_HP_CAN1_TX_IRQHandler                0x08000163   Thumb Code     0  startup_stm32f10x_hd.o(.text)
    USB_LP_CAN1_RX0_IRQHandler               0x08000163   Thumb Code     0  startup_stm32f10x_hd.o(.text)
    WWDG_IRQHandler                          0x08000163   Thumb Code     0  startup_stm32f10x_hd.o(.text)
    __aeabi_dadd                             0x0800016d   Thumb Code   322  dadd.o(.text)
    __aeabi_dsub                             0x080002af   Thumb Code     6  dadd.o(.text)
    __aeabi_drsub                            0x080002b5   Thumb Code     6  dadd.o(.text)
    __aeabi_dmul                             0x080002bb   Thumb Code   228  dmul.o(.text)
    __aeabi_ddiv                             0x0800039f   Thumb Code   222  ddiv.o(.text)
    __aeabi_i2f                              0x0800047d   Thumb Code    18  fflti.o(.text)
    __aeabi_i2d                              0x0800048f   Thumb Code    34  dflti.o(.text)
    __aeabi_ui2d                             0x080004b1   Thumb Code    26  dfltui.o(.text)
    __aeabi_f2iz                             0x080004cb   Thumb Code    50  ffixi.o(.text)
    __aeabi_d2iz                             0x080004fd   Thumb Code    62  dfixi.o(.text)
    __aeabi_f2d                              0x0800053b   Thumb Code    38  f2d.o(.text)
    __aeabi_d2f                              0x08000561   Thumb Code    56  d2f.o(.text)
    __aeabi_uidiv                            0x08000599   Thumb Code     0  uidiv.o(.text)
    __aeabi_uidivmod                         0x08000599   Thumb Code    44  uidiv.o(.text)
    __aeabi_uldivmod                         0x080005c5   Thumb Code    98  uldiv.o(.text)
    __aeabi_llsl                             0x08000627   Thumb Code    30  llshl.o(.text)
    _ll_shift_l                              0x08000627   Thumb Code     0  llshl.o(.text)
    __aeabi_llsr                             0x08000645   Thumb Code    32  llushr.o(.text)
    _ll_ushift_r                             0x08000645   Thumb Code     0  llushr.o(.text)
    __aeabi_lasr                             0x08000665   Thumb Code    36  llsshr.o(.text)
    _ll_sshift_r                             0x08000665   Thumb Code     0  llsshr.o(.text)
    __I$use$fp                               0x08000689   Thumb Code     0  iusefp.o(.text)
    _float_round                             0x08000689   Thumb Code    18  fepilogue.o(.text)
    _float_epilogue                          0x0800069b   Thumb Code    92  fepilogue.o(.text)
    _double_round                            0x080006f7   Thumb Code    30  depilogue.o(.text)
    _double_epilogue                         0x08000715   Thumb Code   156  depilogue.o(.text)
    __aeabi_d2ulz                            0x080007b1   Thumb Code    48  dfixul.o(.text)
    __aeabi_cdrcmple                         0x080007e1   Thumb Code    48  cdrcmple.o(.text)
    __scatterload                            0x08000811   Thumb Code    28  init.o(.text)
    __scatterload_rt2                        0x08000811   Thumb Code     0  init.o(.text)
    BusFault_Handler                         0x08000835   Thumb Code     4  stm32f10x_it.o(i.BusFault_Handler)
    DebugMon_Handler                         0x08000839   Thumb Code     2  stm32f10x_it.o(i.DebugMon_Handler)
    Delay_ms                                 0x0800083b   Thumb Code    24  delay.o(i.Delay_ms)
    Delay_us                                 0x08000853   Thumb Code    46  delay.o(i.Delay_us)
    Encouder_Init                            0x08000881   Thumb Code   296  encouder.o(i.Encouder_Init)
    GPIO_Init                                0x080009b9   Thumb Code   278  stm32f10x_gpio.o(i.GPIO_Init)
    GPIO_PinRemapConfig                      0x08000ad1   Thumb Code   138  stm32f10x_gpio.o(i.GPIO_PinRemapConfig)
    GPIO_ReadOutputDataBit                   0x08000b61   Thumb Code    18  stm32f10x_gpio.o(i.GPIO_ReadOutputDataBit)
    GPIO_ResetBits                           0x08000b73   Thumb Code     4  stm32f10x_gpio.o(i.GPIO_ResetBits)
    GPIO_SetBits                             0x08000b77   Thumb Code     4  stm32f10x_gpio.o(i.GPIO_SetBits)
    GPIO_WriteBit                            0x08000b7b   Thumb Code    10  stm32f10x_gpio.o(i.GPIO_WriteBit)
    Get_Motor_Dir_left                       0x08000b85   Thumb Code    64  motor.o(i.Get_Motor_Dir_left)
    Get_Motor_Dir_right                      0x08000bc9   Thumb Code    64  motor.o(i.Get_Motor_Dir_right)
    Get_Speed_left                           0x08000c0d   Thumb Code    68  encouder.o(i.Get_Speed_left)
    Get_Speed_right                          0x08000c61   Thumb Code    72  encouder.o(i.Get_Speed_right)
    Get_Yaw                                  0x08000cb9   Thumb Code   104  mpu6050.o(i.Get_Yaw)
    HardFault_Handler                        0x08000d29   Thumb Code     4  stm32f10x_it.o(i.HardFault_Handler)
    I2C_AcknowledgeConfig                    0x08000d2d   Thumb Code    24  stm32f10x_i2c.o(i.I2C_AcknowledgeConfig)
    I2C_CheckEvent                           0x08000d45   Thumb Code    42  stm32f10x_i2c.o(i.I2C_CheckEvent)
    I2C_Cmd                                  0x08000d6f   Thumb Code    24  stm32f10x_i2c.o(i.I2C_Cmd)
    I2C_GenerateSTART                        0x08000d87   Thumb Code    24  stm32f10x_i2c.o(i.I2C_GenerateSTART)
    I2C_GenerateSTOP                         0x08000d9f   Thumb Code    24  stm32f10x_i2c.o(i.I2C_GenerateSTOP)
    I2C_Init                                 0x08000db9   Thumb Code   222  stm32f10x_i2c.o(i.I2C_Init)
    I2C_ReceiveData                          0x08000ea5   Thumb Code     8  stm32f10x_i2c.o(i.I2C_ReceiveData)
    I2C_Send7bitAddress                      0x08000ead   Thumb Code    18  stm32f10x_i2c.o(i.I2C_Send7bitAddress)
    I2C_SendData                             0x08000ebf   Thumb Code     4  stm32f10x_i2c.o(i.I2C_SendData)
    MPU6050_Init                             0x08000ec5   Thumb Code   172  mpu6050.o(i.MPU6050_Init)
    MPU6050_ReadReg                          0x08000f79   Thumb Code   138  mpu6050.o(i.MPU6050_ReadReg)
    MPU6050_WaitEvent                        0x08001011   Thumb Code    34  mpu6050.o(i.MPU6050_WaitEvent)
    MPU6050_WriteReg                         0x08001035   Thumb Code    86  mpu6050.o(i.MPU6050_WriteReg)
    MY_NVIC_PriorityGroupConfig              0x08001099   Thumb Code    32  main.o(i.MY_NVIC_PriorityGroupConfig)
    MemManage_Handler                        0x080010c1   Thumb Code     4  stm32f10x_it.o(i.MemManage_Handler)
    Motor_Set                                0x080010c5   Thumb Code    84  motor.o(i.Motor_Set)
    NMI_Handler                              0x0800111d   Thumb Code     2  stm32f10x_it.o(i.NMI_Handler)
    NVIC_Init                                0x08001121   Thumb Code   100  misc.o(i.NVIC_Init)
    OLED_Clear                               0x08001191   Thumb Code    42  oled.o(i.OLED_Clear)
    OLED_I2C_Init                            0x080011bd   Thumb Code    76  oled.o(i.OLED_I2C_Init)
    OLED_I2C_SendByte                        0x0800120d   Thumb Code    88  oled.o(i.OLED_I2C_SendByte)
    OLED_I2C_Start                           0x08001269   Thumb Code    48  oled.o(i.OLED_I2C_Start)
    OLED_I2C_Stop                            0x0800129d   Thumb Code    36  oled.o(i.OLED_I2C_Stop)
    OLED_Init                                0x080012c5   Thumb Code   174  oled.o(i.OLED_Init)
    OLED_Pow                                 0x08001373   Thumb Code    20  oled.o(i.OLED_Pow)
    OLED_SetCursor                           0x08001387   Thumb Code    34  oled.o(i.OLED_SetCursor)
    OLED_ShowChar                            0x080013a9   Thumb Code   110  oled.o(i.OLED_ShowChar)
    OLED_ShowSignedNum                       0x0800141d   Thumb Code   102  oled.o(i.OLED_ShowSignedNum)
    OLED_ShowString                          0x08001483   Thumb Code    40  oled.o(i.OLED_ShowString)
    OLED_WriteCommand                        0x080014ab   Thumb Code    32  oled.o(i.OLED_WriteCommand)
    OLED_WriteData                           0x080014cb   Thumb Code    32  oled.o(i.OLED_WriteData)
    PID_common                               0x080014eb   Thumb Code    80  pid.o(i.PID_common)
    PWM_Init                                 0x0800153d   Thumb Code   312  pwm.o(i.PWM_Init)
    PendSV_Handler                           0x08001685   Thumb Code     2  stm32f10x_it.o(i.PendSV_Handler)
    Pid_Ctrl                                 0x08001689   Thumb Code    40  pid.o(i.Pid_Ctrl)
    Pid_Which                                0x080016b9   Thumb Code    88  pid.o(i.Pid_Which)
    RCC_APB1PeriphClockCmd                   0x08001711   Thumb Code    26  stm32f10x_rcc.o(i.RCC_APB1PeriphClockCmd)
    RCC_APB2PeriphClockCmd                   0x08001731   Thumb Code    26  stm32f10x_rcc.o(i.RCC_APB2PeriphClockCmd)
    RCC_GetClocksFreq                        0x08001751   Thumb Code   192  stm32f10x_rcc.o(i.RCC_GetClocksFreq)
    SVC_Handler                              0x08001825   Thumb Code     2  stm32f10x_it.o(i.SVC_Handler)
    Set_Pwm                                  0x08001911   Thumb Code    62  motor.o(i.Set_Pwm)
    Steer_Ctrl                               0x08001959   Thumb Code   156  motor.o(i.Steer_Ctrl)
    SysTick_Handler                          0x080019fd   Thumb Code     2  stm32f10x_it.o(i.SysTick_Handler)
    SystemInit                               0x08001a01   Thumb Code    78  system_stm32f10x.o(i.SystemInit)
    TIM2_IRQHandler                          0x08001ca1   Thumb Code   150  control.o(i.TIM2_IRQHandler)
    TIM_Cmd                                  0x08001d6d   Thumb Code    24  stm32f10x_tim.o(i.TIM_Cmd)
    TIM_EncoderInterfaceConfig               0x08001d85   Thumb Code    66  stm32f10x_tim.o(i.TIM_EncoderInterfaceConfig)
    TIM_GetCounter                           0x08001dc7   Thumb Code     6  stm32f10x_tim.o(i.TIM_GetCounter)
    TIM_ICInit                               0x08001dcd   Thumb Code   150  stm32f10x_tim.o(i.TIM_ICInit)
    TIM_ICStructInit                         0x08001e79   Thumb Code    18  stm32f10x_tim.o(i.TIM_ICStructInit)
    TIM_InternalClockConfig                  0x08001e8b   Thumb Code    12  stm32f10x_tim.o(i.TIM_InternalClockConfig)
    TIM_OC1Init                              0x08001e99   Thumb Code   132  stm32f10x_tim.o(i.TIM_OC1Init)
    TIM_OC2Init                              0x08001f31   Thumb Code   154  stm32f10x_tim.o(i.TIM_OC2Init)
    TIM_OCStructInit                         0x08001fd5   Thumb Code    20  stm32f10x_tim.o(i.TIM_OCStructInit)
    TIM_SetCompare1                          0x08001fe9   Thumb Code     4  stm32f10x_tim.o(i.TIM_SetCompare1)
    TIM_SetCompare2                          0x08001fed   Thumb Code     4  stm32f10x_tim.o(i.TIM_SetCompare2)
    TIM_SetCounter                           0x08001ff1   Thumb Code     4  stm32f10x_tim.o(i.TIM_SetCounter)
    TIM_SetIC1Prescaler                      0x08001ff5   Thumb Code    18  stm32f10x_tim.o(i.TIM_SetIC1Prescaler)
    TIM_SetIC2Prescaler                      0x08002007   Thumb Code    26  stm32f10x_tim.o(i.TIM_SetIC2Prescaler)
    TIM_SetIC3Prescaler                      0x08002021   Thumb Code    18  stm32f10x_tim.o(i.TIM_SetIC3Prescaler)
    TIM_SetIC4Prescaler                      0x08002033   Thumb Code    26  stm32f10x_tim.o(i.TIM_SetIC4Prescaler)
    TIM_TimeBaseInit                         0x0800204d   Thumb Code   122  stm32f10x_tim.o(i.TIM_TimeBaseInit)
    USART1_Init                              0x080020f1   Thumb Code   166  usart.o(i.USART1_Init)
    USART1_SendByte                          0x080021a1   Thumb Code    28  usart.o(i.USART1_SendByte)
    USART2_IRQHandler                        0x080021c1   Thumb Code    48  main.o(i.USART2_IRQHandler)
    USART2_Init                              0x08002201   Thumb Code   170  usart.o(i.USART2_Init)
    USART3_Init                              0x080022b5   Thumb Code   174  usart.o(i.USART3_Init)
    USART4_Init                              0x08002371   Thumb Code   166  usart.o(i.USART4_Init)
    USART_ClearITPendingBit                  0x08002421   Thumb Code    30  stm32f10x_usart.o(i.USART_ClearITPendingBit)
    USART_Cmd                                0x0800243f   Thumb Code    24  stm32f10x_usart.o(i.USART_Cmd)
    USART_GetFlagStatus                      0x08002457   Thumb Code    26  stm32f10x_usart.o(i.USART_GetFlagStatus)
    USART_GetITStatus                        0x08002471   Thumb Code    84  stm32f10x_usart.o(i.USART_GetITStatus)
    USART_ITConfig                           0x080024c5   Thumb Code    74  stm32f10x_usart.o(i.USART_ITConfig)
    USART_Init                               0x08002511   Thumb Code   210  stm32f10x_usart.o(i.USART_Init)
    USART_ReceiveData                        0x080025e9   Thumb Code    10  stm32f10x_usart.o(i.USART_ReceiveData)
    USART_SendData                           0x080025f3   Thumb Code     8  stm32f10x_usart.o(i.USART_SendData)
    UsageFault_Handler                       0x080025fb   Thumb Code     4  stm32f10x_it.o(i.UsageFault_Handler)
    __0printf                                0x08002601   Thumb Code    22  printfa.o(i.__0printf)
    __1printf                                0x08002601   Thumb Code     0  printfa.o(i.__0printf)
    __2printf                                0x08002601   Thumb Code     0  printfa.o(i.__0printf)
    __c89printf                              0x08002601   Thumb Code     0  printfa.o(i.__0printf)
    printf                                   0x08002601   Thumb Code     0  printfa.o(i.__0printf)
    __scatterload_copy                       0x08002621   Thumb Code    14  handlers.o(i.__scatterload_copy)
    __scatterload_null                       0x0800262f   Thumb Code     2  handlers.o(i.__scatterload_null)
    __scatterload_zeroinit                   0x08002631   Thumb Code    14  handlers.o(i.__scatterload_zeroinit)
    fputc                                    0x08002ecb   Thumb Code    16  usart.o(i.fputc)
    getCrc8                                  0x08002edb   Thumb Code    56  cla.o(i.getCrc8)
    main                                     0x08002f15   Thumb Code    84  main.o(i.main)
    myabs                                    0x08002f71   Thumb Code    14  motor.o(i.myabs)
    reset_Uk                                 0x08002f7f   Thumb Code    10  pid.o(i.reset_Uk)
    usartReceiveOneData                      0x08002f89   Thumb Code   462  cla.o(i.usartReceiveOneData)
    header                                   0x080031a8   Data           2  cla.o(.constdata)
    ender                                    0x080031aa   Data           2  cla.o(.constdata)
    OLED_F8x16                               0x080031ac   Data        1520  oled.o(.constdata)
    Region$$Table$$Base                      0x0800379c   Number         0  anon$$obj.o(Region$$Table)
    Region$$Table$$Limit                     0x080037bc   Number         0  anon$$obj.o(Region$$Table)
    motorLeft                                0x20000014   Data           4  motor.o(.data)
    motorRight                               0x20000018   Data           4  motor.o(.data)
    leftSpeedNow                             0x2000001c   Data           4  motor.o(.data)
    rightSpeedNow                            0x20000020   Data           4  motor.o(.data)
    leftSpeedSet                             0x20000024   Data           4  motor.o(.data)
    rightSpeedSet                            0x20000028   Data           4  motor.o(.data)
    motorFrontSteer                          0x2000002c   Data           4  motor.o(.data)
    frontAngleSet                            0x20000030   Data           4  motor.o(.data)
    sendCtrlFlag                             0x20000034   Data           1  cla.o(.data)
    receCtrlFlag                             0x20000035   Data           1  cla.o(.data)
    leftVelNow                               0x20000036   Data           2  cla.o(.data)
    rightVelNow                              0x20000038   Data           2  cla.o(.data)
    angleNow                                 0x2000003a   Data           2  cla.o(.data)
    leftVelSet                               0x2000003c   Data           2  cla.o(.data)
    rightVelSet                              0x2000003e   Data           2  cla.o(.data)
    frontSteerAngleSet                       0x20000040   Data           2  cla.o(.data)
    Yaw                                      0x20000050   Data           4  control.o(.data)
    __stdout                                 0x20000054   Data           4  stdout.o(.data)
    pid_Task_Letf                            0x20000058   Data          36  pid.o(.bss)
    pid_Task_Right                           0x2000007c   Data          36  pid.o(.bss)
    receiveBuff                              0x200000a0   Data          16  cla.o(.bss)
    __initial_sp                             0x200004b0   Data           0  startup_stm32f10x_hd.o(STACK)



==============================================================================

Memory Map of the image

  Image Entry point : 0x08000131

  Load Region LR_IROM1 (Base: 0x08000000, Size: 0x00003814, Max: 0x00080000, ABSOLUTE)

    Execution Region ER_IROM1 (Exec base: 0x08000000, Load base: 0x08000000, Size: 0x000037bc, Max: 0x00080000, ABSOLUTE)

    Exec Addr    Load Addr    Size         Type   Attr      Idx    E Section Name        Object

    0x08000000   0x08000000   0x00000130   Data   RO            3    RESET               startup_stm32f10x_hd.o
    0x08000130   0x08000130   0x00000000   Code   RO         3733  * .ARM.Collect$$$$00000000  mc_w.l(entry.o)
    0x08000130   0x08000130   0x00000004   Code   RO         4049    .ARM.Collect$$$$00000001  mc_w.l(entry2.o)
    0x08000134   0x08000134   0x00000004   Code   RO         4052    .ARM.Collect$$$$00000004  mc_w.l(entry5.o)
    0x08000138   0x08000138   0x00000000   Code   RO         4054    .ARM.Collect$$$$00000008  mc_w.l(entry7b.o)
    0x08000138   0x08000138   0x00000000   Code   RO         4056    .ARM.Collect$$$$0000000A  mc_w.l(entry8b.o)
    0x08000138   0x08000138   0x00000008   Code   RO         4057    .ARM.Collect$$$$0000000B  mc_w.l(entry9a.o)
    0x08000140   0x08000140   0x00000004   Code   RO         4064    .ARM.Collect$$$$0000000E  mc_w.l(entry12b.o)
    0x08000144   0x08000144   0x00000000   Code   RO         4059    .ARM.Collect$$$$0000000F  mc_w.l(entry10a.o)
    0x08000144   0x08000144   0x00000000   Code   RO         4061    .ARM.Collect$$$$00000011  mc_w.l(entry11a.o)
    0x08000144   0x08000144   0x00000004   Code   RO         4050    .ARM.Collect$$$$00002712  mc_w.l(entry2.o)
    0x08000148   0x08000148   0x00000024   Code   RO            4    .text               startup_stm32f10x_hd.o
    0x0800016c   0x0800016c   0x0000014e   Code   RO         4002    .text               mf_w.l(dadd.o)
    0x080002ba   0x080002ba   0x000000e4   Code   RO         4004    .text               mf_w.l(dmul.o)
    0x0800039e   0x0800039e   0x000000de   Code   RO         4006    .text               mf_w.l(ddiv.o)
    0x0800047c   0x0800047c   0x00000012   Code   RO         4008    .text               mf_w.l(fflti.o)
    0x0800048e   0x0800048e   0x00000022   Code   RO         4010    .text               mf_w.l(dflti.o)
    0x080004b0   0x080004b0   0x0000001a   Code   RO         4012    .text               mf_w.l(dfltui.o)
    0x080004ca   0x080004ca   0x00000032   Code   RO         4014    .text               mf_w.l(ffixi.o)
    0x080004fc   0x080004fc   0x0000003e   Code   RO         4018    .text               mf_w.l(dfixi.o)
    0x0800053a   0x0800053a   0x00000026   Code   RO         4020    .text               mf_w.l(f2d.o)
    0x08000560   0x08000560   0x00000038   Code   RO         4022    .text               mf_w.l(d2f.o)
    0x08000598   0x08000598   0x0000002c   Code   RO         4066    .text               mc_w.l(uidiv.o)
    0x080005c4   0x080005c4   0x00000062   Code   RO         4068    .text               mc_w.l(uldiv.o)
    0x08000626   0x08000626   0x0000001e   Code   RO         4070    .text               mc_w.l(llshl.o)
    0x08000644   0x08000644   0x00000020   Code   RO         4072    .text               mc_w.l(llushr.o)
    0x08000664   0x08000664   0x00000024   Code   RO         4074    .text               mc_w.l(llsshr.o)
    0x08000688   0x08000688   0x00000000   Code   RO         4083    .text               mc_w.l(iusefp.o)
    0x08000688   0x08000688   0x0000006e   Code   RO         4084    .text               mf_w.l(fepilogue.o)
    0x080006f6   0x080006f6   0x000000ba   Code   RO         4086    .text               mf_w.l(depilogue.o)
    0x080007b0   0x080007b0   0x00000030   Code   RO         4088    .text               mf_w.l(dfixul.o)
    0x080007e0   0x080007e0   0x00000030   Code   RO         4092    .text               mf_w.l(cdrcmple.o)
    0x08000810   0x08000810   0x00000024   Code   RO         4098    .text               mc_w.l(init.o)
    0x08000834   0x08000834   0x00000004   Code   RO          165    i.BusFault_Handler  stm32f10x_it.o
    0x08000838   0x08000838   0x00000002   Code   RO          166    i.DebugMon_Handler  stm32f10x_it.o
    0x0800083a   0x0800083a   0x00000018   Code   RO         3275    i.Delay_ms          delay.o
    0x08000852   0x08000852   0x0000002e   Code   RO         3277    i.Delay_us          delay.o
    0x08000880   0x08000880   0x00000138   Code   RO         3197    i.Encouder_Init     encouder.o
    0x080009b8   0x080009b8   0x00000116   Code   RO         1379    i.GPIO_Init         stm32f10x_gpio.o
    0x08000ace   0x08000ace   0x00000002   PAD
    0x08000ad0   0x08000ad0   0x00000090   Code   RO         1381    i.GPIO_PinRemapConfig  stm32f10x_gpio.o
    0x08000b60   0x08000b60   0x00000012   Code   RO         1385    i.GPIO_ReadOutputDataBit  stm32f10x_gpio.o
    0x08000b72   0x08000b72   0x00000004   Code   RO         1386    i.GPIO_ResetBits    stm32f10x_gpio.o
    0x08000b76   0x08000b76   0x00000004   Code   RO         1387    i.GPIO_SetBits      stm32f10x_gpio.o
    0x08000b7a   0x08000b7a   0x0000000a   Code   RO         1390    i.GPIO_WriteBit     stm32f10x_gpio.o
    0x08000b84   0x08000b84   0x00000044   Code   RO         3329    i.Get_Motor_Dir_left  motor.o
    0x08000bc8   0x08000bc8   0x00000044   Code   RO         3330    i.Get_Motor_Dir_right  motor.o
    0x08000c0c   0x08000c0c   0x00000054   Code   RO         3198    i.Get_Speed_left    encouder.o
    0x08000c60   0x08000c60   0x00000058   Code   RO         3199    i.Get_Speed_right   encouder.o
    0x08000cb8   0x08000cb8   0x00000070   Code   RO         3653    i.Get_Yaw           mpu6050.o
    0x08000d28   0x08000d28   0x00000004   Code   RO          167    i.HardFault_Handler  stm32f10x_it.o
    0x08000d2c   0x08000d2c   0x00000018   Code   RO         1488    i.I2C_AcknowledgeConfig  stm32f10x_i2c.o
    0x08000d44   0x08000d44   0x0000002a   Code   RO         1490    i.I2C_CheckEvent    stm32f10x_i2c.o
    0x08000d6e   0x08000d6e   0x00000018   Code   RO         1493    i.I2C_Cmd           stm32f10x_i2c.o
    0x08000d86   0x08000d86   0x00000018   Code   RO         1500    i.I2C_GenerateSTART  stm32f10x_i2c.o
    0x08000d9e   0x08000d9e   0x00000018   Code   RO         1501    i.I2C_GenerateSTOP  stm32f10x_i2c.o
    0x08000db6   0x08000db6   0x00000002   PAD
    0x08000db8   0x08000db8   0x000000ec   Code   RO         1507    i.I2C_Init          stm32f10x_i2c.o
    0x08000ea4   0x08000ea4   0x00000008   Code   RO         1512    i.I2C_ReceiveData   stm32f10x_i2c.o
    0x08000eac   0x08000eac   0x00000012   Code   RO         1514    i.I2C_Send7bitAddress  stm32f10x_i2c.o
    0x08000ebe   0x08000ebe   0x00000004   Code   RO         1515    i.I2C_SendData      stm32f10x_i2c.o
    0x08000ec2   0x08000ec2   0x00000002   PAD
    0x08000ec4   0x08000ec4   0x000000b4   Code   RO         3656    i.MPU6050_Init      mpu6050.o
    0x08000f78   0x08000f78   0x00000098   Code   RO         3657    i.MPU6050_ReadReg   mpu6050.o
    0x08001010   0x08001010   0x00000022   Code   RO         3658    i.MPU6050_WaitEvent  mpu6050.o
    0x08001032   0x08001032   0x00000002   PAD
    0x08001034   0x08001034   0x00000064   Code   RO         3659    i.MPU6050_WriteReg  mpu6050.o
    0x08001098   0x08001098   0x00000028   Code   RO           10    i.MY_NVIC_PriorityGroupConfig  main.o
    0x080010c0   0x080010c0   0x00000004   Code   RO          168    i.MemManage_Handler  stm32f10x_it.o
    0x080010c4   0x080010c4   0x00000058   Code   RO         3332    i.Motor_Set         motor.o
    0x0800111c   0x0800111c   0x00000002   Code   RO          169    i.NMI_Handler       stm32f10x_it.o
    0x0800111e   0x0800111e   0x00000002   PAD
    0x08001120   0x08001120   0x00000070   Code   RO          228    i.NVIC_Init         misc.o
    0x08001190   0x08001190   0x0000002a   Code   RO         3539    i.OLED_Clear        oled.o
    0x080011ba   0x080011ba   0x00000002   PAD
    0x080011bc   0x080011bc   0x00000050   Code   RO         3540    i.OLED_I2C_Init     oled.o
    0x0800120c   0x0800120c   0x0000005c   Code   RO         3541    i.OLED_I2C_SendByte  oled.o
    0x08001268   0x08001268   0x00000034   Code   RO         3542    i.OLED_I2C_Start    oled.o
    0x0800129c   0x0800129c   0x00000028   Code   RO         3543    i.OLED_I2C_Stop     oled.o
    0x080012c4   0x080012c4   0x000000ae   Code   RO         3544    i.OLED_Init         oled.o
    0x08001372   0x08001372   0x00000014   Code   RO         3545    i.OLED_Pow          oled.o
    0x08001386   0x08001386   0x00000022   Code   RO         3547    i.OLED_SetCursor    oled.o
    0x080013a8   0x080013a8   0x00000074   Code   RO         3549    i.OLED_ShowChar     oled.o
    0x0800141c   0x0800141c   0x00000066   Code   RO         3552    i.OLED_ShowSignedNum  oled.o
    0x08001482   0x08001482   0x00000028   Code   RO         3553    i.OLED_ShowString   oled.o
    0x080014aa   0x080014aa   0x00000020   Code   RO         3554    i.OLED_WriteCommand  oled.o
    0x080014ca   0x080014ca   0x00000020   Code   RO         3555    i.OLED_WriteData    oled.o
    0x080014ea   0x080014ea   0x00000050   Code   RO         3399    i.PID_common        pid.o
    0x0800153a   0x0800153a   0x00000002   PAD
    0x0800153c   0x0800153c   0x00000148   Code   RO         3299    i.PWM_Init          pwm.o
    0x08001684   0x08001684   0x00000002   Code   RO          170    i.PendSV_Handler    stm32f10x_it.o
    0x08001686   0x08001686   0x00000002   PAD
    0x08001688   0x08001688   0x00000030   Code   RO         3400    i.Pid_Ctrl          pid.o
    0x080016b8   0x080016b8   0x00000058   Code   RO         3401    i.Pid_Which         pid.o
    0x08001710   0x08001710   0x00000020   Code   RO         1795    i.RCC_APB1PeriphClockCmd  stm32f10x_rcc.o
    0x08001730   0x08001730   0x00000020   Code   RO         1797    i.RCC_APB2PeriphClockCmd  stm32f10x_rcc.o
    0x08001750   0x08001750   0x000000d4   Code   RO         1805    i.RCC_GetClocksFreq  stm32f10x_rcc.o
    0x08001824   0x08001824   0x00000002   Code   RO          171    i.SVC_Handler       stm32f10x_it.o
    0x08001826   0x08001826   0x00000008   Code   RO         3241    i.SetSysClock       system_stm32f10x.o
    0x0800182e   0x0800182e   0x00000002   PAD
    0x08001830   0x08001830   0x000000e0   Code   RO         3242    i.SetSysClockTo72   system_stm32f10x.o
    0x08001910   0x08001910   0x00000048   Code   RO         3333    i.Set_Pwm           motor.o
    0x08001958   0x08001958   0x000000a4   Code   RO         3334    i.Steer_Ctrl        motor.o
    0x080019fc   0x080019fc   0x00000002   Code   RO          172    i.SysTick_Handler   stm32f10x_it.o
    0x080019fe   0x080019fe   0x00000002   PAD
    0x08001a00   0x08001a00   0x00000060   Code   RO         3244    i.SystemInit        system_stm32f10x.o
    0x08001a60   0x08001a60   0x00000080   Code   RO         2413    i.TI1_Config        stm32f10x_tim.o
    0x08001ae0   0x08001ae0   0x00000098   Code   RO         2414    i.TI2_Config        stm32f10x_tim.o
    0x08001b78   0x08001b78   0x00000090   Code   RO         2415    i.TI3_Config        stm32f10x_tim.o
    0x08001c08   0x08001c08   0x00000098   Code   RO         2416    i.TI4_Config        stm32f10x_tim.o
    0x08001ca0   0x08001ca0   0x000000cc   Code   RO         3707    i.TIM2_IRQHandler   control.o
    0x08001d6c   0x08001d6c   0x00000018   Code   RO         2429    i.TIM_Cmd           stm32f10x_tim.o
    0x08001d84   0x08001d84   0x00000042   Code   RO         2438    i.TIM_EncoderInterfaceConfig  stm32f10x_tim.o
    0x08001dc6   0x08001dc6   0x00000006   Code   RO         2448    i.TIM_GetCounter    stm32f10x_tim.o
    0x08001dcc   0x08001dcc   0x000000ac   Code   RO         2452    i.TIM_ICInit        stm32f10x_tim.o
    0x08001e78   0x08001e78   0x00000012   Code   RO         2453    i.TIM_ICStructInit  stm32f10x_tim.o
    0x08001e8a   0x08001e8a   0x0000000c   Code   RO         2456    i.TIM_InternalClockConfig  stm32f10x_tim.o
    0x08001e96   0x08001e96   0x00000002   PAD
    0x08001e98   0x08001e98   0x00000098   Code   RO         2458    i.TIM_OC1Init       stm32f10x_tim.o
    0x08001f30   0x08001f30   0x000000a4   Code   RO         2463    i.TIM_OC2Init       stm32f10x_tim.o
    0x08001fd4   0x08001fd4   0x00000014   Code   RO         2476    i.TIM_OCStructInit  stm32f10x_tim.o
    0x08001fe8   0x08001fe8   0x00000004   Code   RO         2490    i.TIM_SetCompare1   stm32f10x_tim.o
    0x08001fec   0x08001fec   0x00000004   Code   RO         2491    i.TIM_SetCompare2   stm32f10x_tim.o
    0x08001ff0   0x08001ff0   0x00000004   Code   RO         2494    i.TIM_SetCounter    stm32f10x_tim.o
    0x08001ff4   0x08001ff4   0x00000012   Code   RO         2495    i.TIM_SetIC1Prescaler  stm32f10x_tim.o
    0x08002006   0x08002006   0x0000001a   Code   RO         2496    i.TIM_SetIC2Prescaler  stm32f10x_tim.o
    0x08002020   0x08002020   0x00000012   Code   RO         2497    i.TIM_SetIC3Prescaler  stm32f10x_tim.o
    0x08002032   0x08002032   0x0000001a   Code   RO         2498    i.TIM_SetIC4Prescaler  stm32f10x_tim.o
    0x0800204c   0x0800204c   0x000000a4   Code   RO         2500    i.TIM_TimeBaseInit  stm32f10x_tim.o
    0x080020f0   0x080020f0   0x000000b0   Code   RO         3478    i.USART1_Init       usart.o
    0x080021a0   0x080021a0   0x00000020   Code   RO         3480    i.USART1_SendByte   usart.o
    0x080021c0   0x080021c0   0x00000040   Code   RO           11    i.USART2_IRQHandler  main.o
    0x08002200   0x08002200   0x000000b4   Code   RO         3482    i.USART2_Init       usart.o
    0x080022b4   0x080022b4   0x000000bc   Code   RO         3483    i.USART3_Init       usart.o
    0x08002370   0x08002370   0x000000b0   Code   RO         3484    i.USART4_Init       usart.o
    0x08002420   0x08002420   0x0000001e   Code   RO         2962    i.USART_ClearITPendingBit  stm32f10x_usart.o
    0x0800243e   0x0800243e   0x00000018   Code   RO         2965    i.USART_Cmd         stm32f10x_usart.o
    0x08002456   0x08002456   0x0000001a   Code   RO         2968    i.USART_GetFlagStatus  stm32f10x_usart.o
    0x08002470   0x08002470   0x00000054   Code   RO         2969    i.USART_GetITStatus  stm32f10x_usart.o
    0x080024c4   0x080024c4   0x0000004a   Code   RO         2971    i.USART_ITConfig    stm32f10x_usart.o
    0x0800250e   0x0800250e   0x00000002   PAD
    0x08002510   0x08002510   0x000000d8   Code   RO         2972    i.USART_Init        stm32f10x_usart.o
    0x080025e8   0x080025e8   0x0000000a   Code   RO         2979    i.USART_ReceiveData  stm32f10x_usart.o
    0x080025f2   0x080025f2   0x00000008   Code   RO         2982    i.USART_SendData    stm32f10x_usart.o
    0x080025fa   0x080025fa   0x00000004   Code   RO          173    i.UsageFault_Handler  stm32f10x_it.o
    0x080025fe   0x080025fe   0x00000002   PAD
    0x08002600   0x08002600   0x00000020   Code   RO         3969    i.__0printf         mc_w.l(printfa.o)
    0x08002620   0x08002620   0x0000000e   Code   RO         4104    i.__scatterload_copy  mc_w.l(handlers.o)
    0x0800262e   0x0800262e   0x00000002   Code   RO         4105    i.__scatterload_null  mc_w.l(handlers.o)
    0x08002630   0x08002630   0x0000000e   Code   RO         4106    i.__scatterload_zeroinit  mc_w.l(handlers.o)
    0x0800263e   0x0800263e   0x00000002   PAD
    0x08002640   0x08002640   0x00000184   Code   RO         3976    i._fp_digits        mc_w.l(printfa.o)
    0x080027c4   0x080027c4   0x000006b4   Code   RO         3977    i._printf_core      mc_w.l(printfa.o)
    0x08002e78   0x08002e78   0x00000024   Code   RO         3978    i._printf_post_padding  mc_w.l(printfa.o)
    0x08002e9c   0x08002e9c   0x0000002e   Code   RO         3979    i._printf_pre_padding  mc_w.l(printfa.o)
    0x08002eca   0x08002eca   0x00000010   Code   RO         3485    i.fputc             usart.o
    0x08002eda   0x08002eda   0x00000038   Code   RO         3441    i.getCrc8           cla.o
    0x08002f12   0x08002f12   0x00000002   PAD
    0x08002f14   0x08002f14   0x0000005c   Code   RO           12    i.main              main.o
    0x08002f70   0x08002f70   0x0000000e   Code   RO         3335    i.myabs             motor.o
    0x08002f7e   0x08002f7e   0x0000000a   Code   RO         3402    i.reset_Uk          pid.o
    0x08002f88   0x08002f88   0x00000220   Code   RO         3442    i.usartReceiveOneData  cla.o
    0x080031a8   0x080031a8   0x00000004   Data   RO         3445    .constdata          cla.o
    0x080031ac   0x080031ac   0x000005f0   Data   RO         3556    .constdata          oled.o
    0x0800379c   0x0800379c   0x00000020   Data   RO         4102    Region$$Table       anon$$obj.o


    Execution Region RW_IRAM1 (Exec base: 0x20000000, Load base: 0x080037bc, Size: 0x000004b0, Max: 0x00010000, ABSOLUTE)

    Exec Addr    Load Addr    Size         Type   Attr      Idx    E Section Name        Object

    0x20000000   0x080037bc   0x00000014   Data   RW         1825    .data               stm32f10x_rcc.o
    0x20000014   0x080037d0   0x00000020   Data   RW         3336    .data               motor.o
    0x20000034   0x080037f0   0x0000001c   Data   RW         3446    .data               cla.o
    0x20000050   0x0800380c   0x00000004   Data   RW         3708    .data               control.o
    0x20000054   0x08003810   0x00000004   Data   RW         4065    .data               mc_w.l(stdout.o)
    0x20000058        -       0x00000048   Zero   RW         3403    .bss                pid.o
    0x200000a0        -       0x00000010   Zero   RW         3444    .bss                cla.o
    0x200000b0        -       0x00000400   Zero   RW            1    STACK               startup_stm32f10x_hd.o


==============================================================================

Image component sizes


      Code (inc. data)   RO Data    RW Data    ZI Data      Debug   Object Name

       600         82          4         28         16       3635   cla.o
       204         54          0          4          0        740   control.o
        70          0          0          0          0        930   delay.o
       484         48          0          0          0       1963   encouder.o
       196         32          0          0          0     262721   main.o
       112         12          0          0          0       1056   misc.o
       474         30          0         32          0       4189   motor.o
       578         44          0          0          0       3570   mpu6050.o
       856         22       1520          0          0       7795   oled.o
       226          8          0          0         72       3266   pid.o
       328         16          0          0          0        875   pwm.o
        36          8        304          0       1024        908   startup_stm32f10x_hd.o
       458          6          0          0          0       5171   stm32f10x_gpio.o
       404         14          0          0          0       7144   stm32f10x_i2c.o
        26          0          0          0          0       3774   stm32f10x_it.o
       276         32          0         20          0       4502   stm32f10x_rcc.o
      1474        180          0          0          0      13949   stm32f10x_tim.o
       472          6          0          0          0       6923   stm32f10x_usart.o
       328         28          0          0          0       2121   system_stm32f10x.o
       768         48          0          0          0       5498   usart.o

    ----------------------------------------------------------------------
      8398        670       1860         84       1112     340730   Object Totals
         0          0         32          0          0          0   (incl. Generated)
        28          0          0          0          0          0   (incl. Padding)

    ----------------------------------------------------------------------

      Code (inc. data)   RO Data    RW Data    ZI Data      Debug   Library Member Name

         0          0          0          0          0          0   entry.o
         0          0          0          0          0          0   entry10a.o
         0          0          0          0          0          0   entry11a.o
         4          0          0          0          0          0   entry12b.o
         8          4          0          0          0          0   entry2.o
         4          0          0          0          0          0   entry5.o
         0          0          0          0          0          0   entry7b.o
         0          0          0          0          0          0   entry8b.o
         8          4          0          0          0          0   entry9a.o
        30          0          0          0          0          0   handlers.o
        36          8          0          0          0         68   init.o
         0          0          0          0          0          0   iusefp.o
        30          0          0          0          0         68   llshl.o
        36          0          0          0          0         68   llsshr.o
        32          0          0          0          0         68   llushr.o
      2218         90          0          0          0        464   printfa.o
         0          0          0          4          0          0   stdout.o
        44          0          0          0          0         80   uidiv.o
        98          0          0          0          0         92   uldiv.o
        48          0          0          0          0         68   cdrcmple.o
        56          0          0          0          0         88   d2f.o
       334          0          0          0          0        148   dadd.o
       222          0          0          0          0        100   ddiv.o
       186          0          0          0          0        176   depilogue.o
        62          0          0          0          0         80   dfixi.o
        48          0          0          0          0         68   dfixul.o
        34          0          0          0          0         76   dflti.o
        26          0          0          0          0         76   dfltui.o
       228          0          0          0          0         96   dmul.o
        38          0          0          0          0         68   f2d.o
       110          0          0          0          0        168   fepilogue.o
        50          0          0          0          0         68   ffixi.o
        18          0          0          0          0         68   fflti.o

    ----------------------------------------------------------------------
      4010        106          0          4          0       2256   Library Totals
         2          0          0          0          0          0   (incl. Padding)

    ----------------------------------------------------------------------

      Code (inc. data)   RO Data    RW Data    ZI Data      Debug   Library Name

      2548        106          0          4          0        908   mc_w.l
      1460          0          0          0          0       1348   mf_w.l

    ----------------------------------------------------------------------
      4010        106          0          4          0       2256   Library Totals

    ----------------------------------------------------------------------

==============================================================================


      Code (inc. data)   RO Data    RW Data    ZI Data      Debug   

     12408        776       1860         88       1112     336638   Grand Totals
     12408        776       1860         88       1112     336638   ELF Image Totals
     12408        776       1860         88          0          0   ROM Totals

==============================================================================

    Total RO  Size (Code + RO Data)                14268 (  13.93kB)
    Total RW  Size (RW Data + ZI Data)              1200 (   1.17kB)
    Total ROM Size (Code + RO Data + RW Data)      14356 (  14.02kB)

==============================================================================

